../Core/Src/stm32f1xx_it.c:75:6:NMI_Handler	4	static
../Core/Src/stm32f1xx_it.c:90:6:HardFault_Handler	4	static
../Core/Src/stm32f1xx_it.c:105:6:MemManage_Handler	4	static
../Core/Src/stm32f1xx_it.c:120:6:BusFault_Handler	4	static
../Core/Src/stm32f1xx_it.c:135:6:UsageFault_Handler	4	static
../Core/Src/stm32f1xx_it.c:150:6:SVC_Handler	4	static
../Core/Src/stm32f1xx_it.c:163:6:DebugMon_Handler	4	static
../Core/Src/stm32f1xx_it.c:176:6:PendSV_Handler	4	static
../Core/Src/stm32f1xx_it.c:189:6:SysTick_Handler	8	static
../Core/Src/stm32f1xx_it.c:210:6:EXTI0_IRQHandler	8	static
../Core/Src/stm32f1xx_it.c:233:6:EXTI1_IRQHandler	8	static
../Core/Src/stm32f1xx_it.c:247:6:EXTI2_IRQHandler	8	static
../Core/Src/stm32f1xx_it.c:261:6:EXTI3_IRQHandler	8	static
../Core/Src/stm32f1xx_it.c:275:6:EXTI4_IRQHandler	8	static
../Core/Src/stm32f1xx_it.c:289:6:DMA1_Channel4_IRQHandler	8	static
../Core/Src/stm32f1xx_it.c:303:6:DMA1_Channel5_IRQHandler	8	static
../Core/Src/stm32f1xx_it.c:317:6:EXTI9_5_IRQHandler	8	static
../Core/Src/stm32f1xx_it.c:331:6:TIM1_BRK_IRQHandler	8	static
../Core/Src/stm32f1xx_it.c:344:6:TIM4_IRQHandler	16	static
