../Core/Src/stm32f1xx_it.c:77:6:NMI_Handler	4	static
../Core/Src/stm32f1xx_it.c:92:6:HardFault_Handler	4	static
../Core/Src/stm32f1xx_it.c:107:6:MemManage_Handler	4	static
../Core/Src/stm32f1xx_it.c:122:6:BusFault_Handler	4	static
../Core/Src/stm32f1xx_it.c:137:6:UsageFault_Handler	4	static
../Core/Src/stm32f1xx_it.c:152:6:SVC_Handler	4	static
../Core/Src/stm32f1xx_it.c:165:6:DebugMon_Handler	4	static
../Core/Src/stm32f1xx_it.c:178:6:PendSV_Handler	4	static
../Core/Src/stm32f1xx_it.c:191:6:SysTick_Handler	8	static
../Core/Src/stm32f1xx_it.c:212:6:EXTI0_IRQHandler	8	static
../Core/Src/stm32f1xx_it.c:235:6:EXTI1_IRQHandler	8	static
../Core/Src/stm32f1xx_it.c:249:6:EXTI2_IRQHandler	8	static
../Core/Src/stm32f1xx_it.c:263:6:EXTI3_IRQHandler	8	static
../Core/Src/stm32f1xx_it.c:277:6:EXTI4_IRQHandler	8	static
../Core/Src/stm32f1xx_it.c:291:6:DMA1_Channel4_IRQHandler	8	static
../Core/Src/stm32f1xx_it.c:305:6:DMA1_Channel5_IRQHandler	8	static
../Core/Src/stm32f1xx_it.c:319:6:EXTI9_5_IRQHandler	8	static
../Core/Src/stm32f1xx_it.c:333:6:TIM1_BRK_IRQHandler	8	static
../Core/Src/stm32f1xx_it.c:346:6:TIM4_IRQHandler	16	static
