../Core/Src/stm32f4xx_it.c:160:6:NMI_Handler	4	static
../Core/Src/stm32f4xx_it.c:175:6:HardFault_Handler	4	static
../Core/Src/stm32f4xx_it.c:190:6:MemManage_Handler	4	static
../Core/Src/stm32f4xx_it.c:205:6:BusFault_Handler	4	static
../Core/Src/stm32f4xx_it.c:220:6:UsageFault_Handler	4	static
../Core/Src/stm32f4xx_it.c:235:6:SVC_Handler	4	static
../Core/Src/stm32f4xx_it.c:248:6:DebugMon_Handler	4	static
../Core/Src/stm32f4xx_it.c:261:6:PendSV_Handler	4	static
../Core/Src/stm32f4xx_it.c:274:6:SysTick_Handler	8	static
../Core/Src/stm32f4xx_it.c:295:6:EXTI0_IRQHandler	8	static
../Core/Src/stm32f4xx_it.c:316:6:EXTI2_IRQHandler	8	static
../Core/Src/stm32f4xx_it.c:337:6:EXTI4_IRQHandler	8	static
../Core/Src/stm32f4xx_it.c:358:6:TIM3_IRQHandler	16	static
../Core/Src/stm32f4xx_it.c:397:6:TIM4_IRQHandler	32	static
../Core/Src/stm32f4xx_it.c:514:6:OTG_FS_IRQHandler	24	static
