Archive member included to satisfy reference by file (symbol)

c:/st/stm32cubeide_1.11.0/stm32cubeide/plugins/com.st.stm32cube.ide.mcu.externaltools.gnu-tools-for-stm32.10.3-2021.10.win32_1.0.100.202210260954/tools/bin/../lib/gcc/arm-none-eabi/10.3.1/../../../../arm-none-eabi/lib/thumb/v7e-m+fp/hard\libc_nano.a(lib_a-errno.o)
                              ./Core/Src/syscalls.o (__errno)
c:/st/stm32cubeide_1.11.0/stm32cubeide/plugins/com.st.stm32cube.ide.mcu.externaltools.gnu-tools-for-stm32.10.3-2021.10.win32_1.0.100.202210260954/tools/bin/../lib/gcc/arm-none-eabi/10.3.1/../../../../arm-none-eabi/lib/thumb/v7e-m+fp/hard\libc_nano.a(lib_a-exit.o)
                              c:/st/stm32cubeide_1.11.0/stm32cubeide/plugins/com.st.stm32cube.ide.mcu.externaltools.gnu-tools-for-stm32.10.3-2021.10.win32_1.0.100.202210260954/tools/bin/../lib/gcc/arm-none-eabi/10.3.1/../../../../arm-none-eabi/lib/thumb/v7e-m+fp/hard/crt0.o (exit)
c:/st/stm32cubeide_1.11.0/stm32cubeide/plugins/com.st.stm32cube.ide.mcu.externaltools.gnu-tools-for-stm32.10.3-2021.10.win32_1.0.100.202210260954/tools/bin/../lib/gcc/arm-none-eabi/10.3.1/../../../../arm-none-eabi/lib/thumb/v7e-m+fp/hard\libc_nano.a(lib_a-impure.o)
                              c:/st/stm32cubeide_1.11.0/stm32cubeide/plugins/com.st.stm32cube.ide.mcu.externaltools.gnu-tools-for-stm32.10.3-2021.10.win32_1.0.100.202210260954/tools/bin/../lib/gcc/arm-none-eabi/10.3.1/../../../../arm-none-eabi/lib/thumb/v7e-m+fp/hard\libc_nano.a(lib_a-exit.o) (_global_impure_ptr)
c:/st/stm32cubeide_1.11.0/stm32cubeide/plugins/com.st.stm32cube.ide.mcu.externaltools.gnu-tools-for-stm32.10.3-2021.10.win32_1.0.100.202210260954/tools/bin/../lib/gcc/arm-none-eabi/10.3.1/../../../../arm-none-eabi/lib/thumb/v7e-m+fp/hard\libc_nano.a(lib_a-init.o)
                              c:/st/stm32cubeide_1.11.0/stm32cubeide/plugins/com.st.stm32cube.ide.mcu.externaltools.gnu-tools-for-stm32.10.3-2021.10.win32_1.0.100.202210260954/tools/bin/../lib/gcc/arm-none-eabi/10.3.1/../../../../arm-none-eabi/lib/thumb/v7e-m+fp/hard/crt0.o (__libc_init_array)
c:/st/stm32cubeide_1.11.0/stm32cubeide/plugins/com.st.stm32cube.ide.mcu.externaltools.gnu-tools-for-stm32.10.3-2021.10.win32_1.0.100.202210260954/tools/bin/../lib/gcc/arm-none-eabi/10.3.1/../../../../arm-none-eabi/lib/thumb/v7e-m+fp/hard\libc_nano.a(lib_a-memset.o)
                              c:/st/stm32cubeide_1.11.0/stm32cubeide/plugins/com.st.stm32cube.ide.mcu.externaltools.gnu-tools-for-stm32.10.3-2021.10.win32_1.0.100.202210260954/tools/bin/../lib/gcc/arm-none-eabi/10.3.1/../../../../arm-none-eabi/lib/thumb/v7e-m+fp/hard/crt0.o (memset)
c:/st/stm32cubeide_1.11.0/stm32cubeide/plugins/com.st.stm32cube.ide.mcu.externaltools.gnu-tools-for-stm32.10.3-2021.10.win32_1.0.100.202210260954/tools/bin/../lib/gcc/arm-none-eabi/10.3.1/../../../../arm-none-eabi/lib/thumb/v7e-m+fp/hard\libc_nano.a(lib_a-strcmp.o)
                              ./Core/Src/stm32f4xx_it.o (strcmp)
c:/st/stm32cubeide_1.11.0/stm32cubeide/plugins/com.st.stm32cube.ide.mcu.externaltools.gnu-tools-for-stm32.10.3-2021.10.win32_1.0.100.202210260954/tools/bin/../lib/gcc/arm-none-eabi/10.3.1/../../../../arm-none-eabi/lib/thumb/v7e-m+fp/hard\libm.a(lib_a-s_atan.o)
                              ./Core/Src/main.o (atan)
c:/st/stm32cubeide_1.11.0/stm32cubeide/plugins/com.st.stm32cube.ide.mcu.externaltools.gnu-tools-for-stm32.10.3-2021.10.win32_1.0.100.202210260954/tools/bin/../lib/gcc/arm-none-eabi/10.3.1/../../../../arm-none-eabi/lib/thumb/v7e-m+fp/hard\libm.a(lib_a-s_cos.o)
                              ./Core/Src/main.o (cos)
c:/st/stm32cubeide_1.11.0/stm32cubeide/plugins/com.st.stm32cube.ide.mcu.externaltools.gnu-tools-for-stm32.10.3-2021.10.win32_1.0.100.202210260954/tools/bin/../lib/gcc/arm-none-eabi/10.3.1/../../../../arm-none-eabi/lib/thumb/v7e-m+fp/hard\libm.a(lib_a-s_fabs.o)
                              c:/st/stm32cubeide_1.11.0/stm32cubeide/plugins/com.st.stm32cube.ide.mcu.externaltools.gnu-tools-for-stm32.10.3-2021.10.win32_1.0.100.202210260954/tools/bin/../lib/gcc/arm-none-eabi/10.3.1/../../../../arm-none-eabi/lib/thumb/v7e-m+fp/hard\libm.a(lib_a-s_atan.o) (fabs)
c:/st/stm32cubeide_1.11.0/stm32cubeide/plugins/com.st.stm32cube.ide.mcu.externaltools.gnu-tools-for-stm32.10.3-2021.10.win32_1.0.100.202210260954/tools/bin/../lib/gcc/arm-none-eabi/10.3.1/../../../../arm-none-eabi/lib/thumb/v7e-m+fp/hard\libm.a(lib_a-s_sin.o)
                              ./Core/Src/main.o (sin)
c:/st/stm32cubeide_1.11.0/stm32cubeide/plugins/com.st.stm32cube.ide.mcu.externaltools.gnu-tools-for-stm32.10.3-2021.10.win32_1.0.100.202210260954/tools/bin/../lib/gcc/arm-none-eabi/10.3.1/../../../../arm-none-eabi/lib/thumb/v7e-m+fp/hard\libm.a(lib_a-w_acos.o)
                              ./Core/Src/main.o (acos)
[...]
Memory Configuration

Name             Origin             Length             Attributes
RAM              0x0000000020000000 0x0000000000010000 xrw
FLASH            0x0000000008000000 0x0000000000040000 xr
*default*        0x0000000000000000 0xffffffffffffffff

Linker script and memory map

LOAD c:/st/stm32cubeide_1.11.0/stm32cubeide/plugins/com.st.stm32cube.ide.mcu.externaltools.gnu-tools-for-stm32.10.3-2021.10.win32_1.0.100.202210260954/tools/bin/../lib/gcc/arm-none-eabi/10.3.1/thumb/v7e-m+fp/hard/crti.o
LOAD c:/st/stm32cubeide_1.11.0/stm32cubeide/plugins/com.st.stm32cube.ide.mcu.externaltools.gnu-tools-for-stm32.10.3-2021.10.win32_1.0.100.202210260954/tools/bin/../lib/gcc/arm-none-eabi/10.3.1/thumb/v7e-m+fp/hard/crtbegin.o
LOAD c:/st/stm32cubeide_1.11.0/stm32cubeide/plugins/com.st.stm32cube.ide.mcu.externaltools.gnu-tools-for-stm32.10.3-2021.10.win32_1.0.100.202210260954/tools/bin/../lib/gcc/arm-none-eabi/10.3.1/../../../../arm-none-eabi/lib/thumb/v7e-m+fp/hard/crt0.o
LOAD ./Core/Src/main.o
LOAD ./Core/Src/stm32f4xx_hal_msp.o
LOAD ./Core/Src/stm32f4xx_it.o
LOAD ./Core/Src/syscalls.o
LOAD ./Core/Src/sysmem.o
LOAD ./Core/Src/system_stm32f4xx.o
LOAD ./Core/Startup/startup_stm32f401ccux.o
LOAD ./Drivers/STM32F4xx_HAL_Driver/Src/stm32f4xx_hal.o
LOAD ./Drivers/STM32F4xx_HAL_Driver/Src/stm32f4xx_hal_cortex.o
LOAD ./Drivers/STM32F4xx_HAL_Driver/Src/stm32f4xx_hal_dma.o
LOAD ./Drivers/STM32F4xx_HAL_Driver/Src/stm32f4xx_hal_dma_ex.o
LOAD ./Drivers/STM32F4xx_HAL_Driver/Src/stm32f4xx_hal_exti.o
LOAD ./Drivers/STM32F4xx_HAL_Driver/Src/stm32f4xx_hal_flash.o
LOAD ./Drivers/STM32F4xx_HAL_Driver/Src/stm32f4xx_hal_flash_ex.o
LOAD ./Drivers/STM32F4xx_HAL_Driver/Src/stm32f4xx_hal_flash_ramfunc.o
LOAD ./Drivers/STM32F4xx_HAL_Driver/Src/stm32f4xx_hal_gpio.o
LOAD ./Drivers/STM32F4xx_HAL_Driver/Src/stm32f4xx_hal_pcd.o
LOAD ./Drivers/STM32F4xx_HAL_Driver/Src/stm32f4xx_hal_pcd_ex.o
LOAD ./Drivers/STM32F4xx_HAL_Driver/Src/stm32f4xx_hal_pwr.o
LOAD ./Drivers/STM32F4xx_HAL_Driver/Src/stm32f4xx_hal_pwr_ex.o
LOAD ./Drivers/STM32F4xx_HAL_Driver/Src/stm32f4xx_hal_rcc.o
LOAD ./Drivers/STM32F4xx_HAL_Driver/Src/stm32f4xx_hal_rcc_ex.o
LOAD ./Drivers/STM32F4xx_HAL_Driver/Src/stm32f4xx_hal_tim.o
LOAD ./Drivers/STM32F4xx_HAL_Driver/Src/stm32f4xx_hal_tim_ex.o
LOAD ./Drivers/STM32F4xx_HAL_Driver/Src/stm32f4xx_ll_usb.o
LOAD ./Middlewares/ST/STM32_USB_Device_Library/Class/CDC/Src/usbd_cdc.o
LOAD ./Middlewares/ST/STM32_USB_Device_Library/Core/Src/usbd_core.o
LOAD ./Middlewares/ST/STM32_USB_Device_Library/Core/Src/usbd_ctlreq.o
LOAD ./Middlewares/ST/STM32_USB_Device_Library/Core/Src/usbd_ioreq.o
LOAD ./USB_DEVICE/App/usb_device.o
LOAD ./USB_DEVICE/App/usbd_cdc_if.o
LOAD ./USB_DEVICE/App/usbd_desc.o
LOAD ./USB_DEVICE/Target/usbd_conf.o
START GROUP
LOAD c:/st/stm32cubeide_1.11.0/stm32cubeide/plugins/com.st.stm32cube.ide.mcu.externaltools.gnu-tools-for-stm32.10.3-2021.10.win32_1.0.100.202210260954/tools/bin/../lib/gcc/arm-none-eabi/10.3.1/../../../../arm-none-eabi/lib/thumb/v7e-m+fp/hard\libc_nano.a
LOAD c:/st/stm32cubeide_1.11.0/stm32cubeide/plugins/com.st.stm32cube.ide.mcu.externaltools.gnu-tools-for-stm32.10.3-2021.10.win32_1.0.100.202210260954/tools/bin/../lib/gcc/arm-none-eabi/10.3.1/../../../../arm-none-eabi/lib/thumb/v7e-m+fp/hard\libm.a
END GROUP
START GROUP
LOAD c:/st/stm32cubeide_1.11.0/stm32cubeide/plugins/com.st.stm32cube.ide.mcu.externaltools.gnu-tools-for-stm32.10.3-2021.10.win32_1.0.100.202210260954/tools/bin/../lib/gcc/arm-none-eabi/10.3.1/thumb/v7e-m+fp/hard\libgcc.a
LOAD c:/st/stm32cubeide_1.11.0/stm32cubeide/plugins/com.st.stm32cube.ide.mcu.externaltools.gnu-tools-for-stm32.10.3-2021.10.win32_1.0.100.202210260954/tools/bin/../lib/gcc/arm-none-eabi/10.3.1/../../../../arm-none-eabi/lib/thumb/v7e-m+fp/hard\libc_nano.a
END GROUP
START GROUP
LOAD c:/st/stm32cubeide_1.11.0/stm32cubeide/plugins/com.st.stm32cube.ide.mcu.externaltools.gnu-tools-for-stm32.10.3-2021.10.win32_1.0.100.202210260954/tools/bin/../lib/gcc/arm-none-eabi/10.3.1/thumb/v7e-m+fp/hard\libgcc.a
LOAD c:/st/stm32cubeide_1.11.0/stm32cubeide/plugins/com.st.stm32cube.ide.mcu.externaltools.gnu-tools-for-stm32.10.3-2021.10.win32_1.0.100.202210260954/tools/bin/../lib/gcc/arm-none-eabi/10.3.1/../../../../arm-none-eabi/lib/thumb/v7e-m+fp/hard\libc_nano.a
LOAD c:/st/stm32cubeide_1.11.0/stm32cubeide/plugins/com.st.stm32cube.ide.mcu.externaltools.gnu-tools-for-stm32.10.3-2021.10.win32_1.0.100.202210260954/tools/bin/../lib/gcc/arm-none-eabi/10.3.1/../../../../arm-none-eabi/lib/thumb/v7e-m+fp/hard\libnosys.a
END GROUP
START GROUP
LOAD c:/st/stm32cubeide_1.11.0/stm32cubeide/plugins/com.st.stm32cube.ide.mcu.externaltools.gnu-tools-for-stm32.10.3-2021.10.win32_1.0.100.202210260954/tools/bin/../lib/gcc/arm-none-eabi/10.3.1/thumb/v7e-m+fp/hard\libgcc.a
LOAD c:/st/stm32cubeide_1.11.0/stm32cubeide/plugins/com.st.stm32cube.ide.mcu.externaltools.gnu-tools-for-stm32.10.3-2021.10.win32_1.0.100.202210260954/tools/bin/../lib/gcc/arm-none-eabi/10.3.1/../../../../arm-none-eabi/lib/thumb/v7e-m+fp/hard\libc_nano.a
LOAD c:/st/stm32cubeide_1.11.0/stm32cubeide/plugins/com.st.stm32cube.ide.mcu.externaltools.gnu-tools-for-stm32.10.3-2021.10.win32_1.0.100.202210260954/tools/bin/../lib/gcc/arm-none-eabi/10.3.1/../../../../arm-none-eabi/lib/thumb/v7e-m+fp/hard\libnosys.a
END GROUP
LOAD c:/st/stm32cubeide_1.11.0/stm32cubeide/plugins/com.st.stm32cube.ide.mcu.externaltools.gnu-tools-for-stm32.10.3-2021.10.win32_1.0.100.202210260954/tools/bin/../lib/gcc/arm-none-eabi/10.3.1/thumb/v7e-m+fp/hard/crtend.o
LOAD c:/st/stm32cubeide_1.11.0/stm32cubeide/plugins/com.st.stm32cube.ide.mcu.externaltools.gnu-tools-for-stm32.10.3-2021.10.win32_1.0.100.202210260954/tools/bin/../lib/gcc/arm-none-eabi/10.3.1/thumb/v7e-m+fp/hard/crtn.o
                0x0000000020010000                _estack = (ORIGIN (RAM) + LENGTH (RAM))
                0x0000000000000200                _Min_Heap_Size = 0x200
                0x0000000000000400                _Min_Stack_Size = 0x400

.isr_vector     0x0000000008000000      0x194
                0x0000000008000000                . = ALIGN (0x4)
 *(.isr_vector)
 .isr_vector    0x0000000008000000      0x194 ./Core/Startup/startup_stm32f401ccux.o
                0x0000000008000000                g_pfnVectors
                0x0000000008000194                . = ALIGN (0x4)

.text           0x0000000008000198     0xbc04
                0x0000000008000198                . = ALIGN (0x4)
 *(.text)
 .text          0x0000000008000198       0x40 c:/st/stm32cubeide_1.11.0/stm32cubeide/plugins/com.st.stm32cube.ide.mcu.externaltools.gnu-tools-for-stm32.10.3-2021.10.win32_1.0.100.202210260954/tools/bin/../lib/gcc/arm-none-eabi/10.3.1/thumb/v7e-m+fp/hard/crtbegin.o
 .text          0x00000000080001d8       0x14 c:/st/stm32cubeide_1.11.0/stm32cubeide/plugins/com.st.stm32cube.ide.mcu.externaltools.gnu-tools-for-stm32.10.3-2021.10.win32_1.0.100.202210260954/tools/bin/../lib/gcc/arm-none-eabi/10.3.1/../../../../arm-none-eabi/lib/thumb/v7e-m+fp/hard\libc_nano.a(lib_a-strcmp.o)
                0x00000000080001d8                strcmp
 .text          0x00000000080001ec      0x378 c:/st/stm32cubeide_1.11.0/stm32cubeide/plugins/com.st.stm32cube.ide.mcu.externaltools.gnu-tools-for-stm32.10.3-2021.10.win32_1.0.100.202210260954/tools/bin/../lib/gcc/arm-none-eabi/10.3.1/thumb/v7e-m+fp/hard\libgcc.a(_arm_addsubdf3.o)
                0x00000000080001ec                __aeabi_drsub
                0x00000000080001f4                __aeabi_dsub
                0x00000000080001f4                __subdf3
                0x00000000080001f8                __aeabi_dadd
                0x00000000080001f8                __adddf3
                0x0000000008000470                __floatunsidf
                0x0000000008000470                __aeabi_ui2d
                0x0000000008000490                __floatsidf
                0x0000000008000490                __aeabi_i2d
                0x00000000080004b4                __aeabi_f2d
                0x00000000080004b4                __extendsfdf2
                0x00000000080004f8                __floatundidf
                0x00000000080004f8                __aeabi_ul2d
                0x0000000008000508                __floatdidf
                0x0000000008000508                __aeabi_l2d
 .text          0x0000000008000564      0x424 c:/st/stm32cubeide_1.11.0/stm32cubeide/plugins/com.st.stm32cube.ide.mcu.externaltools.gnu-tools-for-stm32.10.3-2021.10.win32_1.0.100.202210260954/tools/bin/../lib/gcc/arm-none-eabi/10.3.1/thumb/v7e-m+fp/hard\libgcc.a(_arm_muldivdf3.o)
                0x0000000008000564                __aeabi_dmul
                0x0000000008000564                __muldf3
                0x00000000080007b8                __divdf3
                0x00000000080007b8                __aeabi_ddiv
 .text          0x0000000008000988      0x110 c:/st/stm32cubeide_1.11.0/stm32cubeide/plugins/com.st.stm32cube.ide.mcu.externaltools.gnu-tools-for-stm32.10.3-2021.10.win32_1.0.100.202210260954/tools/bin/../lib/gcc/arm-none-eabi/10.3.1/thumb/v7e-m+fp/hard\libgcc.a(_arm_cmpdf2.o)
                0x0000000008000988                __gtdf2
                0x0000000008000988                __gedf2
                0x0000000008000990                __ltdf2
                0x0000000008000990                __ledf2
                0x0000000008000998                __nedf2
                0x0000000008000998                __eqdf2
                0x0000000008000998                __cmpdf2
                0x0000000008000a14                __aeabi_cdrcmple
                0x0000000008000a24                __aeabi_cdcmpeq
                0x0000000008000a24                __aeabi_cdcmple
                0x0000000008000a34                __aeabi_dcmpeq
                0x0000000008000a48                __aeabi_dcmplt
                0x0000000008000a5c                __aeabi_dcmple
                0x0000000008000a70                __aeabi_dcmpge
                0x0000000008000a84                __aeabi_dcmpgt
 .text          0x0000000008000a98       0x2c c:/st/stm32cubeide_1.11.0/stm32cubeide/plugins/com.st.stm32cube.ide.mcu.externaltools.gnu-tools-for-stm32.10.3-2021.10.win32_1.0.100.202210260954/tools/bin/../lib/gcc/arm-none-eabi/10.3.1/thumb/v7e-m+fp/hard\libgcc.a(_arm_unorddf2.o)
                0x0000000008000a98                __unorddf2
                0x0000000008000a98                __aeabi_dcmpun
 .text          0x0000000008000ac4       0x50 c:/st/stm32cubeide_1.11.0/stm32cubeide/plugins/com.st.stm32cube.ide.mcu.externaltools.gnu-tools-for-stm32.10.3-2021.10.win32_1.0.100.202210260954/tools/bin/../lib/gcc/arm-none-eabi/10.3.1/thumb/v7e-m+fp/hard\libgcc.a(_arm_fixdfsi.o)
                0x0000000008000ac4                __aeabi_d2iz
                0x0000000008000ac4                __fixdfsi
 .text          0x0000000008000b14       0xa0 c:/st/stm32cubeide_1.11.0/stm32cubeide/plugins/com.st.stm32cube.ide.mcu.externaltools.gnu-tools-for-stm32.10.3-2021.10.win32_1.0.100.202210260954/tools/bin/../lib/gcc/arm-none-eabi/10.3.1/thumb/v7e-m+fp/hard\libgcc.a(_arm_truncdfsf2.o)
                0x0000000008000b14                __truncdfsf2
                0x0000000008000b14                __aeabi_d2f
 .text          0x0000000008000bb4       0x30 c:/st/stm32cubeide_1.11.0/stm32cubeide/plugins/com.st.stm32cube.ide.mcu.externaltools.gnu-tools-for-stm32.10.3-2021.10.win32_1.0.100.202210260954/tools/bin/../lib/gcc/arm-none-eabi/10.3.1/thumb/v7e-m+fp/hard\libgcc.a(_aeabi_uldivmod.o)
                0x0000000008000bb4                __aeabi_uldivmod
 .text          0x0000000008000be4      0x2d0 c:/st/stm32cubeide_1.11.0/stm32cubeide/plugins/com.st.stm32cube.ide.mcu.externaltools.gnu-tools-for-stm32.10.3-2021.10.win32_1.0.100.202210260954/tools/bin/../lib/gcc/arm-none-eabi/10.3.1/thumb/v7e-m+fp/hard\libgcc.a(_udivmoddi4.o)
                0x0000000008000be4                __udivmoddi4
 .text          0x0000000008000eb4        0x4 c:/st/stm32cubeide_1.11.0/stm32cubeide/plugins/com.st.stm32cube.ide.mcu.externaltools.gnu-tools-for-stm32.10.3-2021.10.win32_1.0.100.202210260954/tools/bin/../lib/gcc/arm-none-eabi/10.3.1/thumb/v7e-m+fp/hard\libgcc.a(_dvmd_tls.o)
                0x0000000008000eb4                __aeabi_idiv0
                0x0000000008000eb4                __aeabi_ldiv0
 *(.text*)
 .text.main     0x0000000008000eb8       0x70 ./Core/Src/main.o
                0x0000000008000eb8                main
 .text.SystemClock_Config
                0x0000000008000f28       0xd4 ./Core/Src/main.o
                0x0000000008000f28                SystemClock_Config
 .text.MX_TIM1_Init
                0x0000000008000ffc      0x170 ./Core/Src/main.o
 .text.MX_TIM3_Init
                0x000000000800116c       0x9c ./Core/Src/main.o
 .text.MX_TIM4_Init
                0x0000000008001208       0x9c ./Core/Src/main.o
 .text.MX_GPIO_Init
                0x00000000080012a4      0x154 ./Core/Src/main.o
 .text.inverse_kinematics
                0x00000000080013f8      0x318 ./Core/Src/main.o
                0x00000000080013f8                inverse_kinematics
 .text.forward_kinematics
                0x0000000008001710       0xfc ./Core/Src/main.o
                0x0000000008001710                forward_kinematics
 .text.inverse_cos_theorem
                0x000000000800180c       0xf6 ./Core/Src/main.o
                0x000000000800180c                inverse_cos_theorem
 *fill*         0x0000000008001902        0x6 
 .text.forward_cos_theorem
                0x0000000008001908       0x90 ./Core/Src/main.o
                0x0000000008001908                forward_cos_theorem
 .text.Error_Handler
                0x0000000008001998       0x28 ./Core/Src/main.o
                0x0000000008001998                Error_Handler
 .text.HAL_MspInit
                0x00000000080019c0       0x50 ./Core/Src/stm32f4xx_hal_msp.o
                0x00000000080019c0                HAL_MspInit
 .text.HAL_TIM_Base_MspInit
                0x0000000008001a10       0xb8 ./Core/Src/stm32f4xx_hal_msp.o
                0x0000000008001a10                HAL_TIM_Base_MspInit
 .text.HAL_TIM_MspPostInit
                0x0000000008001ac8       0x74 ./Core/Src/stm32f4xx_hal_msp.o
                0x0000000008001ac8                HAL_TIM_MspPostInit
 .text.NMI_Handler
                0x0000000008001b3c        0x6 ./Core/Src/stm32f4xx_it.o
                0x0000000008001b3c                NMI_Handler
 .text.HardFault_Handler
                0x0000000008001b42        0x6 ./Core/Src/stm32f4xx_it.o
                0x0000000008001b42                HardFault_Handler
 .text.MemManage_Handler
                0x0000000008001b48        0x6 ./Core/Src/stm32f4xx_it.o
                0x0000000008001b48                MemManage_Handler
 .text.BusFault_Handler
                0x0000000008001b4e        0x6 ./Core/Src/stm32f4xx_it.o
                0x0000000008001b4e                BusFault_Handler
 .text.UsageFault_Handler
                0x0000000008001b54        0x6 ./Core/Src/stm32f4xx_it.o
                0x0000000008001b54                UsageFault_Handler
 .text.SVC_Handler
                0x0000000008001b5a        0xe ./Core/Src/stm32f4xx_it.o
                0x0000000008001b5a                SVC_Handler
 .text.DebugMon_Handler
                0x0000000008001b68        0xe ./Core/Src/stm32f4xx_it.o
                0x0000000008001b68                DebugMon_Handler
 .text.PendSV_Handler
                0x0000000008001b76        0xe ./Core/Src/stm32f4xx_it.o
                0x0000000008001b76                PendSV_Handler
 .text.SysTick_Handler
                0x0000000008001b84        0xc ./Core/Src/stm32f4xx_it.o
                0x0000000008001b84                SysTick_Handler
 .text.EXTI0_IRQHandler
                0x0000000008001b90       0xb4 ./Core/Src/stm32f4xx_it.o
                0x0000000008001b90                EXTI0_IRQHandler
 .text.EXTI2_IRQHandler
                0x0000000008001c44       0xb4 ./Core/Src/stm32f4xx_it.o
                0x0000000008001c44                EXTI2_IRQHandler
 .text.EXTI4_IRQHandler
                0x0000000008001cf8       0xb4 ./Core/Src/stm32f4xx_it.o
                0x0000000008001cf8                EXTI4_IRQHandler
 .text.TIM3_IRQHandler
                0x0000000008001dac      0x160 ./Core/Src/stm32f4xx_it.o
                0x0000000008001dac                TIM3_IRQHandler
 *fill*         0x0000000008001f0c        0x4 
 .text.TIM4_IRQHandler
                0x0000000008001f10      0x730 ./Core/Src/stm32f4xx_it.o
                0x0000000008001f10                TIM4_IRQHandler
 .text.OTG_FS_IRQHandler
                0x0000000008002640      0x3d0 ./Core/Src/stm32f4xx_it.o
                0x0000000008002640                OTG_FS_IRQHandler
 .text.SystemInit
                0x0000000008002a10       0x24 ./Core/Src/system_stm32f4xx.o
                0x0000000008002a10                SystemInit
 .text.Reset_Handler
                0x0000000008002a34       0x50 ./Core/Startup/startup_stm32f401ccux.o
                0x0000000008002a34                Reset_Handler
 .text.Default_Handler
                0x0000000008002a84        0x2 ./Core/Startup/startup_stm32f401ccux.o
                0x0000000008002a84                RTC_Alarm_IRQHandler
                0x0000000008002a84                SPI4_IRQHandler
                0x0000000008002a84                TIM1_CC_IRQHandler
                0x0000000008002a84                DMA2_Stream5_IRQHandler
                0x0000000008002a84                DMA1_Stream5_IRQHandler
                0x0000000008002a84                PVD_IRQHandler
                0x0000000008002a84                SDIO_IRQHandler
                0x0000000008002a84                TAMP_STAMP_IRQHandler
                0x0000000008002a84                EXTI3_IRQHandler
                0x0000000008002a84                TIM1_UP_TIM10_IRQHandler
                0x0000000008002a84                I2C3_ER_IRQHandler
                0x0000000008002a84                I2C2_EV_IRQHandler
                0x0000000008002a84                DMA1_Stream2_IRQHandler
                0x0000000008002a84                FPU_IRQHandler
                0x0000000008002a84                DMA2_Stream2_IRQHandler
                0x0000000008002a84                SPI1_IRQHandler
                0x0000000008002a84                TIM1_BRK_TIM9_IRQHandler
                0x0000000008002a84                DMA2_Stream3_IRQHandler
                0x0000000008002a84                USART6_IRQHandler
                0x0000000008002a84                DMA2_Stream0_IRQHandler
                0x0000000008002a84                I2C1_EV_IRQHandler
                0x0000000008002a84                DMA1_Stream6_IRQHandler
                0x0000000008002a84                DMA1_Stream1_IRQHandler
                0x0000000008002a84                RCC_IRQHandler
                0x0000000008002a84                Default_Handler
                0x0000000008002a84                EXTI15_10_IRQHandler
                0x0000000008002a84                ADC_IRQHandler
                0x0000000008002a84                DMA1_Stream7_IRQHandler
                0x0000000008002a84                TIM5_IRQHandler
                0x0000000008002a84                DMA2_Stream7_IRQHandler
                0x0000000008002a84                I2C3_EV_IRQHandler
                0x0000000008002a84                EXTI9_5_IRQHandler
                0x0000000008002a84                RTC_WKUP_IRQHandler
                0x0000000008002a84                SPI2_IRQHandler
                0x0000000008002a84                DMA1_Stream0_IRQHandler
                0x0000000008002a84                WWDG_IRQHandler
                0x0000000008002a84                TIM2_IRQHandler
                0x0000000008002a84                OTG_FS_WKUP_IRQHandler
                0x0000000008002a84                TIM1_TRG_COM_TIM11_IRQHandler
                0x0000000008002a84                EXTI1_IRQHandler
                0x0000000008002a84                USART2_IRQHandler
                0x0000000008002a84                I2C2_ER_IRQHandler
                0x0000000008002a84                DMA2_Stream1_IRQHandler
                0x0000000008002a84                FLASH_IRQHandler
                0x0000000008002a84                DMA2_Stream4_IRQHandler
                0x0000000008002a84                USART1_IRQHandler
                0x0000000008002a84                SPI3_IRQHandler
                0x0000000008002a84                DMA1_Stream4_IRQHandler
                0x0000000008002a84                I2C1_ER_IRQHandler
                0x0000000008002a84                DMA2_Stream6_IRQHandler
                0x0000000008002a84                DMA1_Stream3_IRQHandler
 *fill*         0x0000000008002a86        0x2 
 .text.HAL_Init
                0x0000000008002a88       0x44 ./Drivers/STM32F4xx_HAL_Driver/Src/stm32f4xx_hal.o
                0x0000000008002a88                HAL_Init
 .text.HAL_InitTick
                0x0000000008002acc       0x60 ./Drivers/STM32F4xx_HAL_Driver/Src/stm32f4xx_hal.o
                0x0000000008002acc                HAL_InitTick
 .text.HAL_IncTick
                0x0000000008002b2c       0x28 ./Drivers/STM32F4xx_HAL_Driver/Src/stm32f4xx_hal.o
                0x0000000008002b2c                HAL_IncTick
 .text.HAL_GetTick
                0x0000000008002b54       0x18 ./Drivers/STM32F4xx_HAL_Driver/Src/stm32f4xx_hal.o
                0x0000000008002b54                HAL_GetTick
 .text.HAL_Delay
                0x0000000008002b6c       0x48 ./Drivers/STM32F4xx_HAL_Driver/Src/stm32f4xx_hal.o
                0x0000000008002b6c                HAL_Delay
 .text.__NVIC_SetPriorityGrouping
                0x0000000008002bb4       0x48 ./Drivers/STM32F4xx_HAL_Driver/Src/stm32f4xx_hal_cortex.o
 .text.__NVIC_GetPriorityGrouping
                0x0000000008002bfc       0x1c ./Drivers/STM32F4xx_HAL_Driver/Src/stm32f4xx_hal_cortex.o
 .text.__NVIC_EnableIRQ
                0x0000000008002c18       0x3c ./Drivers/STM32F4xx_HAL_Driver/Src/stm32f4xx_hal_cortex.o
 .text.__NVIC_SetPriority
                0x0000000008002c54       0x54 ./Drivers/STM32F4xx_HAL_Driver/Src/stm32f4xx_hal_cortex.o
 .text.NVIC_EncodePriority
                0x0000000008002ca8       0x66 ./Drivers/STM32F4xx_HAL_Driver/Src/stm32f4xx_hal_cortex.o
 *fill*         0x0000000008002d0e        0x2 
 .text.SysTick_Config
                0x0000000008002d10       0x44 ./Drivers/STM32F4xx_HAL_Driver/Src/stm32f4xx_hal_cortex.o
 .text.HAL_NVIC_SetPriorityGrouping
                0x0000000008002d54       0x16 ./Drivers/STM32F4xx_HAL_Driver/Src/stm32f4xx_hal_cortex.o
                0x0000000008002d54                HAL_NVIC_SetPriorityGrouping
 .text.HAL_NVIC_SetPriority
                0x0000000008002d6a       0x38 ./Drivers/STM32F4xx_HAL_Driver/Src/stm32f4xx_hal_cortex.o
                0x0000000008002d6a                HAL_NVIC_SetPriority
 .text.HAL_NVIC_EnableIRQ
                0x0000000008002da2       0x1c ./Drivers/STM32F4xx_HAL_Driver/Src/stm32f4xx_hal_cortex.o
                0x0000000008002da2                HAL_NVIC_EnableIRQ
 .text.HAL_SYSTICK_Config
                0x0000000008002dbe       0x18 ./Drivers/STM32F4xx_HAL_Driver/Src/stm32f4xx_hal_cortex.o
                0x0000000008002dbe                HAL_SYSTICK_Config
 *fill*         0x0000000008002dd6        0x2 
 .text.HAL_GPIO_Init
                0x0000000008002dd8      0x308 ./Drivers/STM32F4xx_HAL_Driver/Src/stm32f4xx_hal_gpio.o
                0x0000000008002dd8                HAL_GPIO_Init
 .text.HAL_GPIO_ReadPin
                0x00000000080030e0       0x30 ./Drivers/STM32F4xx_HAL_Driver/Src/stm32f4xx_hal_gpio.o
                0x00000000080030e0                HAL_GPIO_ReadPin
 .text.HAL_GPIO_WritePin
                0x0000000008003110       0x32 ./Drivers/STM32F4xx_HAL_Driver/Src/stm32f4xx_hal_gpio.o
                0x0000000008003110                HAL_GPIO_WritePin
 .text.HAL_GPIO_TogglePin
                0x0000000008003142       0x34 ./Drivers/STM32F4xx_HAL_Driver/Src/stm32f4xx_hal_gpio.o
                0x0000000008003142                HAL_GPIO_TogglePin
 *fill*         0x0000000008003176        0x2 
 .text.HAL_GPIO_EXTI_IRQHandler
                0x0000000008003178       0x30 ./Drivers/STM32F4xx_HAL_Driver/Src/stm32f4xx_hal_gpio.o
                0x0000000008003178                HAL_GPIO_EXTI_IRQHandler
 .text.HAL_GPIO_EXTI_Callback
                0x00000000080031a8       0x16 ./Drivers/STM32F4xx_HAL_Driver/Src/stm32f4xx_hal_gpio.o
                0x00000000080031a8                HAL_GPIO_EXTI_Callback
 .text.HAL_PCD_Init
                0x00000000080031be      0x23a ./Drivers/STM32F4xx_HAL_Driver/Src/stm32f4xx_hal_pcd.o
                0x00000000080031be                HAL_PCD_Init
 .text.HAL_PCD_Start
                0x00000000080033f8       0x66 ./Drivers/STM32F4xx_HAL_Driver/Src/stm32f4xx_hal_pcd.o
                0x00000000080033f8                HAL_PCD_Start
 .text.HAL_PCD_IRQHandler
                0x000000000800345e      0x93e ./Drivers/STM32F4xx_HAL_Driver/Src/stm32f4xx_hal_pcd.o
                0x000000000800345e                HAL_PCD_IRQHandler
 .text.HAL_PCD_SetAddress
                0x0000000008003d9c       0x4a ./Drivers/STM32F4xx_HAL_Driver/Src/stm32f4xx_hal_pcd.o
                0x0000000008003d9c                HAL_PCD_SetAddress
 .text.HAL_PCD_EP_Open
                0x0000000008003de6       0xd0 ./Drivers/STM32F4xx_HAL_Driver/Src/stm32f4xx_hal_pcd.o
                0x0000000008003de6                HAL_PCD_EP_Open
 .text.HAL_PCD_EP_Close
                0x0000000008003eb6       0x94 ./Drivers/STM32F4xx_HAL_Driver/Src/stm32f4xx_hal_pcd.o
                0x0000000008003eb6                HAL_PCD_EP_Close
 .text.HAL_PCD_EP_Receive
                0x0000000008003f4a       0x96 ./Drivers/STM32F4xx_HAL_Driver/Src/stm32f4xx_hal_pcd.o
                0x0000000008003f4a                HAL_PCD_EP_Receive
 .text.HAL_PCD_EP_GetRxCount
                0x0000000008003fe0       0x30 ./Drivers/STM32F4xx_HAL_Driver/Src/stm32f4xx_hal_pcd.o
                0x0000000008003fe0                HAL_PCD_EP_GetRxCount
 .text.HAL_PCD_EP_Transmit
                0x0000000008004010       0x94 ./Drivers/STM32F4xx_HAL_Driver/Src/stm32f4xx_hal_pcd.o
                0x0000000008004010                HAL_PCD_EP_Transmit
 .text.HAL_PCD_EP_SetStall
                0x00000000080040a4       0xc8 ./Drivers/STM32F4xx_HAL_Driver/Src/stm32f4xx_hal_pcd.o
                0x00000000080040a4                HAL_PCD_EP_SetStall
 .text.HAL_PCD_EP_ClrStall
                0x000000000800416c       0xac ./Drivers/STM32F4xx_HAL_Driver/Src/stm32f4xx_hal_pcd.o
                0x000000000800416c                HAL_PCD_EP_ClrStall
 .text.HAL_PCD_EP_Abort
                0x0000000008004218       0x62 ./Drivers/STM32F4xx_HAL_Driver/Src/stm32f4xx_hal_pcd.o
                0x0000000008004218                HAL_PCD_EP_Abort
 .text.PCD_WriteEmptyTxFifo
                0x000000000800427a      0x11a ./Drivers/STM32F4xx_HAL_Driver/Src/stm32f4xx_hal_pcd.o
 .text.PCD_EP_OutXfrComplete_int
                0x0000000008004394      0x1d0 ./Drivers/STM32F4xx_HAL_Driver/Src/stm32f4xx_hal_pcd.o
 .text.PCD_EP_OutSetupPacket_int
                0x0000000008004564       0x8c ./Drivers/STM32F4xx_HAL_Driver/Src/stm32f4xx_hal_pcd.o
 .text.HAL_PCDEx_SetTxFiFo
                0x00000000080045f0       0x8e ./Drivers/STM32F4xx_HAL_Driver/Src/stm32f4xx_hal_pcd_ex.o
                0x00000000080045f0                HAL_PCDEx_SetTxFiFo
 .text.HAL_PCDEx_SetRxFiFo
                0x000000000800467e       0x22 ./Drivers/STM32F4xx_HAL_Driver/Src/stm32f4xx_hal_pcd_ex.o
                0x000000000800467e                HAL_PCDEx_SetRxFiFo
 .text.HAL_PCDEx_LPM_Callback
                0x00000000080046a0       0x18 ./Drivers/STM32F4xx_HAL_Driver/Src/stm32f4xx_hal_pcd_ex.o
                0x00000000080046a0                HAL_PCDEx_LPM_Callback
 .text.HAL_RCC_OscConfig
                0x00000000080046b8      0x4f0 ./Drivers/STM32F4xx_HAL_Driver/Src/stm32f4xx_hal_rcc.o
                0x00000000080046b8                HAL_RCC_OscConfig
 .text.HAL_RCC_ClockConfig
                0x0000000008004ba8      0x1cc ./Drivers/STM32F4xx_HAL_Driver/Src/stm32f4xx_hal_rcc.o
                0x0000000008004ba8                HAL_RCC_ClockConfig
 .text.HAL_RCC_GetSysClockFreq
                0x0000000008004d74      0x18c ./Drivers/STM32F4xx_HAL_Driver/Src/stm32f4xx_hal_rcc.o
                0x0000000008004d74                HAL_RCC_GetSysClockFreq
 .text.HAL_RCC_GetHCLKFreq
                0x0000000008004f00       0x18 ./Drivers/STM32F4xx_HAL_Driver/Src/stm32f4xx_hal_rcc.o
                0x0000000008004f00                HAL_RCC_GetHCLKFreq
 .text.HAL_TIM_Base_Init
                0x0000000008004f18       0x9e ./Drivers/STM32F4xx_HAL_Driver/Src/stm32f4xx_hal_tim.o
                0x0000000008004f18                HAL_TIM_Base_Init
 *fill*         0x0000000008004fb6        0x2 
 .text.HAL_TIM_Base_Start_IT
                0x0000000008004fb8       0xc4 ./Drivers/STM32F4xx_HAL_Driver/Src/stm32f4xx_hal_tim.o
                0x0000000008004fb8                HAL_TIM_Base_Start_IT
 .text.HAL_TIM_PWM_Init
                0x000000000800507c       0x9e ./Drivers/STM32F4xx_HAL_Driver/Src/stm32f4xx_hal_tim.o
                0x000000000800507c                HAL_TIM_PWM_Init
 .text.HAL_TIM_PWM_MspInit
                0x000000000800511a       0x14 ./Drivers/STM32F4xx_HAL_Driver/Src/stm32f4xx_hal_tim.o
                0x000000000800511a                HAL_TIM_PWM_MspInit
 *fill*         0x000000000800512e        0x2 
 .text.HAL_TIM_PWM_Start
                0x0000000008005130      0x160 ./Drivers/STM32F4xx_HAL_Driver/Src/stm32f4xx_hal_tim.o
                0x0000000008005130                HAL_TIM_PWM_Start
 .text.HAL_TIM_IRQHandler
                0x0000000008005290      0x210 ./Drivers/STM32F4xx_HAL_Driver/Src/stm32f4xx_hal_tim.o
                0x0000000008005290                HAL_TIM_IRQHandler
 .text.HAL_TIM_PWM_ConfigChannel
                0x00000000080054a0      0x184 ./Drivers/STM32F4xx_HAL_Driver/Src/stm32f4xx_hal_tim.o
                0x00000000080054a0                HAL_TIM_PWM_ConfigChannel
 .text.HAL_TIM_ConfigClockSource
                0x0000000008005624      0x18e ./Drivers/STM32F4xx_HAL_Driver/Src/stm32f4xx_hal_tim.o
                0x0000000008005624                HAL_TIM_ConfigClockSource
 .text.HAL_TIM_PeriodElapsedCallback
                0x00000000080057b2       0x14 ./Drivers/STM32F4xx_HAL_Driver/Src/stm32f4xx_hal_tim.o
                0x00000000080057b2                HAL_TIM_PeriodElapsedCallback
 .text.HAL_TIM_OC_DelayElapsedCallback
                0x00000000080057c6       0x14 ./Drivers/STM32F4xx_HAL_Driver/Src/stm32f4xx_hal_tim.o
                0x00000000080057c6                HAL_TIM_OC_DelayElapsedCallback
 .text.HAL_TIM_IC_CaptureCallback
                0x00000000080057da       0x14 ./Drivers/STM32F4xx_HAL_Driver/Src/stm32f4xx_hal_tim.o
                0x00000000080057da                HAL_TIM_IC_CaptureCallback
 .text.HAL_TIM_PWM_PulseFinishedCallback
                0x00000000080057ee       0x14 ./Drivers/STM32F4xx_HAL_Driver/Src/stm32f4xx_hal_tim.o
                0x00000000080057ee                HAL_TIM_PWM_PulseFinishedCallback
 .text.HAL_TIM_TriggerCallback
                0x0000000008005802       0x14 ./Drivers/STM32F4xx_HAL_Driver/Src/stm32f4xx_hal_tim.o
                0x0000000008005802                HAL_TIM_TriggerCallback
 *fill*         0x0000000008005816        0x2 
 .text.TIM_Base_SetConfig
                0x0000000008005818      0x100 ./Drivers/STM32F4xx_HAL_Driver/Src/stm32f4xx_hal_tim.o
                0x0000000008005818                TIM_Base_SetConfig
 .text.TIM_OC1_SetConfig
                0x0000000008005918       0xcc ./Drivers/STM32F4xx_HAL_Driver/Src/stm32f4xx_hal_tim.o
 .text.TIM_OC2_SetConfig
                0x00000000080059e4       0xd8 ./Drivers/STM32F4xx_HAL_Driver/Src/stm32f4xx_hal_tim.o
                0x00000000080059e4                TIM_OC2_SetConfig
 .text.TIM_OC3_SetConfig
                0x0000000008005abc       0xd4 ./Drivers/STM32F4xx_HAL_Driver/Src/stm32f4xx_hal_tim.o
 .text.TIM_OC4_SetConfig
                0x0000000008005b90       0xa0 ./Drivers/STM32F4xx_HAL_Driver/Src/stm32f4xx_hal_tim.o
 .text.TIM_TI1_ConfigInputStage
                0x0000000008005c30       0x5e ./Drivers/STM32F4xx_HAL_Driver/Src/stm32f4xx_hal_tim.o
 .text.TIM_TI2_ConfigInputStage
                0x0000000008005c8e       0x60 ./Drivers/STM32F4xx_HAL_Driver/Src/stm32f4xx_hal_tim.o
 .text.TIM_ITRx_SetConfig
                0x0000000008005cee       0x36 ./Drivers/STM32F4xx_HAL_Driver/Src/stm32f4xx_hal_tim.o
 .text.TIM_ETR_SetConfig
                0x0000000008005d24       0x40 ./Drivers/STM32F4xx_HAL_Driver/Src/stm32f4xx_hal_tim.o
                0x0000000008005d24                TIM_ETR_SetConfig
 .text.TIM_CCxChannelCmd
                0x0000000008005d64       0x4a ./Drivers/STM32F4xx_HAL_Driver/Src/stm32f4xx_hal_tim.o
                0x0000000008005d64                TIM_CCxChannelCmd
 *fill*         0x0000000008005dae        0x2 
 .text.HAL_TIMEx_MasterConfigSynchronization
                0x0000000008005db0       0xdc ./Drivers/STM32F4xx_HAL_Driver/Src/stm32f4xx_hal_tim_ex.o
                0x0000000008005db0                HAL_TIMEx_MasterConfigSynchronization
 .text.HAL_TIMEx_ConfigBreakDeadTime
                0x0000000008005e8c       0xa4 ./Drivers/STM32F4xx_HAL_Driver/Src/stm32f4xx_hal_tim_ex.o
                0x0000000008005e8c                HAL_TIMEx_ConfigBreakDeadTime
 .text.HAL_TIMEx_CommutCallback
                0x0000000008005f30       0x14 ./Drivers/STM32F4xx_HAL_Driver/Src/stm32f4xx_hal_tim_ex.o
                0x0000000008005f30                HAL_TIMEx_CommutCallback
 .text.HAL_TIMEx_BreakCallback
                0x0000000008005f44       0x14 ./Drivers/STM32F4xx_HAL_Driver/Src/stm32f4xx_hal_tim_ex.o
                0x0000000008005f44                HAL_TIMEx_BreakCallback
 .text.USB_CoreInit
                0x0000000008005f58       0xc2 ./Drivers/STM32F4xx_HAL_Driver/Src/stm32f4xx_ll_usb.o
                0x0000000008005f58                USB_CoreInit
 *fill*         0x000000000800601a        0x2 
 .text.USB_SetTurnaroundTime
                0x000000000800601c      0x144 ./Drivers/STM32F4xx_HAL_Driver/Src/stm32f4xx_ll_usb.o
                0x000000000800601c                USB_SetTurnaroundTime
 .text.USB_EnableGlobalInt
                0x0000000008006160       0x22 ./Drivers/STM32F4xx_HAL_Driver/Src/stm32f4xx_ll_usb.o
                0x0000000008006160                USB_EnableGlobalInt
 .text.USB_DisableGlobalInt
                0x0000000008006182       0x22 ./Drivers/STM32F4xx_HAL_Driver/Src/stm32f4xx_ll_usb.o
                0x0000000008006182                USB_DisableGlobalInt
 .text.USB_SetCurrentMode
                0x00000000080061a4       0x98 ./Drivers/STM32F4xx_HAL_Driver/Src/stm32f4xx_ll_usb.o
                0x00000000080061a4                USB_SetCurrentMode
 .text.USB_DevInit
                0x000000000800623c      0x2c8 ./Drivers/STM32F4xx_HAL_Driver/Src/stm32f4xx_ll_usb.o
                0x000000000800623c                USB_DevInit
 .text.USB_FlushTxFifo
                0x0000000008006504       0x68 ./Drivers/STM32F4xx_HAL_Driver/Src/stm32f4xx_ll_usb.o
                0x0000000008006504                USB_FlushTxFifo
 .text.USB_FlushRxFifo
                0x000000000800656c       0x60 ./Drivers/STM32F4xx_HAL_Driver/Src/stm32f4xx_ll_usb.o
                0x000000000800656c                USB_FlushRxFifo
 .text.USB_SetDevSpeed
                0x00000000080065cc       0x32 ./Drivers/STM32F4xx_HAL_Driver/Src/stm32f4xx_ll_usb.o
                0x00000000080065cc                USB_SetDevSpeed
 .text.USB_GetDevSpeed
                0x00000000080065fe       0x4a ./Drivers/STM32F4xx_HAL_Driver/Src/stm32f4xx_ll_usb.o
                0x00000000080065fe                USB_GetDevSpeed
 .text.USB_ActivateEndpoint
                0x0000000008006648      0x10e ./Drivers/STM32F4xx_HAL_Driver/Src/stm32f4xx_ll_usb.o
                0x0000000008006648                USB_ActivateEndpoint
 *fill*         0x0000000008006756        0x2 
 .text.USB_DeactivateEndpoint
                0x0000000008006758      0x1b8 ./Drivers/STM32F4xx_HAL_Driver/Src/stm32f4xx_ll_usb.o
                0x0000000008006758                USB_DeactivateEndpoint
 .text.USB_EPStartXfer
                0x0000000008006910      0x490 ./Drivers/STM32F4xx_HAL_Driver/Src/stm32f4xx_ll_usb.o
                0x0000000008006910                USB_EPStartXfer
 .text.USB_EP0StartXfer
                0x0000000008006da0      0x2b0 ./Drivers/STM32F4xx_HAL_Driver/Src/stm32f4xx_ll_usb.o
                0x0000000008006da0                USB_EP0StartXfer
 .text.USB_EPStopXfer
                0x0000000008007050      0x154 ./Drivers/STM32F4xx_HAL_Driver/Src/stm32f4xx_ll_usb.o
                0x0000000008007050                USB_EPStopXfer
 .text.USB_WritePacket
                0x00000000080071a4       0x7c ./Drivers/STM32F4xx_HAL_Driver/Src/stm32f4xx_ll_usb.o
                0x00000000080071a4                USB_WritePacket
 .text.USB_ReadPacket
                0x0000000008007220       0xb0 ./Drivers/STM32F4xx_HAL_Driver/Src/stm32f4xx_ll_usb.o
                0x0000000008007220                USB_ReadPacket
 .text.USB_EPSetStall
                0x00000000080072d0       0xdc ./Drivers/STM32F4xx_HAL_Driver/Src/stm32f4xx_ll_usb.o
                0x00000000080072d0                USB_EPSetStall
 .text.USB_EPClearStall
                0x00000000080073ac       0xcc ./Drivers/STM32F4xx_HAL_Driver/Src/stm32f4xx_ll_usb.o
                0x00000000080073ac                USB_EPClearStall
 .text.USB_SetDevAddress
                0x0000000008007478       0x4c ./Drivers/STM32F4xx_HAL_Driver/Src/stm32f4xx_ll_usb.o
                0x0000000008007478                USB_SetDevAddress
 .text.USB_DevConnect
                0x00000000080074c4       0x42 ./Drivers/STM32F4xx_HAL_Driver/Src/stm32f4xx_ll_usb.o
                0x00000000080074c4                USB_DevConnect
 .text.USB_DevDisconnect
                0x0000000008007506       0x42 ./Drivers/STM32F4xx_HAL_Driver/Src/stm32f4xx_ll_usb.o
                0x0000000008007506                USB_DevDisconnect
 .text.USB_ReadInterrupts
                0x0000000008007548       0x26 ./Drivers/STM32F4xx_HAL_Driver/Src/stm32f4xx_ll_usb.o
                0x0000000008007548                USB_ReadInterrupts
 .text.USB_ReadDevAllOutEpInterrupt
                0x000000000800756e       0x34 ./Drivers/STM32F4xx_HAL_Driver/Src/stm32f4xx_ll_usb.o
                0x000000000800756e                USB_ReadDevAllOutEpInterrupt
 .text.USB_ReadDevAllInEpInterrupt
                0x00000000080075a2       0x34 ./Drivers/STM32F4xx_HAL_Driver/Src/stm32f4xx_ll_usb.o
                0x00000000080075a2                USB_ReadDevAllInEpInterrupt
 .text.USB_ReadDevOutEPInterrupt
                0x00000000080075d6       0x3c ./Drivers/STM32F4xx_HAL_Driver/Src/stm32f4xx_ll_usb.o
                0x00000000080075d6                USB_ReadDevOutEPInterrupt
 .text.USB_ReadDevInEPInterrupt
                0x0000000008007612       0x5c ./Drivers/STM32F4xx_HAL_Driver/Src/stm32f4xx_ll_usb.o
                0x0000000008007612                USB_ReadDevInEPInterrupt
 .text.USB_GetMode
                0x000000000800766e       0x1c ./Drivers/STM32F4xx_HAL_Driver/Src/stm32f4xx_ll_usb.o
                0x000000000800766e                USB_GetMode
 .text.USB_ActivateSetup
                0x000000000800768a       0x46 ./Drivers/STM32F4xx_HAL_Driver/Src/stm32f4xx_ll_usb.o
                0x000000000800768a                USB_ActivateSetup
 .text.USB_EP0_OutStart
                0x00000000080076d0       0xbc ./Drivers/STM32F4xx_HAL_Driver/Src/stm32f4xx_ll_usb.o
                0x00000000080076d0                USB_EP0_OutStart
 .text.USB_CoreReset
                0x000000000800778c       0x68 ./Drivers/STM32F4xx_HAL_Driver/Src/stm32f4xx_ll_usb.o
 .text.USBD_CDC_Init
                0x00000000080077f4      0x1f0 ./Middlewares/ST/STM32_USB_Device_Library/Class/CDC/Src/usbd_cdc.o
 .text.USBD_CDC_DeInit
                0x00000000080079e4      0x104 ./Middlewares/ST/STM32_USB_Device_Library/Class/CDC/Src/usbd_cdc.o
 .text.USBD_CDC_Setup
                0x0000000008007ae8      0x1b8 ./Middlewares/ST/STM32_USB_Device_Library/Class/CDC/Src/usbd_cdc.o
 .text.USBD_CDC_DataIn
                0x0000000008007ca0       0xfe ./Middlewares/ST/STM32_USB_Device_Library/Class/CDC/Src/usbd_cdc.o
 .text.USBD_CDC_DataOut
                0x0000000008007d9e       0x70 ./Middlewares/ST/STM32_USB_Device_Library/Class/CDC/Src/usbd_cdc.o
 .text.USBD_CDC_EP0_RxReady
                0x0000000008007e0e       0x76 ./Middlewares/ST/STM32_USB_Device_Library/Class/CDC/Src/usbd_cdc.o
 .text.USBD_CDC_GetFSCfgDesc
                0x0000000008007e84       0x70 ./Middlewares/ST/STM32_USB_Device_Library/Class/CDC/Src/usbd_cdc.o
 .text.USBD_CDC_GetHSCfgDesc
                0x0000000008007ef4       0x70 ./Middlewares/ST/STM32_USB_Device_Library/Class/CDC/Src/usbd_cdc.o
 .text.USBD_CDC_GetOtherSpeedCfgDesc
                0x0000000008007f64       0x70 ./Middlewares/ST/STM32_USB_Device_Library/Class/CDC/Src/usbd_cdc.o
 .text.USBD_CDC_GetDeviceQualifierDescriptor
                0x0000000008007fd4       0x20 ./Middlewares/ST/STM32_USB_Device_Library/Class/CDC/Src/usbd_cdc.o
                0x0000000008007fd4                USBD_CDC_GetDeviceQualifierDescriptor
 .text.USBD_CDC_RegisterInterface
                0x0000000008007ff4       0x34 ./Middlewares/ST/STM32_USB_Device_Library/Class/CDC/Src/usbd_cdc.o
                0x0000000008007ff4                USBD_CDC_RegisterInterface
 .text.USBD_CDC_SetTxBuffer
                0x0000000008008028       0x44 ./Middlewares/ST/STM32_USB_Device_Library/Class/CDC/Src/usbd_cdc.o
                0x0000000008008028                USBD_CDC_SetTxBuffer
 .text.USBD_CDC_SetRxBuffer
                0x000000000800806c       0x3a ./Middlewares/ST/STM32_USB_Device_Library/Class/CDC/Src/usbd_cdc.o
                0x000000000800806c                USBD_CDC_SetRxBuffer
 *fill*         0x00000000080080a6        0x2 
 .text.USBD_CDC_TransmitPacket
                0x00000000080080a8       0x8c ./Middlewares/ST/STM32_USB_Device_Library/Class/CDC/Src/usbd_cdc.o
                0x00000000080080a8                USBD_CDC_TransmitPacket
 .text.USBD_CDC_ReceivePacket
                0x0000000008008134       0x6c ./Middlewares/ST/STM32_USB_Device_Library/Class/CDC/Src/usbd_cdc.o
                0x0000000008008134                USBD_CDC_ReceivePacket
 .text.USBD_Init
                0x00000000080081a0       0x60 ./Middlewares/ST/STM32_USB_Device_Library/Core/Src/usbd_core.o
                0x00000000080081a0                USBD_Init
 .text.USBD_RegisterClass
                0x0000000008008200       0x6c ./Middlewares/ST/STM32_USB_Device_Library/Core/Src/usbd_core.o
                0x0000000008008200                USBD_RegisterClass
 .text.USBD_Start
                0x000000000800826c       0x18 ./Middlewares/ST/STM32_USB_Device_Library/Core/Src/usbd_core.o
                0x000000000800826c                USBD_Start
 .text.USBD_RunTestMode
                0x0000000008008284       0x16 ./Middlewares/ST/STM32_USB_Device_Library/Core/Src/usbd_core.o
                0x0000000008008284                USBD_RunTestMode
 .text.USBD_SetClassConfig
                0x000000000800829a       0x38 ./Middlewares/ST/STM32_USB_Device_Library/Core/Src/usbd_core.o
                0x000000000800829a                USBD_SetClassConfig
 .text.USBD_ClrClassConfig
                0x00000000080082d2       0x34 ./Middlewares/ST/STM32_USB_Device_Library/Core/Src/usbd_core.o
                0x00000000080082d2                USBD_ClrClassConfig
 .text.USBD_LL_SetupStage
                0x0000000008008306       0xaa ./Middlewares/ST/STM32_USB_Device_Library/Core/Src/usbd_core.o
                0x0000000008008306                USBD_LL_SetupStage
 .text.USBD_LL_DataOutStage
                0x00000000080083b0      0x166 ./Middlewares/ST/STM32_USB_Device_Library/Core/Src/usbd_core.o
                0x00000000080083b0                USBD_LL_DataOutStage
 .text.USBD_LL_DataInStage
                0x0000000008008516      0x164 ./Middlewares/ST/STM32_USB_Device_Library/Core/Src/usbd_core.o
                0x0000000008008516                USBD_LL_DataInStage
 .text.USBD_LL_Reset
                0x000000000800867a       0xa4 ./Middlewares/ST/STM32_USB_Device_Library/Core/Src/usbd_core.o
                0x000000000800867a                USBD_LL_Reset
 .text.USBD_LL_SetSpeed
                0x000000000800871e       0x20 ./Middlewares/ST/STM32_USB_Device_Library/Core/Src/usbd_core.o
                0x000000000800871e                USBD_LL_SetSpeed
 .text.USBD_LL_Suspend
                0x000000000800873e       0x2c ./Middlewares/ST/STM32_USB_Device_Library/Core/Src/usbd_core.o
                0x000000000800873e                USBD_LL_Suspend
 .text.USBD_LL_Resume
                0x000000000800876a       0x30 ./Middlewares/ST/STM32_USB_Device_Library/Core/Src/usbd_core.o
                0x000000000800876a                USBD_LL_Resume
 .text.USBD_LL_SOF
                0x000000000800879a       0x40 ./Middlewares/ST/STM32_USB_Device_Library/Core/Src/usbd_core.o
                0x000000000800879a                USBD_LL_SOF
 .text.USBD_LL_IsoINIncomplete
                0x00000000080087da       0x64 ./Middlewares/ST/STM32_USB_Device_Library/Core/Src/usbd_core.o
                0x00000000080087da                USBD_LL_IsoINIncomplete
 .text.USBD_LL_IsoOUTIncomplete
                0x000000000800883e       0x64 ./Middlewares/ST/STM32_USB_Device_Library/Core/Src/usbd_core.o
                0x000000000800883e                USBD_LL_IsoOUTIncomplete
 .text.USBD_LL_DevConnected
                0x00000000080088a2       0x16 ./Middlewares/ST/STM32_USB_Device_Library/Core/Src/usbd_core.o
                0x00000000080088a2                USBD_LL_DevConnected
 .text.USBD_LL_DevDisconnected
                0x00000000080088b8       0x46 ./Middlewares/ST/STM32_USB_Device_Library/Core/Src/usbd_core.o
                0x00000000080088b8                USBD_LL_DevDisconnected
 .text.USBD_CoreFindIF
                0x00000000080088fe       0x1a ./Middlewares/ST/STM32_USB_Device_Library/Core/Src/usbd_core.o
                0x00000000080088fe                USBD_CoreFindIF
 .text.USBD_CoreFindEP
                0x0000000008008918       0x1a ./Middlewares/ST/STM32_USB_Device_Library/Core/Src/usbd_core.o
                0x0000000008008918                USBD_CoreFindEP
 .text.USBD_GetEpDesc
                0x0000000008008932       0x74 ./Middlewares/ST/STM32_USB_Device_Library/Core/Src/usbd_core.o
                0x0000000008008932                USBD_GetEpDesc
 .text.USBD_GetNextDesc
                0x00000000080089a6       0x3a ./Middlewares/ST/STM32_USB_Device_Library/Core/Src/usbd_core.o
                0x00000000080089a6                USBD_GetNextDesc
 .text.SWAPBYTE
                0x00000000080089e0       0x3c ./Middlewares/ST/STM32_USB_Device_Library/Core/Src/usbd_ctlreq.o
 .text.USBD_StdDevReq
                0x0000000008008a1c       0xe4 ./Middlewares/ST/STM32_USB_Device_Library/Core/Src/usbd_ctlreq.o
                0x0000000008008a1c                USBD_StdDevReq
 .text.USBD_StdItfReq
                0x0000000008008b00       0xd8 ./Middlewares/ST/STM32_USB_Device_Library/Core/Src/usbd_ctlreq.o
                0x0000000008008b00                USBD_StdItfReq
 .text.USBD_StdEPReq
                0x0000000008008bd8      0x33a ./Middlewares/ST/STM32_USB_Device_Library/Core/Src/usbd_ctlreq.o
                0x0000000008008bd8                USBD_StdEPReq
 *fill*         0x0000000008008f12        0x2 
 .text.USBD_GetDescriptor
                0x0000000008008f14      0x2d4 ./Middlewares/ST/STM32_USB_Device_Library/Core/Src/usbd_ctlreq.o
 .text.USBD_SetAddress
                0x00000000080091e8       0x88 ./Middlewares/ST/STM32_USB_Device_Library/Core/Src/usbd_ctlreq.o
 .text.USBD_SetConfig
                0x0000000008009270      0x154 ./Middlewares/ST/STM32_USB_Device_Library/Core/Src/usbd_ctlreq.o
 .text.USBD_GetConfig
                0x00000000080093c4       0x6c ./Middlewares/ST/STM32_USB_Device_Library/Core/Src/usbd_ctlreq.o
 .text.USBD_GetStatus
                0x0000000008009430       0x68 ./Middlewares/ST/STM32_USB_Device_Library/Core/Src/usbd_ctlreq.o
 .text.USBD_SetFeature
                0x0000000008009498       0x52 ./Middlewares/ST/STM32_USB_Device_Library/Core/Src/usbd_ctlreq.o
 .text.USBD_ClrFeature
                0x00000000080094ea       0x44 ./Middlewares/ST/STM32_USB_Device_Library/Core/Src/usbd_ctlreq.o
 .text.USBD_ParseSetupRequest
                0x000000000800952e       0x74 ./Middlewares/ST/STM32_USB_Device_Library/Core/Src/usbd_ctlreq.o
                0x000000000800952e                USBD_ParseSetupRequest
 .text.USBD_CtlError
                0x00000000080095a2       0x22 ./Middlewares/ST/STM32_USB_Device_Library/Core/Src/usbd_ctlreq.o
                0x00000000080095a2                USBD_CtlError
 .text.USBD_GetString
                0x00000000080095c4       0x8c ./Middlewares/ST/STM32_USB_Device_Library/Core/Src/usbd_ctlreq.o
                0x00000000080095c4                USBD_GetString
 .text.USBD_GetLen
                0x0000000008009650       0x34 ./Middlewares/ST/STM32_USB_Device_Library/Core/Src/usbd_ctlreq.o
 .text.USBD_CtlSendData
                0x0000000008009684       0x36 ./Middlewares/ST/STM32_USB_Device_Library/Core/Src/usbd_ioreq.o
                0x0000000008009684                USBD_CtlSendData
 .text.USBD_CtlContinueSendData
                0x00000000080096ba       0x22 ./Middlewares/ST/STM32_USB_Device_Library/Core/Src/usbd_ioreq.o
                0x00000000080096ba                USBD_CtlContinueSendData
 .text.USBD_CtlPrepareRx
                0x00000000080096dc       0x3a ./Middlewares/ST/STM32_USB_Device_Library/Core/Src/usbd_ioreq.o
                0x00000000080096dc                USBD_CtlPrepareRx
 .text.USBD_CtlContinueRx
                0x0000000008009716       0x22 ./Middlewares/ST/STM32_USB_Device_Library/Core/Src/usbd_ioreq.o
                0x0000000008009716                USBD_CtlContinueRx
 .text.USBD_CtlSendStatus
                0x0000000008009738       0x26 ./Middlewares/ST/STM32_USB_Device_Library/Core/Src/usbd_ioreq.o
                0x0000000008009738                USBD_CtlSendStatus
 .text.USBD_CtlReceiveStatus
                0x000000000800975e       0x26 ./Middlewares/ST/STM32_USB_Device_Library/Core/Src/usbd_ioreq.o
                0x000000000800975e                USBD_CtlReceiveStatus
 .text.MX_USB_DEVICE_Init
                0x0000000008009784       0x60 ./USB_DEVICE/App/usb_device.o
                0x0000000008009784                MX_USB_DEVICE_Init
 .text.CDC_Init_FS
                0x00000000080097e4       0x28 ./USB_DEVICE/App/usbd_cdc_if.o
 .text.CDC_DeInit_FS
                0x000000000800980c       0x10 ./USB_DEVICE/App/usbd_cdc_if.o
 .text.CDC_Control_FS
                0x000000000800981c       0xbc ./USB_DEVICE/App/usbd_cdc_if.o
 .text.CDC_Receive_FS
                0x00000000080098d8       0x28 ./USB_DEVICE/App/usbd_cdc_if.o
                0x00000000080098d8                CDC_Receive_FS
 .text.CDC_Transmit_FS
                0x0000000008009900       0x4c ./USB_DEVICE/App/usbd_cdc_if.o
                0x0000000008009900                CDC_Transmit_FS
 .text.CDC_TransmitCplt_FS
                0x000000000800994c       0x22 ./USB_DEVICE/App/usbd_cdc_if.o
 *fill*         0x000000000800996e        0x2 
 .text.USBD_FS_DeviceDescriptor
                0x0000000008009970       0x24 ./USB_DEVICE/App/usbd_desc.o
                0x0000000008009970                USBD_FS_DeviceDescriptor
 .text.USBD_FS_LangIDStrDescriptor
                0x0000000008009994       0x24 ./USB_DEVICE/App/usbd_desc.o
                0x0000000008009994                USBD_FS_LangIDStrDescriptor
 .text.USBD_FS_ProductStrDescriptor
                0x00000000080099b8       0x3c ./USB_DEVICE/App/usbd_desc.o
                0x00000000080099b8                USBD_FS_ProductStrDescriptor
 .text.USBD_FS_ManufacturerStrDescriptor
                0x00000000080099f4       0x28 ./USB_DEVICE/App/usbd_desc.o
                0x00000000080099f4                USBD_FS_ManufacturerStrDescriptor
 .text.USBD_FS_SerialStrDescriptor
                0x0000000008009a1c       0x24 ./USB_DEVICE/App/usbd_desc.o
                0x0000000008009a1c                USBD_FS_SerialStrDescriptor
 .text.USBD_FS_ConfigStrDescriptor
                0x0000000008009a40       0x3c ./USB_DEVICE/App/usbd_desc.o
                0x0000000008009a40                USBD_FS_ConfigStrDescriptor
 .text.USBD_FS_InterfaceStrDescriptor
                0x0000000008009a7c       0x3c ./USB_DEVICE/App/usbd_desc.o
                0x0000000008009a7c                USBD_FS_InterfaceStrDescriptor
 .text.Get_SerialNum
                0x0000000008009ab8       0x58 ./USB_DEVICE/App/usbd_desc.o
 .text.IntToUnicode
                0x0000000008009b10       0x7e ./USB_DEVICE/App/usbd_desc.o
 *fill*         0x0000000008009b8e        0x2 
 .text.HAL_PCD_MspInit
                0x0000000008009b90       0xa8 ./USB_DEVICE/Target/usbd_conf.o
                0x0000000008009b90                HAL_PCD_MspInit
 .text.HAL_PCD_SetupStageCallback
                0x0000000008009c38       0x24 ./USB_DEVICE/Target/usbd_conf.o
                0x0000000008009c38                HAL_PCD_SetupStageCallback
 .text.HAL_PCD_DataOutStageCallback
                0x0000000008009c5c       0x36 ./USB_DEVICE/Target/usbd_conf.o
                0x0000000008009c5c                HAL_PCD_DataOutStageCallback
 .text.HAL_PCD_DataInStageCallback
                0x0000000008009c92       0x34 ./USB_DEVICE/Target/usbd_conf.o
                0x0000000008009c92                HAL_PCD_DataInStageCallback
 .text.HAL_PCD_SOFCallback
                0x0000000008009cc6       0x1c ./USB_DEVICE/Target/usbd_conf.o
                0x0000000008009cc6                HAL_PCD_SOFCallback
 .text.HAL_PCD_ResetCallback
                0x0000000008009ce2       0x3c ./USB_DEVICE/Target/usbd_conf.o
                0x0000000008009ce2                HAL_PCD_ResetCallback
 *fill*         0x0000000008009d1e        0x2 
 .text.HAL_PCD_SuspendCallback
                0x0000000008009d20       0x4c ./USB_DEVICE/Target/usbd_conf.o
                0x0000000008009d20                HAL_PCD_SuspendCallback
 .text.HAL_PCD_ResumeCallback
                0x0000000008009d6c       0x1c ./USB_DEVICE/Target/usbd_conf.o
                0x0000000008009d6c                HAL_PCD_ResumeCallback
 .text.HAL_PCD_ISOOUTIncompleteCallback
                0x0000000008009d88       0x24 ./USB_DEVICE/Target/usbd_conf.o
                0x0000000008009d88                HAL_PCD_ISOOUTIncompleteCallback
 .text.HAL_PCD_ISOINIncompleteCallback
                0x0000000008009dac       0x24 ./USB_DEVICE/Target/usbd_conf.o
                0x0000000008009dac                HAL_PCD_ISOINIncompleteCallback
 .text.HAL_PCD_ConnectCallback
                0x0000000008009dd0       0x1c ./USB_DEVICE/Target/usbd_conf.o
                0x0000000008009dd0                HAL_PCD_ConnectCallback
 .text.HAL_PCD_DisconnectCallback
                0x0000000008009dec       0x1c ./USB_DEVICE/Target/usbd_conf.o
                0x0000000008009dec                HAL_PCD_DisconnectCallback
 .text.USBD_LL_Init
                0x0000000008009e08       0x98 ./USB_DEVICE/Target/usbd_conf.o
                0x0000000008009e08                USBD_LL_Init
 .text.USBD_LL_Start
                0x0000000008009ea0       0x36 ./USB_DEVICE/Target/usbd_conf.o
                0x0000000008009ea0                USBD_LL_Start
 .text.USBD_LL_OpenEP
                0x0000000008009ed6       0x4c ./USB_DEVICE/Target/usbd_conf.o
                0x0000000008009ed6                USBD_LL_OpenEP
 .text.USBD_LL_CloseEP
                0x0000000008009f22       0x3e ./USB_DEVICE/Target/usbd_conf.o
                0x0000000008009f22                USBD_LL_CloseEP
 .text.USBD_LL_StallEP
                0x0000000008009f60       0x3e ./USB_DEVICE/Target/usbd_conf.o
                0x0000000008009f60                USBD_LL_StallEP
 .text.USBD_LL_ClearStallEP
                0x0000000008009f9e       0x3e ./USB_DEVICE/Target/usbd_conf.o
                0x0000000008009f9e                USBD_LL_ClearStallEP
 .text.USBD_LL_IsStallEP
                0x0000000008009fdc       0x58 ./USB_DEVICE/Target/usbd_conf.o
                0x0000000008009fdc                USBD_LL_IsStallEP
 .text.USBD_LL_SetUSBAddress
                0x000000000800a034       0x3e ./USB_DEVICE/Target/usbd_conf.o
                0x000000000800a034                USBD_LL_SetUSBAddress
 .text.USBD_LL_Transmit
                0x000000000800a072       0x42 ./USB_DEVICE/Target/usbd_conf.o
                0x000000000800a072                USBD_LL_Transmit
 .text.USBD_LL_PrepareReceive
                0x000000000800a0b4       0x42 ./USB_DEVICE/Target/usbd_conf.o
                0x000000000800a0b4                USBD_LL_PrepareReceive
 .text.USBD_LL_GetRxDataSize
                0x000000000800a0f6       0x26 ./USB_DEVICE/Target/usbd_conf.o
                0x000000000800a0f6                USBD_LL_GetRxDataSize
 .text.USBD_static_malloc
                0x000000000800a11c       0x1c ./USB_DEVICE/Target/usbd_conf.o
                0x000000000800a11c                USBD_static_malloc
 .text.USBD_static_free
                0x000000000800a138       0x14 ./USB_DEVICE/Target/usbd_conf.o
                0x000000000800a138                USBD_static_free
 .text.USBD_Get_USB_Status
                0x000000000800a14c       0x58 ./USB_DEVICE/Target/usbd_conf.o
                0x000000000800a14c                USBD_Get_USB_Status
 .text.__errno  0x000000000800a1a4        0xc c:/st/stm32cubeide_1.11.0/stm32cubeide/plugins/com.st.stm32cube.ide.mcu.externaltools.gnu-tools-for-stm32.10.3-2021.10.win32_1.0.100.202210260954/tools/bin/../lib/gcc/arm-none-eabi/10.3.1/../../../../arm-none-eabi/lib/thumb/v7e-m+fp/hard\libc_nano.a(lib_a-errno.o)
                0x000000000800a1a4                __errno
 .text.__libc_init_array
                0x000000000800a1b0       0x48 c:/st/stm32cubeide_1.11.0/stm32cubeide/plugins/com.st.stm32cube.ide.mcu.externaltools.gnu-tools-for-stm32.10.3-2021.10.win32_1.0.100.202210260954/tools/bin/../lib/gcc/arm-none-eabi/10.3.1/../../../../arm-none-eabi/lib/thumb/v7e-m+fp/hard\libc_nano.a(lib_a-init.o)
                0x000000000800a1b0                __libc_init_array
 .text.memset   0x000000000800a1f8       0x10 c:/st/stm32cubeide_1.11.0/stm32cubeide/plugins/com.st.stm32cube.ide.mcu.externaltools.gnu-tools-for-stm32.10.3-2021.10.win32_1.0.100.202210260954/tools/bin/../lib/gcc/arm-none-eabi/10.3.1/../../../../arm-none-eabi/lib/thumb/v7e-m+fp/hard\libc_nano.a(lib_a-memset.o)
                0x000000000800a1f8                memset
 .text.atan     0x000000000800a208      0x340 c:/st/stm32cubeide_1.11.0/stm32cubeide/plugins/com.st.stm32cube.ide.mcu.externaltools.gnu-tools-for-stm32.10.3-2021.10.win32_1.0.100.202210260954/tools/bin/../lib/gcc/arm-none-eabi/10.3.1/../../../../arm-none-eabi/lib/thumb/v7e-m+fp/hard\libm.a(lib_a-s_atan.o)
                0x000000000800a208                atan
 .text.cos      0x000000000800a548       0xa8 c:/st/stm32cubeide_1.11.0/stm32cubeide/plugins/com.st.stm32cube.ide.mcu.externaltools.gnu-tools-for-stm32.10.3-2021.10.win32_1.0.100.202210260954/tools/bin/../lib/gcc/arm-none-eabi/10.3.1/../../../../arm-none-eabi/lib/thumb/v7e-m+fp/hard\libm.a(lib_a-s_cos.o)
                0x000000000800a548                cos
 .text.fabs     0x000000000800a5f0       0x12 c:/st/stm32cubeide_1.11.0/stm32cubeide/plugins/com.st.stm32cube.ide.mcu.externaltools.gnu-tools-for-stm32.10.3-2021.10.win32_1.0.100.202210260954/tools/bin/../lib/gcc/arm-none-eabi/10.3.1/../../../../arm-none-eabi/lib/thumb/v7e-m+fp/hard\libm.a(lib_a-s_fabs.o)
                0x000000000800a5f0                fabs
 *fill*         0x000000000800a602        0x6 
 .text.sin      0x000000000800a608       0xb0 c:/st/stm32cubeide_1.11.0/stm32cubeide/plugins/com.st.stm32cube.ide.mcu.externaltools.gnu-tools-for-stm32.10.3-2021.10.win32_1.0.100.202210260954/tools/bin/../lib/gcc/arm-none-eabi/10.3.1/../../../../arm-none-eabi/lib/thumb/v7e-m+fp/hard\libm.a(lib_a-s_sin.o)
                0x000000000800a608                sin
 .text.acos     0x000000000800a6b8       0x68 c:/st/stm32cubeide_1.11.0/stm32cubeide/plugins/com.st.stm32cube.ide.mcu.externaltools.gnu-tools-for-stm32.10.3-2021.10.win32_1.0.100.202210260954/tools/bin/../lib/gcc/arm-none-eabi/10.3.1/../../../../arm-none-eabi/lib/thumb/v7e-m+fp/hard\libm.a(lib_a-w_acos.o)
                0x000000000800a6b8                acos
 .text.sqrt     0x000000000800a720       0x58 c:/st/stm32cubeide_1.11.0/stm32cubeide/plugins/com.st.stm32cube.ide.mcu.externaltools.gnu-tools-for-stm32.10.3-2021.10.win32_1.0.100.202210260954/tools/bin/../lib/gcc/arm-none-eabi/10.3.1/../../../../arm-none-eabi/lib/thumb/v7e-m+fp/hard\libm.a(lib_a-w_sqrt.o)
                0x000000000800a720                sqrt
 .text.__ieee754_acos
                0x000000000800a778      0x4c0 c:/st/stm32cubeide_1.11.0/stm32cubeide/plugins/com.st.stm32cube.ide.mcu.externaltools.gnu-tools-for-stm32.10.3-2021.10.win32_1.0.100.202210260954/tools/bin/../lib/gcc/arm-none-eabi/10.3.1/../../../../arm-none-eabi/lib/thumb/v7e-m+fp/hard\libm.a(lib_a-e_acos.o)
                0x000000000800a778                __ieee754_acos
 .text.__ieee754_rem_pio2
                0x000000000800ac38      0x418 c:/st/stm32cubeide_1.11.0/stm32cubeide/plugins/com.st.stm32cube.ide.mcu.externaltools.gnu-tools-for-stm32.10.3-2021.10.win32_1.0.100.202210260954/tools/bin/../lib/gcc/arm-none-eabi/10.3.1/../../../../arm-none-eabi/lib/thumb/v7e-m+fp/hard\libm.a(lib_a-e_rem_pio2.o)
                0x000000000800ac38                __ieee754_rem_pio2
 .text.__ieee754_sqrt
                0x000000000800b050      0x164 c:/st/stm32cubeide_1.11.0/stm32cubeide/plugins/com.st.stm32cube.ide.mcu.externaltools.gnu-tools-for-stm32.10.3-2021.10.win32_1.0.100.202210260954/tools/bin/../lib/gcc/arm-none-eabi/10.3.1/../../../../arm-none-eabi/lib/thumb/v7e-m+fp/hard\libm.a(lib_a-e_sqrt.o)
                0x000000000800b050                __ieee754_sqrt
 *fill*         0x000000000800b1b4        0x4 
 .text.__kernel_cos
                0x000000000800b1b8      0x18c c:/st/stm32cubeide_1.11.0/stm32cubeide/plugins/com.st.stm32cube.ide.mcu.externaltools.gnu-tools-for-stm32.10.3-2021.10.win32_1.0.100.202210260954/tools/bin/../lib/gcc/arm-none-eabi/10.3.1/../../../../arm-none-eabi/lib/thumb/v7e-m+fp/hard\libm.a(lib_a-k_cos.o)
                0x000000000800b1b8                __kernel_cos
 *fill*         0x000000000800b344        0x4 
 .text.__kernel_rem_pio2
                0x000000000800b348      0x69c c:/st/stm32cubeide_1.11.0/stm32cubeide/plugins/com.st.stm32cube.ide.mcu.externaltools.gnu-tools-for-stm32.10.3-2021.10.win32_1.0.100.202210260954/tools/bin/../lib/gcc/arm-none-eabi/10.3.1/../../../../arm-none-eabi/lib/thumb/v7e-m+fp/hard\libm.a(lib_a-k_rem_pio2.o)
                0x000000000800b348                __kernel_rem_pio2
 *fill*         0x000000000800b9e4        0x4 
 .text.__kernel_sin
                0x000000000800b9e8      0x17c c:/st/stm32cubeide_1.11.0/stm32cubeide/plugins/com.st.stm32cube.ide.mcu.externaltools.gnu-tools-for-stm32.10.3-2021.10.win32_1.0.100.202210260954/tools/bin/../lib/gcc/arm-none-eabi/10.3.1/../../../../arm-none-eabi/lib/thumb/v7e-m+fp/hard\libm.a(lib_a-k_sin.o)
                0x000000000800b9e8                __kernel_sin
 *fill*         0x000000000800bb64        0x4 
 .text.floor    0x000000000800bb68      0x100 c:/st/stm32cubeide_1.11.0/stm32cubeide/plugins/com.st.stm32cube.ide.mcu.externaltools.gnu-tools-for-stm32.10.3-2021.10.win32_1.0.100.202210260954/tools/bin/../lib/gcc/arm-none-eabi/10.3.1/../../../../arm-none-eabi/lib/thumb/v7e-m+fp/hard\libm.a(lib_a-s_floor.o)
                0x000000000800bb68                floor
 .text.nan      0x000000000800bc68       0x10 c:/st/stm32cubeide_1.11.0/stm32cubeide/plugins/com.st.stm32cube.ide.mcu.externaltools.gnu-tools-for-stm32.10.3-2021.10.win32_1.0.100.202210260954/tools/bin/../lib/gcc/arm-none-eabi/10.3.1/../../../../arm-none-eabi/lib/thumb/v7e-m+fp/hard\libm.a(lib_a-s_nan.o)
                0x000000000800bc68                nan
 .text.scalbn   0x000000000800bc78      0x10c c:/st/stm32cubeide_1.11.0/stm32cubeide/plugins/com.st.stm32cube.ide.mcu.externaltools.gnu-tools-for-stm32.10.3-2021.10.win32_1.0.100.202210260954/tools/bin/../lib/gcc/arm-none-eabi/10.3.1/../../../../arm-none-eabi/lib/thumb/v7e-m+fp/hard\libm.a(lib_a-s_scalbn.o)
                0x000000000800bc78                scalbn
 *(.glue_7)
 .glue_7        0x000000000800bd84        0x0 linker stubs
 *(.glue_7t)
 .glue_7t       0x000000000800bd84        0x0 linker stubs
 *(.eh_frame)
 .eh_frame      0x000000000800bd84        0x0 c:/st/stm32cubeide_1.11.0/stm32cubeide/plugins/com.st.stm32cube.ide.mcu.externaltools.gnu-tools-for-stm32.10.3-2021.10.win32_1.0.100.202210260954/tools/bin/../lib/gcc/arm-none-eabi/10.3.1/thumb/v7e-m+fp/hard/crtbegin.o
 *(.init)
 .init          0x000000000800bd84        0x4 c:/st/stm32cubeide_1.11.0/stm32cubeide/plugins/com.st.stm32cube.ide.mcu.externaltools.gnu-tools-for-stm32.10.3-2021.10.win32_1.0.100.202210260954/tools/bin/../lib/gcc/arm-none-eabi/10.3.1/thumb/v7e-m+fp/hard/crti.o
                0x000000000800bd84                _init
 .init          0x000000000800bd88        0x8 c:/st/stm32cubeide_1.11.0/stm32cubeide/plugins/com.st.stm32cube.ide.mcu.externaltools.gnu-tools-for-stm32.10.3-2021.10.win32_1.0.100.202210260954/tools/bin/../lib/gcc/arm-none-eabi/10.3.1/thumb/v7e-m+fp/hard/crtn.o
 *(.fini)
 .fini          0x000000000800bd90        0x4 c:/st/stm32cubeide_1.11.0/stm32cubeide/plugins/com.st.stm32cube.ide.mcu.externaltools.gnu-tools-for-stm32.10.3-2021.10.win32_1.0.100.202210260954/tools/bin/../lib/gcc/arm-none-eabi/10.3.1/thumb/v7e-m+fp/hard/crti.o
                0x000000000800bd90                _fini
 .fini          0x000000000800bd94        0x8 c:/st/stm32cubeide_1.11.0/stm32cubeide/plugins/com.st.stm32cube.ide.mcu.externaltools.gnu-tools-for-stm32.10.3-2021.10.win32_1.0.100.202210260954/tools/bin/../lib/gcc/arm-none-eabi/10.3.1/thumb/v7e-m+fp/hard/crtn.o
                0x000000000800bd9c                . = ALIGN (0x4)
                0x000000000800bd9c                _etext = .

.vfp11_veneer   0x000000000800bd9c        0x0
 .vfp11_veneer  0x000000000800bd9c        0x0 linker stubs

.v4_bx          0x000000000800bd9c        0x0
 .v4_bx         0x000000000800bd9c        0x0 linker stubs

.iplt           0x000000000800bd9c        0x0
 .iplt          0x000000000800bd9c        0x0 c:/st/stm32cubeide_1.11.0/stm32cubeide/plugins/com.st.stm32cube.ide.mcu.externaltools.gnu-tools-for-stm32.10.3-2021.10.win32_1.0.100.202210260954/tools/bin/../lib/gcc/arm-none-eabi/10.3.1/thumb/v7e-m+fp/hard/crtbegin.o

.rodata         0x000000000800bda0      0x278
                0x000000000800bda0                . = ALIGN (0x4)
 *(.rodata)
 .rodata        0x000000000800bda0       0x46 ./USB_DEVICE/App/usbd_desc.o
 *(.rodata*)
 *fill*         0x000000000800bde6        0x2 
 .rodata.AHBPrescTable
                0x000000000800bde8       0x10 ./Core/Src/system_stm32f4xx.o
                0x000000000800bde8                AHBPrescTable
 .rodata.atanhi
                0x000000000800bdf8       0x20 c:/st/stm32cubeide_1.11.0/stm32cubeide/plugins/com.st.stm32cube.ide.mcu.externaltools.gnu-tools-for-stm32.10.3-2021.10.win32_1.0.100.202210260954/tools/bin/../lib/gcc/arm-none-eabi/10.3.1/../../../../arm-none-eabi/lib/thumb/v7e-m+fp/hard\libm.a(lib_a-s_atan.o)
 .rodata.atanlo
                0x000000000800be18       0x20 c:/st/stm32cubeide_1.11.0/stm32cubeide/plugins/com.st.stm32cube.ide.mcu.externaltools.gnu-tools-for-stm32.10.3-2021.10.win32_1.0.100.202210260954/tools/bin/../lib/gcc/arm-none-eabi/10.3.1/../../../../arm-none-eabi/lib/thumb/v7e-m+fp/hard\libm.a(lib_a-s_atan.o)
 .rodata.acos.str1.1
                0x000000000800be38        0x1 c:/st/stm32cubeide_1.11.0/stm32cubeide/plugins/com.st.stm32cube.ide.mcu.externaltools.gnu-tools-for-stm32.10.3-2021.10.win32_1.0.100.202210260954/tools/bin/../lib/gcc/arm-none-eabi/10.3.1/../../../../arm-none-eabi/lib/thumb/v7e-m+fp/hard\libm.a(lib_a-w_acos.o)
 *fill*         0x000000000800be39        0x3 
 .rodata.npio2_hw
                0x000000000800be3c       0x80 c:/st/stm32cubeide_1.11.0/stm32cubeide/plugins/com.st.stm32cube.ide.mcu.externaltools.gnu-tools-for-stm32.10.3-2021.10.win32_1.0.100.202210260954/tools/bin/../lib/gcc/arm-none-eabi/10.3.1/../../../../arm-none-eabi/lib/thumb/v7e-m+fp/hard\libm.a(lib_a-e_rem_pio2.o)
 .rodata.two_over_pi
                0x000000000800bebc      0x108 c:/st/stm32cubeide_1.11.0/stm32cubeide/plugins/com.st.stm32cube.ide.mcu.externaltools.gnu-tools-for-stm32.10.3-2021.10.win32_1.0.100.202210260954/tools/bin/../lib/gcc/arm-none-eabi/10.3.1/../../../../arm-none-eabi/lib/thumb/v7e-m+fp/hard\libm.a(lib_a-e_rem_pio2.o)
 *fill*         0x000000000800bfc4        0x4 
 .rodata.PIo2   0x000000000800bfc8       0x40 c:/st/stm32cubeide_1.11.0/stm32cubeide/plugins/com.st.stm32cube.ide.mcu.externaltools.gnu-tools-for-stm32.10.3-2021.10.win32_1.0.100.202210260954/tools/bin/../lib/gcc/arm-none-eabi/10.3.1/../../../../arm-none-eabi/lib/thumb/v7e-m+fp/hard\libm.a(lib_a-k_rem_pio2.o)
 .rodata.init_jk
                0x000000000800c008       0x10 c:/st/stm32cubeide_1.11.0/stm32cubeide/plugins/com.st.stm32cube.ide.mcu.externaltools.gnu-tools-for-stm32.10.3-2021.10.win32_1.0.100.202210260954/tools/bin/../lib/gcc/arm-none-eabi/10.3.1/../../../../arm-none-eabi/lib/thumb/v7e-m+fp/hard\libm.a(lib_a-k_rem_pio2.o)
                0x000000000800c018                . = ALIGN (0x4)

.ARM.extab      0x000000000800c018        0x0
                0x000000000800c018                . = ALIGN (0x4)
 *(.ARM.extab* .gnu.linkonce.armextab.*)
                0x000000000800c018                . = ALIGN (0x4)

.ARM            0x000000000800c018        0x8
                0x000000000800c018                . = ALIGN (0x4)
                0x000000000800c018                __exidx_start = .
 *(.ARM.exidx*)
 .ARM.exidx     0x000000000800c018        0x8 c:/st/stm32cubeide_1.11.0/stm32cubeide/plugins/com.st.stm32cube.ide.mcu.externaltools.gnu-tools-for-stm32.10.3-2021.10.win32_1.0.100.202210260954/tools/bin/../lib/gcc/arm-none-eabi/10.3.1/thumb/v7e-m+fp/hard\libgcc.a(_udivmoddi4.o)
                0x000000000800c020                __exidx_end = .
                0x000000000800c020                . = ALIGN (0x4)

.rel.dyn        0x000000000800c020        0x0
 .rel.iplt      0x000000000800c020        0x0 c:/st/stm32cubeide_1.11.0/stm32cubeide/plugins/com.st.stm32cube.ide.mcu.externaltools.gnu-tools-for-stm32.10.3-2021.10.win32_1.0.100.202210260954/tools/bin/../lib/gcc/arm-none-eabi/10.3.1/thumb/v7e-m+fp/hard/crtbegin.o

.preinit_array  0x000000000800c020        0x0
                0x000000000800c020                . = ALIGN (0x4)
                0x000000000800c020                PROVIDE (__preinit_array_start = .)
 *(.preinit_array*)
                0x000000000800c020                PROVIDE (__preinit_array_end = .)
                0x000000000800c020                . = ALIGN (0x4)

.init_array     0x000000000800c020        0x4
                0x000000000800c020                . = ALIGN (0x4)
                0x000000000800c020                PROVIDE (__init_array_start = .)
 *(SORT_BY_NAME(.init_array.*))
 *(.init_array*)
 .init_array    0x000000000800c020        0x4 c:/st/stm32cubeide_1.11.0/stm32cubeide/plugins/com.st.stm32cube.ide.mcu.externaltools.gnu-tools-for-stm32.10.3-2021.10.win32_1.0.100.202210260954/tools/bin/../lib/gcc/arm-none-eabi/10.3.1/thumb/v7e-m+fp/hard/crtbegin.o
                0x000000000800c024                PROVIDE (__init_array_end = .)
                0x000000000800c024                . = ALIGN (0x4)

.fini_array     0x000000000800c024        0x4
                0x000000000800c024                . = ALIGN (0x4)
                [!provide]                        PROVIDE (__fini_array_start = .)
 *(SORT_BY_NAME(.fini_array.*))
 *(.fini_array*)
 .fini_array    0x000000000800c024        0x4 c:/st/stm32cubeide_1.11.0/stm32cubeide/plugins/com.st.stm32cube.ide.mcu.externaltools.gnu-tools-for-stm32.10.3-2021.10.win32_1.0.100.202210260954/tools/bin/../lib/gcc/arm-none-eabi/10.3.1/thumb/v7e-m+fp/hard/crtbegin.o
                [!provide]                        PROVIDE (__fini_array_end = .)
                0x000000000800c028                . = ALIGN (0x4)
                0x000000000800c028                _sidata = LOADADDR (.data)

.data           0x0000000020000000      0x19c load address 0x000000000800c028
                0x0000000020000000                . = ALIGN (0x4)
                0x0000000020000000                _sdata = .
 *(.data)
 *(.data*)
 .data.INTERPOLATION_INTERVAL
                0x0000000020000000        0x8 ./Core/Src/stm32f4xx_it.o
                0x0000000020000000                INTERPOLATION_INTERVAL
 .data.usb_out  0x0000000020000008        0x8 ./Core/Src/stm32f4xx_it.o
                0x0000000020000008                usb_out
 .data.acknowledge_message
                0x0000000020000010        0x8 ./Core/Src/stm32f4xx_it.o
                0x0000000020000010                acknowledge_message
 .data.error_message
                0x0000000020000018        0x8 ./Core/Src/stm32f4xx_it.o
                0x0000000020000018                error_message
 .data.kp_inner
                0x0000000020000020        0x4 ./Core/Src/stm32f4xx_it.o
                0x0000000020000020                kp_inner
 .data.ki_inner
                0x0000000020000024        0x4 ./Core/Src/stm32f4xx_it.o
                0x0000000020000024                ki_inner
 .data.kp_middle
                0x0000000020000028        0x4 ./Core/Src/stm32f4xx_it.o
                0x0000000020000028                kp_middle
 .data.ki_middle
                0x000000002000002c        0x4 ./Core/Src/stm32f4xx_it.o
                0x000000002000002c                ki_middle
 .data.kp_outer
                0x0000000020000030        0x4 ./Core/Src/stm32f4xx_it.o
                0x0000000020000030                kp_outer
 .data.ki_outer
                0x0000000020000034        0x4 ./Core/Src/stm32f4xx_it.o
                0x0000000020000034                ki_outer
 .data.initializing
                0x0000000020000038        0x1 ./Core/Src/stm32f4xx_it.o
                0x0000000020000038                initializing
 .data.HIGH     0x0000000020000039        0x1 ./Core/Src/stm32f4xx_it.o
                0x0000000020000039                HIGH
 *fill*         0x000000002000003a        0x2 
 .data.SystemCoreClock
                0x000000002000003c        0x4 ./Core/Src/system_stm32f4xx.o
                0x000000002000003c                SystemCoreClock
 .data.uwTickPrio
                0x0000000020000040        0x4 ./Drivers/STM32F4xx_HAL_Driver/Src/stm32f4xx_hal.o
                0x0000000020000040                uwTickPrio
 .data.uwTickFreq
                0x0000000020000044        0x1 ./Drivers/STM32F4xx_HAL_Driver/Src/stm32f4xx_hal.o
                0x0000000020000044                uwTickFreq
 *fill*         0x0000000020000045        0x3 
 .data.USBD_CDC_DeviceQualifierDesc
                0x0000000020000048        0xa ./Middlewares/ST/STM32_USB_Device_Library/Class/CDC/Src/usbd_cdc.o
 *fill*         0x0000000020000052        0x2 
 .data.USBD_CDC
                0x0000000020000054       0x38 ./Middlewares/ST/STM32_USB_Device_Library/Class/CDC/Src/usbd_cdc.o
                0x0000000020000054                USBD_CDC
 .data.USBD_CDC_CfgDesc
                0x000000002000008c       0x43 ./Middlewares/ST/STM32_USB_Device_Library/Class/CDC/Src/usbd_cdc.o
 .data.CDCInEpAdd
                0x00000000200000cf        0x1 ./Middlewares/ST/STM32_USB_Device_Library/Class/CDC/Src/usbd_cdc.o
 .data.CDCOutEpAdd
                0x00000000200000d0        0x1 ./Middlewares/ST/STM32_USB_Device_Library/Class/CDC/Src/usbd_cdc.o
 .data.CDCCmdEpAdd
                0x00000000200000d1        0x1 ./Middlewares/ST/STM32_USB_Device_Library/Class/CDC/Src/usbd_cdc.o
 *fill*         0x00000000200000d2        0x2 
 .data.USBD_Interface_fops_FS
                0x00000000200000d4       0x14 ./USB_DEVICE/App/usbd_cdc_if.o
                0x00000000200000d4                USBD_Interface_fops_FS
 .data.FS_Desc  0x00000000200000e8       0x1c ./USB_DEVICE/App/usbd_desc.o
                0x00000000200000e8                FS_Desc
 .data.USBD_FS_DeviceDesc
                0x0000000020000104       0x12 ./USB_DEVICE/App/usbd_desc.o
                0x0000000020000104                USBD_FS_DeviceDesc
 *fill*         0x0000000020000116        0x2 
 .data.USBD_LangIDDesc
                0x0000000020000118        0x4 ./USB_DEVICE/App/usbd_desc.o
                0x0000000020000118                USBD_LangIDDesc
 .data.USBD_StringSerial
                0x000000002000011c       0x1a ./USB_DEVICE/App/usbd_desc.o
                0x000000002000011c                USBD_StringSerial
 *fill*         0x0000000020000136        0x2 
 .data._impure_ptr
                0x0000000020000138        0x4 c:/st/stm32cubeide_1.11.0/stm32cubeide/plugins/com.st.stm32cube.ide.mcu.externaltools.gnu-tools-for-stm32.10.3-2021.10.win32_1.0.100.202210260954/tools/bin/../lib/gcc/arm-none-eabi/10.3.1/../../../../arm-none-eabi/lib/thumb/v7e-m+fp/hard\libc_nano.a(lib_a-impure.o)
                0x0000000020000138                _impure_ptr
 .data.impure_data
                0x000000002000013c       0x60 c:/st/stm32cubeide_1.11.0/stm32cubeide/plugins/com.st.stm32cube.ide.mcu.externaltools.gnu-tools-for-stm32.10.3-2021.10.win32_1.0.100.202210260954/tools/bin/../lib/gcc/arm-none-eabi/10.3.1/../../../../arm-none-eabi/lib/thumb/v7e-m+fp/hard\libc_nano.a(lib_a-impure.o)
 *(.RamFunc)
 *(.RamFunc*)
                0x000000002000019c                . = ALIGN (0x4)
                0x000000002000019c                _edata = .

.igot.plt       0x000000002000019c        0x0 load address 0x000000000800c1c4
 .igot.plt      0x000000002000019c        0x0 c:/st/stm32cubeide_1.11.0/stm32cubeide/plugins/com.st.stm32cube.ide.mcu.externaltools.gnu-tools-for-stm32.10.3-2021.10.win32_1.0.100.202210260954/tools/bin/../lib/gcc/arm-none-eabi/10.3.1/thumb/v7e-m+fp/hard/crtbegin.o
                0x000000002000019c                . = ALIGN (0x4)

.bss            0x000000002000019c     0x15c0 load address 0x000000000800c1c4
                0x000000002000019c                _sbss = .
                0x000000002000019c                __bss_start__ = _sbss
 *(.bss)
 .bss           0x000000002000019c       0x1c c:/st/stm32cubeide_1.11.0/stm32cubeide/plugins/com.st.stm32cube.ide.mcu.externaltools.gnu-tools-for-stm32.10.3-2021.10.win32_1.0.100.202210260954/tools/bin/../lib/gcc/arm-none-eabi/10.3.1/thumb/v7e-m+fp/hard/crtbegin.o
 *(.bss*)
 .bss.htim1     0x00000000200001b8       0x48 ./Core/Src/main.o
                0x00000000200001b8                htim1
 .bss.htim3     0x0000000020000200       0x48 ./Core/Src/main.o
                0x0000000020000200                htim3
 .bss.htim4     0x0000000020000248       0x48 ./Core/Src/main.o
                0x0000000020000248                htim4
 .bss.PID_freq  0x0000000020000290        0x4 ./Core/Src/main.o
                0x0000000020000290                PID_freq
 .bss.move_x    0x0000000020000294        0x2 ./Core/Src/main.o
                0x0000000020000294                move_x
 .bss.move_y    0x0000000020000296        0x2 ./Core/Src/main.o
                0x0000000020000296                move_y
 .bss.theta_1_ref
                0x0000000020000298        0x4 ./Core/Src/main.o
                0x0000000020000298                theta_1_ref
 .bss.d_inner_ref
                0x000000002000029c        0x4 ./Core/Src/main.o
                0x000000002000029c                d_inner_ref
 .bss.d_middle_ref
                0x00000000200002a0        0x4 ./Core/Src/main.o
                0x00000000200002a0                d_middle_ref
 .bss.d_outer_ref
                0x00000000200002a4        0x4 ./Core/Src/main.o
                0x00000000200002a4                d_outer_ref
 .bss.X_ref     0x00000000200002a8        0x4 ./Core/Src/main.o
                0x00000000200002a8                X_ref
 .bss.theta_1_curr
                0x00000000200002ac        0x4 ./Core/Src/main.o
                0x00000000200002ac                theta_1_curr
 .bss.d_outer_curr
                0x00000000200002b0        0x4 ./Core/Src/main.o
                0x00000000200002b0                d_outer_curr
 .bss.d_middle_curr
                0x00000000200002b4        0x4 ./Core/Src/main.o
                0x00000000200002b4                d_middle_curr
 .bss.X_curr    0x00000000200002b8        0x4 ./Core/Src/main.o
                0x00000000200002b8                X_curr
 .bss.error_code
                0x00000000200002bc        0x1 ./Core/Src/stm32f4xx_it.o
                0x00000000200002bc                error_code
 .bss.external_shutdown
                0x00000000200002bd        0x1 ./Core/Src/stm32f4xx_it.o
                0x00000000200002bd                external_shutdown
 .bss.ack_to_be_sent
                0x00000000200002be        0x1 ./Core/Src/stm32f4xx_it.o
                0x00000000200002be                ack_to_be_sent
 *fill*         0x00000000200002bf        0x1 
 .bss.usb_in    0x00000000200002c0        0x8 ./Core/Src/stm32f4xx_it.o
                0x00000000200002c0                usb_in
 .bss.usb_temp  0x00000000200002c8        0x8 ./Core/Src/stm32f4xx_it.o
                0x00000000200002c8                usb_temp
 .bss.empty_string
                0x00000000200002d0        0x8 ./Core/Src/stm32f4xx_it.o
                0x00000000200002d0                empty_string
 .bss.X_ref_temp
                0x00000000200002d8        0x4 ./Core/Src/stm32f4xx_it.o
                0x00000000200002d8                X_ref_temp
 .bss.enc_inner_pos
                0x00000000200002dc        0x4 ./Core/Src/stm32f4xx_it.o
                0x00000000200002dc                enc_inner_pos
 .bss.enc_middle_pos
                0x00000000200002e0        0x4 ./Core/Src/stm32f4xx_it.o
                0x00000000200002e0                enc_middle_pos
 .bss.enc_outer_pos
                0x00000000200002e4        0x4 ./Core/Src/stm32f4xx_it.o
                0x00000000200002e4                enc_outer_pos
 .bss.enc_inner_pos_cm
                0x00000000200002e8        0x4 ./Core/Src/stm32f4xx_it.o
                0x00000000200002e8                enc_inner_pos_cm
 .bss.enc_middle_pos_cm
                0x00000000200002ec        0x4 ./Core/Src/stm32f4xx_it.o
                0x00000000200002ec                enc_middle_pos_cm
 .bss.enc_outer_pos_cm
                0x00000000200002f0        0x4 ./Core/Src/stm32f4xx_it.o
                0x00000000200002f0                enc_outer_pos_cm
 .bss.mot_inner_set_pos_cm
                0x00000000200002f4        0x4 ./Core/Src/stm32f4xx_it.o
                0x00000000200002f4                mot_inner_set_pos_cm
 .bss.mot_middle_set_pos_cm
                0x00000000200002f8        0x4 ./Core/Src/stm32f4xx_it.o
                0x00000000200002f8                mot_middle_set_pos_cm
 .bss.mot_outer_set_pos_cm
                0x00000000200002fc        0x4 ./Core/Src/stm32f4xx_it.o
                0x00000000200002fc                mot_outer_set_pos_cm
 .bss.mot_inner_set_pos
                0x0000000020000300        0x4 ./Core/Src/stm32f4xx_it.o
                0x0000000020000300                mot_inner_set_pos
 .bss.mot_middle_set_pos
                0x0000000020000304        0x4 ./Core/Src/stm32f4xx_it.o
                0x0000000020000304                mot_middle_set_pos
 .bss.mot_outer_set_pos
                0x0000000020000308        0x4 ./Core/Src/stm32f4xx_it.o
                0x0000000020000308                mot_outer_set_pos
 .bss.inner_pos_error
                0x000000002000030c        0x4 ./Core/Src/stm32f4xx_it.o
                0x000000002000030c                inner_pos_error
 .bss.middle_pos_error
                0x0000000020000310        0x4 ./Core/Src/stm32f4xx_it.o
                0x0000000020000310                middle_pos_error
 .bss.outer_pos_error
                0x0000000020000314        0x4 ./Core/Src/stm32f4xx_it.o
                0x0000000020000314                outer_pos_error
 .bss.pre_inner_pos_error
                0x0000000020000318        0x4 ./Core/Src/stm32f4xx_it.o
                0x0000000020000318                pre_inner_pos_error
 .bss.pre_middle_pos_error
                0x000000002000031c        0x4 ./Core/Src/stm32f4xx_it.o
                0x000000002000031c                pre_middle_pos_error
 .bss.pre_outer_pos_error
                0x0000000020000320        0x4 ./Core/Src/stm32f4xx_it.o
                0x0000000020000320                pre_outer_pos_error
 .bss.inner_int_error
                0x0000000020000324        0x4 ./Core/Src/stm32f4xx_it.o
                0x0000000020000324                inner_int_error
 .bss.middle_int_error
                0x0000000020000328        0x4 ./Core/Src/stm32f4xx_it.o
                0x0000000020000328                middle_int_error
 .bss.outer_int_error
                0x000000002000032c        0x4 ./Core/Src/stm32f4xx_it.o
                0x000000002000032c                outer_int_error
 .bss.kd_inner  0x0000000020000330        0x4 ./Core/Src/stm32f4xx_it.o
                0x0000000020000330                kd_inner
 .bss.kd_middle
                0x0000000020000334        0x4 ./Core/Src/stm32f4xx_it.o
                0x0000000020000334                kd_middle
 .bss.kd_outer  0x0000000020000338        0x4 ./Core/Src/stm32f4xx_it.o
                0x0000000020000338                kd_outer
 .bss.duty_inner
                0x000000002000033c        0x4 ./Core/Src/stm32f4xx_it.o
                0x000000002000033c                duty_inner
 .bss.duty_middle
                0x0000000020000340        0x4 ./Core/Src/stm32f4xx_it.o
                0x0000000020000340                duty_middle
 .bss.duty_outer
                0x0000000020000344        0x4 ./Core/Src/stm32f4xx_it.o
                0x0000000020000344                duty_outer
 .bss.LOW       0x0000000020000348        0x1 ./Core/Src/stm32f4xx_it.o
                0x0000000020000348                LOW
 *fill*         0x0000000020000349        0x3 
 .bss.uwTick    0x000000002000034c        0x4 ./Drivers/STM32F4xx_HAL_Driver/Src/stm32f4xx_hal.o
                0x000000002000034c                uwTick
 .bss.cfgidx.0  0x0000000020000350        0x1 ./Middlewares/ST/STM32_USB_Device_Library/Core/Src/usbd_ctlreq.o
 *fill*         0x0000000020000351        0x3 
 .bss.hUsbDeviceFS
                0x0000000020000354      0x2dc ./USB_DEVICE/App/usb_device.o
                0x0000000020000354                hUsbDeviceFS
 .bss.UserRxBufferFS
                0x0000000020000630      0x400 ./USB_DEVICE/App/usbd_cdc_if.o
                0x0000000020000630                UserRxBufferFS
 .bss.UserTxBufferFS
                0x0000000020000a30      0x400 ./USB_DEVICE/App/usbd_cdc_if.o
                0x0000000020000a30                UserTxBufferFS
 .bss.USBD_StrDesc
                0x0000000020000e30      0x200 ./USB_DEVICE/App/usbd_desc.o
                0x0000000020000e30                USBD_StrDesc
 .bss.hpcd_USB_OTG_FS
                0x0000000020001030      0x50c ./USB_DEVICE/Target/usbd_conf.o
                0x0000000020001030                hpcd_USB_OTG_FS
 .bss.mem.0     0x000000002000153c      0x220 ./USB_DEVICE/Target/usbd_conf.o
 *(COMMON)
                0x000000002000175c                . = ALIGN (0x4)
                0x000000002000175c                _ebss = .
                0x000000002000175c                __bss_end__ = _ebss

._user_heap_stack
                0x000000002000175c      0x604 load address 0x000000000800c1c4
                0x0000000020001760                . = ALIGN (0x8)
 *fill*         0x000000002000175c        0x4 
                [!provide]                        PROVIDE (end = .)
                0x0000000020001760                PROVIDE (_end = .)
                0x0000000020001960                . = (. + _Min_Heap_Size)
 *fill*         0x0000000020001760      0x200 
                0x0000000020001d60                . = (. + _Min_Stack_Size)
 *fill*         0x0000000020001960      0x400 
                0x0000000020001d60                . = ALIGN (0x8)

/DISCARD/
 libc.a(*)
 libm.a(*)
 libgcc.a(*)

.ARM.attributes
                0x0000000000000000       0x30
 *(.ARM.attributes)
 .ARM.attributes
                0x0000000000000000       0x1e c:/st/stm32cubeide_1.11.0/stm32cubeide/plugins/com.st.stm32cube.ide.mcu.externaltools.gnu-tools-for-stm32.10.3-2021.10.win32_1.0.100.202210260954/tools/bin/../lib/gcc/arm-none-eabi/10.3.1/thumb/v7e-m+fp/hard/crti.o
 .ARM.attributes
                0x000000000000001e       0x34 c:/st/stm32cubeide_1.11.0/stm32cubeide/plugins/com.st.stm32cube.ide.mcu.externaltools.gnu-tools-for-stm32.10.3-2021.10.win32_1.0.100.202210260954/tools/bin/../lib/gcc/arm-none-eabi/10.3.1/thumb/v7e-m+fp/hard/crtbegin.o
 .ARM.attributes
                0x0000000000000052       0x34 ./Core/Src/main.o
 .ARM.attributes
                0x0000000000000086       0x34 ./Core/Src/stm32f4xx_hal_msp.o
 .ARM.attributes
                0x00000000000000ba       0x34 ./Core/Src/stm32f4xx_it.o
 .ARM.attributes
                0x00000000000000ee       0x34 ./Core/Src/system_stm32f4xx.o
 .ARM.attributes
                0x0000000000000122       0x21 ./Core/Startup/startup_stm32f401ccux.o
 .ARM.attributes
                0x0000000000000143       0x34 ./Drivers/STM32F4xx_HAL_Driver/Src/stm32f4xx_hal.o
 .ARM.attributes
                0x0000000000000177       0x34 ./Drivers/STM32F4xx_HAL_Driver/Src/stm32f4xx_hal_cortex.o
 .ARM.attributes
                0x00000000000001ab       0x34 ./Drivers/STM32F4xx_HAL_Driver/Src/stm32f4xx_hal_gpio.o
 .ARM.attributes
                0x00000000000001df       0x34 ./Drivers/STM32F4xx_HAL_Driver/Src/stm32f4xx_hal_pcd.o
 .ARM.attributes
                0x0000000000000213       0x34 ./Drivers/STM32F4xx_HAL_Driver/Src/stm32f4xx_hal_pcd_ex.o
 .ARM.attributes
                0x0000000000000247       0x34 ./Drivers/STM32F4xx_HAL_Driver/Src/stm32f4xx_hal_rcc.o
 .ARM.attributes
                0x000000000000027b       0x34 ./Drivers/STM32F4xx_HAL_Driver/Src/stm32f4xx_hal_tim.o
 .ARM.attributes
                0x00000000000002af       0x34 ./Drivers/STM32F4xx_HAL_Driver/Src/stm32f4xx_hal_tim_ex.o
 .ARM.attributes
                0x00000000000002e3       0x34 ./Drivers/STM32F4xx_HAL_Driver/Src/stm32f4xx_ll_usb.o
 .ARM.attributes
                0x0000000000000317       0x34 ./Middlewares/ST/STM32_USB_Device_Library/Class/CDC/Src/usbd_cdc.o
 .ARM.attributes
                0x000000000000034b       0x34 ./Middlewares/ST/STM32_USB_Device_Library/Core/Src/usbd_core.o
 .ARM.attributes
                0x000000000000037f       0x34 ./Middlewares/ST/STM32_USB_Device_Library/Core/Src/usbd_ctlreq.o
 .ARM.attributes
                0x00000000000003b3       0x34 ./Middlewares/ST/STM32_USB_Device_Library/Core/Src/usbd_ioreq.o
 .ARM.attributes
                0x00000000000003e7       0x34 ./USB_DEVICE/App/usb_device.o
 .ARM.attributes
                0x000000000000041b       0x34 ./USB_DEVICE/App/usbd_cdc_if.o
 .ARM.attributes
                0x000000000000044f       0x34 ./USB_DEVICE/App/usbd_desc.o
 .ARM.attributes
                0x0000000000000483       0x34 ./USB_DEVICE/Target/usbd_conf.o
 .ARM.attributes
                0x00000000000004b7       0x34 c:/st/stm32cubeide_1.11.0/stm32cubeide/plugins/com.st.stm32cube.ide.mcu.externaltools.gnu-tools-for-stm32.10.3-2021.10.win32_1.0.100.202210260954/tools/bin/../lib/gcc/arm-none-eabi/10.3.1/../../../../arm-none-eabi/lib/thumb/v7e-m+fp/hard\libc_nano.a(lib_a-errno.o)
 .ARM.attributes
                0x00000000000004eb       0x34 c:/st/stm32cubeide_1.11.0/stm32cubeide/plugins/com.st.stm32cube.ide.mcu.externaltools.gnu-tools-for-stm32.10.3-2021.10.win32_1.0.100.202210260954/tools/bin/../lib/gcc/arm-none-eabi/10.3.1/../../../../arm-none-eabi/lib/thumb/v7e-m+fp/hard\libc_nano.a(lib_a-impure.o)
 .ARM.attributes
                0x000000000000051f       0x34 c:/st/stm32cubeide_1.11.0/stm32cubeide/plugins/com.st.stm32cube.ide.mcu.externaltools.gnu-tools-for-stm32.10.3-2021.10.win32_1.0.100.202210260954/tools/bin/../lib/gcc/arm-none-eabi/10.3.1/../../../../arm-none-eabi/lib/thumb/v7e-m+fp/hard\libc_nano.a(lib_a-init.o)
 .ARM.attributes
                0x0000000000000553       0x34 c:/st/stm32cubeide_1.11.0/stm32cubeide/plugins/com.st.stm32cube.ide.mcu.externaltools.gnu-tools-for-stm32.10.3-2021.10.win32_1.0.100.202210260954/tools/bin/../lib/gcc/arm-none-eabi/10.3.1/../../../../arm-none-eabi/lib/thumb/v7e-m+fp/hard\libc_nano.a(lib_a-memset.o)
 .ARM.attributes
                0x0000000000000587       0x1c c:/st/stm32cubeide_1.11.0/stm32cubeide/plugins/com.st.stm32cube.ide.mcu.externaltools.gnu-tools-for-stm32.10.3-2021.10.win32_1.0.100.202210260954/tools/bin/../lib/gcc/arm-none-eabi/10.3.1/../../../../arm-none-eabi/lib/thumb/v7e-m+fp/hard\libc_nano.a(lib_a-strcmp.o)
 .ARM.attributes
                0x00000000000005a3       0x34 c:/st/stm32cubeide_1.11.0/stm32cubeide/plugins/com.st.stm32cube.ide.mcu.externaltools.gnu-tools-for-stm32.10.3-2021.10.win32_1.0.100.202210260954/tools/bin/../lib/gcc/arm-none-eabi/10.3.1/../../../../arm-none-eabi/lib/thumb/v7e-m+fp/hard\libm.a(lib_a-s_atan.o)
 .ARM.attributes
                0x00000000000005d7       0x34 c:/st/stm32cubeide_1.11.0/stm32cubeide/plugins/com.st.stm32cube.ide.mcu.externaltools.gnu-tools-for-stm32.10.3-2021.10.win32_1.0.100.202210260954/tools/bin/../lib/gcc/arm-none-eabi/10.3.1/../../../../arm-none-eabi/lib/thumb/v7e-m+fp/hard\libm.a(lib_a-s_cos.o)
 .ARM.attributes
                0x000000000000060b       0x34 c:/st/stm32cubeide_1.11.0/stm32cubeide/plugins/com.st.stm32cube.ide.mcu.externaltools.gnu-tools-for-stm32.10.3-2021.10.win32_1.0.100.202210260954/tools/bin/../lib/gcc/arm-none-eabi/10.3.1/../../../../arm-none-eabi/lib/thumb/v7e-m+fp/hard\libm.a(lib_a-s_fabs.o)
 .ARM.attributes
                0x000000000000063f       0x34 c:/st/stm32cubeide_1.11.0/stm32cubeide/plugins/com.st.stm32cube.ide.mcu.externaltools.gnu-tools-for-stm32.10.3-2021.10.win32_1.0.100.202210260954/tools/bin/../lib/gcc/arm-none-eabi/10.3.1/../../../../arm-none-eabi/lib/thumb/v7e-m+fp/hard\libm.a(lib_a-s_sin.o)
 .ARM.attributes