Archive member included to satisfy reference by file (symbol)

c:/st/stm32cubeide_1.11.0/stm32cubeide/plugins/com.st.stm32cube.ide.mcu.externaltools.gnu-tools-for-stm32.10.3-2021.10.win32_1.0.100.202210260954/tools/bin/../lib/gcc/arm-none-eabi/10.3.1/../../../../arm-none-eabi/lib/thumb/v7e-m+fp/hard\libc_nano.a(lib_a-errno.o)
                              ./Core/Src/syscalls.o (__errno)
c:/st/stm32cubeide_1.11.0/stm32cubeide/plugins/com.st.stm32cube.ide.mcu.externaltools.gnu-tools-for-stm32.10.3-2021.10.win32_1.0.100.202210260954/tools/bin/../lib/gcc/arm-none-eabi/10.3.1/../../../../arm-none-eabi/lib/thumb/v7e-m+fp/hard\libc_nano.a(lib_a-exit.o)
                              c:/st/stm32cubeide_1.11.0/stm32cubeide/plugins/com.st.stm32cube.ide.mcu.externaltools.gnu-tools-for-stm32.10.3-2021.10.win32_1.0.100.202210260954/tools/bin/../lib/gcc/arm-none-eabi/10.3.1/../../../../arm-none-eabi/lib/thumb/v7e-m+fp/hard/crt0.o (exit)
c:/st/stm32cubeide_1.11.0/stm32cubeide/plugins/com.st.stm32cube.ide.mcu.externaltools.gnu-tools-for-stm32.10.3-2021.10.win32_1.0.100.202210260954/tools/bin/../lib/gcc/arm-none-eabi/10.3.1/../../../../arm-none-eabi/lib/thumb/v7e-m+fp/hard\libc_nano.a(lib_a-impure.o)
                              c:/st/stm32cubeide_1.11.0/stm32cubeide/plugins/com.st.stm32cube.ide.mcu.externaltools.gnu-tools-for-stm32.10.3-2021.10.win32_1.0.100.202210260954/tools/bin/../lib/gcc/arm-none-eabi/10.3.1/../../../../arm-none-eabi/lib/thumb/v7e-m+fp/hard\libc_nano.a(lib_a-exit.o) (_global_impure_ptr)
c:/st/stm32cubeide_1.11.0/stm32cubeide/plugins/com.st.stm32cube.ide.mcu.externaltools.gnu-tools-for-stm32.10.3-2021.10.win32_1.0.100.202210260954/tools/bin/../lib/gcc/arm-none-eabi/10.3.1/../../../../arm-none-eabi/lib/thumb/v7e-m+fp/hard\libc_nano.a(lib_a-init.o)
                              c:/st/stm32cubeide_1.11.0/stm32cubeide/plugins/com.st.stm32cube.ide.mcu.externaltools.gnu-tools-for-stm32.10.3-2021.10.win32_1.0.100.202210260954/tools/bin/../lib/gcc/arm-none-eabi/10.3.1/../../../../arm-none-eabi/lib/thumb/v7e-m+fp/hard/crt0.o (__libc_init_array)
c:/st/stm32cubeide_1.11.0/stm32cubeide/plugins/com.st.stm32cube.ide.mcu.externaltools.gnu-tools-for-stm32.10.3-2021.10.win32_1.0.100.202210260954/tools/bin/../lib/gcc/arm-none-eabi/10.3.1/../../../../arm-none-eabi/lib/thumb/v7e-m+fp/hard\libc_nano.a(lib_a-memset.o)
                              c:/st/stm32cubeide_1.11.0/stm32cubeide/plugins/com.st.stm32cube.ide.mcu.externaltools.gnu-tools-for-stm32.10.3-2021.10.win32_1.0.100.202210260954/tools/bin/../lib/gcc/arm-none-eabi/10.3.1/../../../../arm-none-eabi/lib/thumb/v7e-m+fp/hard/crt0.o (memset)
c:/st/stm32cubeide_1.11.0/stm32cubeide/plugins/com.st.stm32cube.ide.mcu.externaltools.gnu-tools-for-stm32.10.3-2021.10.win32_1.0.100.202210260954/tools/bin/../lib/gcc/arm-none-eabi/10.3.1/../../../../arm-none-eabi/lib/thumb/v7e-m+fp/hard\libc_nano.a(lib_a-strcmp.o)
                              ./Core/Src/stm32f4xx_it.o (strcmp)
c:/st/stm32cubeide_1.11.0/stm32cubeide/plugins/com.st.stm32cube.ide.mcu.externaltools.gnu-tools-for-stm32.10.3-2021.10.win32_1.0.100.202210260954/tools/bin/../lib/gcc/arm-none-eabi/10.3.1/../../../../arm-none-eabi/lib/thumb/v7e-m+fp/hard\libm.a(lib_a-s_atan.o)
                              ./Core/Src/main.o (atan)
c:/st/stm32cubeide_1.11.0/stm32cubeide/plugins/com.st.stm32cube.ide.mcu.externaltools.gnu-tools-for-stm32.10.3-2021.10.win32_1.0.100.202210260954/tools/bin/../lib/gcc/arm-none-eabi/10.3.1/../../../../arm-none-eabi/lib/thumb/v7e-m+fp/hard\libm.a(lib_a-s_cos.o)
                              ./Core/Src/main.o (cos)
c:/st/stm32cubeide_1.11.0/stm32cubeide/plugins/com.st.stm32cube.ide.mcu.externaltools.gnu-tools-for-stm32.10.3-2021.10.win32_1.0.100.202210260954/tools/bin/../lib/gcc/arm-none-eabi/10.3.1/../../../../arm-none-eabi/lib/thumb/v7e-m+fp/hard\libm.a(lib_a-s_fabs.o)
                              c:/st/stm32cubeide_1.11.0/stm32cubeide/plugins/com.st.stm32cube.ide.mcu.externaltools.gnu-tools-for-stm32.10.3-2021.10.win32_1.0.100.202210260954/tools/bin/../lib/gcc/arm-none-eabi/10.3.1/../../../../arm-none-eabi/lib/thumb/v7e-m+fp/hard\libm.a(lib_a-s_atan.o) (fabs)
c:/st/stm32cubeide_1.11.0/stm32cubeide/plugins/com.st.stm32cube.ide.mcu.externaltools.gnu-tools-for-stm32.10.3-2021.10.win32_1.0.100.202210260954/tools/bin/../lib/gcc/arm-none-eabi/10.3.1/../../../../arm-none-eabi/lib/thumb/v7e-m+fp/hard\libm.a(lib_a-s_sin.o)
                              ./Core/Src/main.o (sin)
c:/st/stm32cubeide_1.11.0/stm32cubeide/plugins/com.st.stm32cube.ide.mcu.externaltools.gnu-tools-for-stm32.10.3-2021.10.win32_1.0.100.202210260954/tools/bin/../lib/gcc/arm-none-eabi/10.3.1/../../../../arm-none-eabi/lib/thumb/v7e-m+fp/hard\libm.a(lib_a-w_acos.o)
                              ./Core/Src/main.o (acos)
[...]
Memory Configuration

Name             Origin             Length             Attributes
RAM              0x0000000020000000 0x0000000000010000 xrw
FLASH            0x0000000008000000 0x0000000000040000 xr
*default*        0x0000000000000000 0xffffffffffffffff

Linker script and memory map

LOAD c:/st/stm32cubeide_1.11.0/stm32cubeide/plugins/com.st.stm32cube.ide.mcu.externaltools.gnu-tools-for-stm32.10.3-2021.10.win32_1.0.100.202210260954/tools/bin/../lib/gcc/arm-none-eabi/10.3.1/thumb/v7e-m+fp/hard/crti.o
LOAD c:/st/stm32cubeide_1.11.0/stm32cubeide/plugins/com.st.stm32cube.ide.mcu.externaltools.gnu-tools-for-stm32.10.3-2021.10.win32_1.0.100.202210260954/tools/bin/../lib/gcc/arm-none-eabi/10.3.1/thumb/v7e-m+fp/hard/crtbegin.o
LOAD c:/st/stm32cubeide_1.11.0/stm32cubeide/plugins/com.st.stm32cube.ide.mcu.externaltools.gnu-tools-for-stm32.10.3-2021.10.win32_1.0.100.202210260954/tools/bin/../lib/gcc/arm-none-eabi/10.3.1/../../../../arm-none-eabi/lib/thumb/v7e-m+fp/hard/crt0.o
LOAD ./Core/Src/main.o
LOAD ./Core/Src/stm32f4xx_hal_msp.o
LOAD ./Core/Src/stm32f4xx_it.o
LOAD ./Core/Src/syscalls.o
LOAD ./Core/Src/sysmem.o
LOAD ./Core/Src/system_stm32f4xx.o
LOAD ./Core/Startup/startup_stm32f401ccux.o
LOAD ./Drivers/STM32F4xx_HAL_Driver/Src/stm32f4xx_hal.o
LOAD ./Drivers/STM32F4xx_HAL_Driver/Src/stm32f4xx_hal_cortex.o
LOAD ./Drivers/STM32F4xx_HAL_Driver/Src/stm32f4xx_hal_dma.o
LOAD ./Drivers/STM32F4xx_HAL_Driver/Src/stm32f4xx_hal_dma_ex.o
LOAD ./Drivers/STM32F4xx_HAL_Driver/Src/stm32f4xx_hal_exti.o
LOAD ./Drivers/STM32F4xx_HAL_Driver/Src/stm32f4xx_hal_flash.o
LOAD ./Drivers/STM32F4xx_HAL_Driver/Src/stm32f4xx_hal_flash_ex.o
LOAD ./Drivers/STM32F4xx_HAL_Driver/Src/stm32f4xx_hal_flash_ramfunc.o
LOAD ./Drivers/STM32F4xx_HAL_Driver/Src/stm32f4xx_hal_gpio.o
LOAD ./Drivers/STM32F4xx_HAL_Driver/Src/stm32f4xx_hal_pcd.o
LOAD ./Drivers/STM32F4xx_HAL_Driver/Src/stm32f4xx_hal_pcd_ex.o
LOAD ./Drivers/STM32F4xx_HAL_Driver/Src/stm32f4xx_hal_pwr.o
LOAD ./Drivers/STM32F4xx_HAL_Driver/Src/stm32f4xx_hal_pwr_ex.o
LOAD ./Drivers/STM32F4xx_HAL_Driver/Src/stm32f4xx_hal_rcc.o
LOAD ./Drivers/STM32F4xx_HAL_Driver/Src/stm32f4xx_hal_rcc_ex.o
LOAD ./Drivers/STM32F4xx_HAL_Driver/Src/stm32f4xx_hal_tim.o
LOAD ./Drivers/STM32F4xx_HAL_Driver/Src/stm32f4xx_hal_tim_ex.o
LOAD ./Drivers/STM32F4xx_HAL_Driver/Src/stm32f4xx_ll_usb.o
LOAD ./Middlewares/ST/STM32_USB_Device_Library/Class/CDC/Src/usbd_cdc.o
LOAD ./Middlewares/ST/STM32_USB_Device_Library/Core/Src/usbd_core.o
LOAD ./Middlewares/ST/STM32_USB_Device_Library/Core/Src/usbd_ctlreq.o
LOAD ./Middlewares/ST/STM32_USB_Device_Library/Core/Src/usbd_ioreq.o
LOAD ./USB_DEVICE/App/usb_device.o
LOAD ./USB_DEVICE/App/usbd_cdc_if.o
LOAD ./USB_DEVICE/App/usbd_desc.o
LOAD ./USB_DEVICE/Target/usbd_conf.o
START GROUP
LOAD c:/st/stm32cubeide_1.11.0/stm32cubeide/plugins/com.st.stm32cube.ide.mcu.externaltools.gnu-tools-for-stm32.10.3-2021.10.win32_1.0.100.202210260954/tools/bin/../lib/gcc/arm-none-eabi/10.3.1/../../../../arm-none-eabi/lib/thumb/v7e-m+fp/hard\libc_nano.a
LOAD c:/st/stm32cubeide_1.11.0/stm32cubeide/plugins/com.st.stm32cube.ide.mcu.externaltools.gnu-tools-for-stm32.10.3-2021.10.win32_1.0.100.202210260954/tools/bin/../lib/gcc/arm-none-eabi/10.3.1/../../../../arm-none-eabi/lib/thumb/v7e-m+fp/hard\libm.a
END GROUP
START GROUP
LOAD c:/st/stm32cubeide_1.11.0/stm32cubeide/plugins/com.st.stm32cube.ide.mcu.externaltools.gnu-tools-for-stm32.10.3-2021.10.win32_1.0.100.202210260954/tools/bin/../lib/gcc/arm-none-eabi/10.3.1/thumb/v7e-m+fp/hard\libgcc.a
LOAD c:/st/stm32cubeide_1.11.0/stm32cubeide/plugins/com.st.stm32cube.ide.mcu.externaltools.gnu-tools-for-stm32.10.3-2021.10.win32_1.0.100.202210260954/tools/bin/../lib/gcc/arm-none-eabi/10.3.1/../../../../arm-none-eabi/lib/thumb/v7e-m+fp/hard\libc_nano.a
END GROUP
START GROUP
LOAD c:/st/stm32cubeide_1.11.0/stm32cubeide/plugins/com.st.stm32cube.ide.mcu.externaltools.gnu-tools-for-stm32.10.3-2021.10.win32_1.0.100.202210260954/tools/bin/../lib/gcc/arm-none-eabi/10.3.1/thumb/v7e-m+fp/hard\libgcc.a
LOAD c:/st/stm32cubeide_1.11.0/stm32cubeide/plugins/com.st.stm32cube.ide.mcu.externaltools.gnu-tools-for-stm32.10.3-2021.10.win32_1.0.100.202210260954/tools/bin/../lib/gcc/arm-none-eabi/10.3.1/../../../../arm-none-eabi/lib/thumb/v7e-m+fp/hard\libc_nano.a
LOAD c:/st/stm32cubeide_1.11.0/stm32cubeide/plugins/com.st.stm32cube.ide.mcu.externaltools.gnu-tools-for-stm32.10.3-2021.10.win32_1.0.100.202210260954/tools/bin/../lib/gcc/arm-none-eabi/10.3.1/../../../../arm-none-eabi/lib/thumb/v7e-m+fp/hard\libnosys.a
END GROUP
START GROUP
LOAD c:/st/stm32cubeide_1.11.0/stm32cubeide/plugins/com.st.stm32cube.ide.mcu.externaltools.gnu-tools-for-stm32.10.3-2021.10.win32_1.0.100.202210260954/tools/bin/../lib/gcc/arm-none-eabi/10.3.1/thumb/v7e-m+fp/hard\libgcc.a
LOAD c:/st/stm32cubeide_1.11.0/stm32cubeide/plugins/com.st.stm32cube.ide.mcu.externaltools.gnu-tools-for-stm32.10.3-2021.10.win32_1.0.100.202210260954/tools/bin/../lib/gcc/arm-none-eabi/10.3.1/../../../../arm-none-eabi/lib/thumb/v7e-m+fp/hard\libc_nano.a
LOAD c:/st/stm32cubeide_1.11.0/stm32cubeide/plugins/com.st.stm32cube.ide.mcu.externaltools.gnu-tools-for-stm32.10.3-2021.10.win32_1.0.100.202210260954/tools/bin/../lib/gcc/arm-none-eabi/10.3.1/../../../../arm-none-eabi/lib/thumb/v7e-m+fp/hard\libnosys.a
END GROUP
LOAD c:/st/stm32cubeide_1.11.0/stm32cubeide/plugins/com.st.stm32cube.ide.mcu.externaltools.gnu-tools-for-stm32.10.3-2021.10.win32_1.0.100.202210260954/tools/bin/../lib/gcc/arm-none-eabi/10.3.1/thumb/v7e-m+fp/hard/crtend.o
LOAD c:/st/stm32cubeide_1.11.0/stm32cubeide/plugins/com.st.stm32cube.ide.mcu.externaltools.gnu-tools-for-stm32.10.3-2021.10.win32_1.0.100.202210260954/tools/bin/../lib/gcc/arm-none-eabi/10.3.1/thumb/v7e-m+fp/hard/crtn.o
                0x0000000020010000                _estack = (ORIGIN (RAM) + LENGTH (RAM))
                0x0000000000000200                _Min_Heap_Size = 0x200
                0x0000000000000400                _Min_Stack_Size = 0x400

.isr_vector     0x0000000008000000      0x194
                0x0000000008000000                . = ALIGN (0x4)
 *(.isr_vector)
 .isr_vector    0x0000000008000000      0x194 ./Core/Startup/startup_stm32f401ccux.o
                0x0000000008000000                g_pfnVectors
                0x0000000008000194                . = ALIGN (0x4)

.text           0x0000000008000198     0xba74
                0x0000000008000198                . = ALIGN (0x4)
 *(.text)
 .text          0x0000000008000198       0x40 c:/st/stm32cubeide_1.11.0/stm32cubeide/plugins/com.st.stm32cube.ide.mcu.externaltools.gnu-tools-for-stm32.10.3-2021.10.win32_1.0.100.202210260954/tools/bin/../lib/gcc/arm-none-eabi/10.3.1/thumb/v7e-m+fp/hard/crtbegin.o
 .text          0x00000000080001d8       0x14 c:/st/stm32cubeide_1.11.0/stm32cubeide/plugins/com.st.stm32cube.ide.mcu.externaltools.gnu-tools-for-stm32.10.3-2021.10.win32_1.0.100.202210260954/tools/bin/../lib/gcc/arm-none-eabi/10.3.1/../../../../arm-none-eabi/lib/thumb/v7e-m+fp/hard\libc_nano.a(lib_a-strcmp.o)
                0x00000000080001d8                strcmp
 .text          0x00000000080001ec      0x378 c:/st/stm32cubeide_1.11.0/stm32cubeide/plugins/com.st.stm32cube.ide.mcu.externaltools.gnu-tools-for-stm32.10.3-2021.10.win32_1.0.100.202210260954/tools/bin/../lib/gcc/arm-none-eabi/10.3.1/thumb/v7e-m+fp/hard\libgcc.a(_arm_addsubdf3.o)
                0x00000000080001ec                __aeabi_drsub
                0x00000000080001f4                __aeabi_dsub
                0x00000000080001f4                __subdf3
                0x00000000080001f8                __aeabi_dadd
                0x00000000080001f8                __adddf3
                0x0000000008000470                __floatunsidf
                0x0000000008000470                __aeabi_ui2d
                0x0000000008000490                __floatsidf
                0x0000000008000490                __aeabi_i2d
                0x00000000080004b4                __aeabi_f2d
                0x00000000080004b4                __extendsfdf2
                0x00000000080004f8                __floatundidf
                0x00000000080004f8                __aeabi_ul2d
                0x0000000008000508                __floatdidf
                0x0000000008000508                __aeabi_l2d
 .text          0x0000000008000564      0x424 c:/st/stm32cubeide_1.11.0/stm32cubeide/plugins/com.st.stm32cube.ide.mcu.externaltools.gnu-tools-for-stm32.10.3-2021.10.win32_1.0.100.202210260954/tools/bin/../lib/gcc/arm-none-eabi/10.3.1/thumb/v7e-m+fp/hard\libgcc.a(_arm_muldivdf3.o)
                0x0000000008000564                __aeabi_dmul
                0x0000000008000564                __muldf3
                0x00000000080007b8                __divdf3
                0x00000000080007b8                __aeabi_ddiv
 .text          0x0000000008000988      0x110 c:/st/stm32cubeide_1.11.0/stm32cubeide/plugins/com.st.stm32cube.ide.mcu.externaltools.gnu-tools-for-stm32.10.3-2021.10.win32_1.0.100.202210260954/tools/bin/../lib/gcc/arm-none-eabi/10.3.1/thumb/v7e-m+fp/hard\libgcc.a(_arm_cmpdf2.o)
                0x0000000008000988                __gtdf2
                0x0000000008000988                __gedf2
                0x0000000008000990                __ltdf2
                0x0000000008000990                __ledf2
                0x0000000008000998                __nedf2
                0x0000000008000998                __eqdf2
                0x0000000008000998                __cmpdf2
                0x0000000008000a14                __aeabi_cdrcmple
                0x0000000008000a24                __aeabi_cdcmpeq
                0x0000000008000a24                __aeabi_cdcmple
                0x0000000008000a34                __aeabi_dcmpeq
                0x0000000008000a48                __aeabi_dcmplt
                0x0000000008000a5c                __aeabi_dcmple
                0x0000000008000a70                __aeabi_dcmpge
                0x0000000008000a84                __aeabi_dcmpgt
 .text          0x0000000008000a98       0x2c c:/st/stm32cubeide_1.11.0/stm32cubeide/plugins/com.st.stm32cube.ide.mcu.externaltools.gnu-tools-for-stm32.10.3-2021.10.win32_1.0.100.202210260954/tools/bin/../lib/gcc/arm-none-eabi/10.3.1/thumb/v7e-m+fp/hard\libgcc.a(_arm_unorddf2.o)
                0x0000000008000a98                __unorddf2
                0x0000000008000a98                __aeabi_dcmpun
 .text          0x0000000008000ac4       0x50 c:/st/stm32cubeide_1.11.0/stm32cubeide/plugins/com.st.stm32cube.ide.mcu.externaltools.gnu-tools-for-stm32.10.3-2021.10.win32_1.0.100.202210260954/tools/bin/../lib/gcc/arm-none-eabi/10.3.1/thumb/v7e-m+fp/hard\libgcc.a(_arm_fixdfsi.o)
                0x0000000008000ac4                __aeabi_d2iz
                0x0000000008000ac4                __fixdfsi
 .text          0x0000000008000b14       0xa0 c:/st/stm32cubeide_1.11.0/stm32cubeide/plugins/com.st.stm32cube.ide.mcu.externaltools.gnu-tools-for-stm32.10.3-2021.10.win32_1.0.100.202210260954/tools/bin/../lib/gcc/arm-none-eabi/10.3.1/thumb/v7e-m+fp/hard\libgcc.a(_arm_truncdfsf2.o)
                0x0000000008000b14                __truncdfsf2
                0x0000000008000b14                __aeabi_d2f
 .text          0x0000000008000bb4       0x30 c:/st/stm32cubeide_1.11.0/stm32cubeide/plugins/com.st.stm32cube.ide.mcu.externaltools.gnu-tools-for-stm32.10.3-2021.10.win32_1.0.100.202210260954/tools/bin/../lib/gcc/arm-none-eabi/10.3.1/thumb/v7e-m+fp/hard\libgcc.a(_aeabi_uldivmod.o)
                0x0000000008000bb4                __aeabi_uldivmod
 .text          0x0000000008000be4      0x2d0 c:/st/stm32cubeide_1.11.0/stm32cubeide/plugins/com.st.stm32cube.ide.mcu.externaltools.gnu-tools-for-stm32.10.3-2021.10.win32_1.0.100.202210260954/tools/bin/../lib/gcc/arm-none-eabi/10.3.1/thumb/v7e-m+fp/hard\libgcc.a(_udivmoddi4.o)
                0x0000000008000be4                __udivmoddi4
 .text          0x0000000008000eb4        0x4 c:/st/stm32cubeide_1.11.0/stm32cubeide/plugins/com.st.stm32cube.ide.mcu.externaltools.gnu-tools-for-stm32.10.3-2021.10.win32_1.0.100.202210260954/tools/bin/../lib/gcc/arm-none-eabi/10.3.1/thumb/v7e-m+fp/hard\libgcc.a(_dvmd_tls.o)
                0x0000000008000eb4                __aeabi_idiv0
                0x0000000008000eb4                __aeabi_ldiv0
 *(.text*)
 .text.main     0x0000000008000eb8       0x70 ./Core/Src/main.o
                0x0000000008000eb8                main
 .text.SystemClock_Config
                0x0000000008000f28       0xd4 ./Core/Src/main.o
                0x0000000008000f28                SystemClock_Config
 .text.MX_TIM1_Init
                0x0000000008000ffc      0x170 ./Core/Src/main.o
 .text.MX_TIM3_Init
                0x000000000800116c       0x9c ./Core/Src/main.o
 .text.MX_TIM4_Init
                0x0000000008001208       0x9c ./Core/Src/main.o
 .text.MX_GPIO_Init
                0x00000000080012a4      0x154 ./Core/Src/main.o
 .text.inverse_kinematics
                0x00000000080013f8      0x300 ./Core/Src/main.o
                0x00000000080013f8                inverse_kinematics
 .text.forward_kinematics
                0x00000000080016f8       0xfc ./Core/Src/main.o
                0x00000000080016f8                forward_kinematics
 .text.inverse_cos_theorem
                0x00000000080017f4       0xf6 ./Core/Src/main.o
                0x00000000080017f4                inverse_cos_theorem
 *fill*         0x00000000080018ea        0x6 
 .text.forward_cos_theorem
                0x00000000080018f0       0x90 ./Core/Src/main.o
                0x00000000080018f0                forward_cos_theorem
 .text.Error_Handler
                0x0000000008001980       0x28 ./Core/Src/main.o
                0x0000000008001980                Error_Handler
 .text.HAL_MspInit
                0x00000000080019a8       0x50 ./Core/Src/stm32f4xx_hal_msp.o
                0x00000000080019a8                HAL_MspInit
 .text.HAL_TIM_Base_MspInit
                0x00000000080019f8       0xb8 ./Core/Src/stm32f4xx_hal_msp.o
                0x00000000080019f8                HAL_TIM_Base_MspInit
 .text.HAL_TIM_MspPostInit
                0x0000000008001ab0       0x74 ./Core/Src/stm32f4xx_hal_msp.o
                0x0000000008001ab0                HAL_TIM_MspPostInit
 .text.NMI_Handler
                0x0000000008001b24        0x6 ./Core/Src/stm32f4xx_it.o
                0x0000000008001b24                NMI_Handler
 .text.HardFault_Handler
                0x0000000008001b2a        0x6 ./Core/Src/stm32f4xx_it.o
                0x0000000008001b2a                HardFault_Handler
 .text.MemManage_Handler
                0x0000000008001b30        0x6 ./Core/Src/stm32f4xx_it.o
                0x0000000008001b30                MemManage_Handler
 .text.BusFault_Handler
                0x0000000008001b36        0x6 ./Core/Src/stm32f4xx_it.o
                0x0000000008001b36                BusFault_Handler
 .text.UsageFault_Handler
                0x0000000008001b3c        0x6 ./Core/Src/stm32f4xx_it.o
                0x0000000008001b3c                UsageFault_Handler
 .text.SVC_Handler
                0x0000000008001b42        0xe ./Core/Src/stm32f4xx_it.o
                0x0000000008001b42                SVC_Handler
 .text.DebugMon_Handler
                0x0000000008001b50        0xe ./Core/Src/stm32f4xx_it.o
                0x0000000008001b50                DebugMon_Handler
 .text.PendSV_Handler
                0x0000000008001b5e        0xe ./Core/Src/stm32f4xx_it.o
                0x0000000008001b5e                PendSV_Handler
 .text.SysTick_Handler
                0x0000000008001b6c        0xc ./Core/Src/stm32f4xx_it.o
                0x0000000008001b6c                SysTick_Handler
 .text.EXTI0_IRQHandler
                0x0000000008001b78       0x5c ./Core/Src/stm32f4xx_it.o
                0x0000000008001b78                EXTI0_IRQHandler
 .text.EXTI2_IRQHandler
                0x0000000008001bd4       0x5c ./Core/Src/stm32f4xx_it.o
                0x0000000008001bd4                EXTI2_IRQHandler
 .text.EXTI4_IRQHandler
                0x0000000008001c30       0x5c ./Core/Src/stm32f4xx_it.o
                0x0000000008001c30                EXTI4_IRQHandler
 *fill*         0x0000000008001c8c        0x4 
 .text.TIM3_IRQHandler
                0x0000000008001c90      0x174 ./Core/Src/stm32f4xx_it.o
                0x0000000008001c90                TIM3_IRQHandler
 *fill*         0x0000000008001e04        0x4 
 .text.TIM4_IRQHandler
                0x0000000008001e08      0x718 ./Core/Src/stm32f4xx_it.o
                0x0000000008001e08                TIM4_IRQHandler
 .text.OTG_FS_IRQHandler
                0x0000000008002520      0x360 ./Core/Src/stm32f4xx_it.o
                0x0000000008002520                OTG_FS_IRQHandler
 .text.SystemInit
                0x0000000008002880       0x24 ./Core/Src/system_stm32f4xx.o
                0x0000000008002880                SystemInit
 .text.Reset_Handler
                0x00000000080028a4       0x50 ./Core/Startup/startup_stm32f401ccux.o
                0x00000000080028a4                Reset_Handler
 .text.Default_Handler
                0x00000000080028f4        0x2 ./Core/Startup/startup_stm32f401ccux.o
                0x00000000080028f4                RTC_Alarm_IRQHandler
                0x00000000080028f4                SPI4_IRQHandler
                0x00000000080028f4                TIM1_CC_IRQHandler
                0x00000000080028f4                DMA2_Stream5_IRQHandler
                0x00000000080028f4                DMA1_Stream5_IRQHandler
                0x00000000080028f4                PVD_IRQHandler
                0x00000000080028f4                SDIO_IRQHandler
                0x00000000080028f4                TAMP_STAMP_IRQHandler
                0x00000000080028f4                EXTI3_IRQHandler
                0x00000000080028f4                TIM1_UP_TIM10_IRQHandler
                0x00000000080028f4                I2C3_ER_IRQHandler
                0x00000000080028f4                I2C2_EV_IRQHandler
                0x00000000080028f4                DMA1_Stream2_IRQHandler
                0x00000000080028f4                FPU_IRQHandler
                0x00000000080028f4                DMA2_Stream2_IRQHandler
                0x00000000080028f4                SPI1_IRQHandler
                0x00000000080028f4                TIM1_BRK_TIM9_IRQHandler
                0x00000000080028f4                DMA2_Stream3_IRQHandler
                0x00000000080028f4                USART6_IRQHandler
                0x00000000080028f4                DMA2_Stream0_IRQHandler
                0x00000000080028f4                I2C1_EV_IRQHandler
                0x00000000080028f4                DMA1_Stream6_IRQHandler
                0x00000000080028f4                DMA1_Stream1_IRQHandler
                0x00000000080028f4                RCC_IRQHandler
                0x00000000080028f4                Default_Handler
                0x00000000080028f4                EXTI15_10_IRQHandler
                0x00000000080028f4                ADC_IRQHandler
                0x00000000080028f4                DMA1_Stream7_IRQHandler
                0x00000000080028f4                TIM5_IRQHandler
                0x00000000080028f4                DMA2_Stream7_IRQHandler
                0x00000000080028f4                I2C3_EV_IRQHandler
                0x00000000080028f4                EXTI9_5_IRQHandler
                0x00000000080028f4                RTC_WKUP_IRQHandler
                0x00000000080028f4                SPI2_IRQHandler
                0x00000000080028f4                DMA1_Stream0_IRQHandler
                0x00000000080028f4                WWDG_IRQHandler
                0x00000000080028f4                TIM2_IRQHandler
                0x00000000080028f4                OTG_FS_WKUP_IRQHandler
                0x00000000080028f4                TIM1_TRG_COM_TIM11_IRQHandler
                0x00000000080028f4                EXTI1_IRQHandler
                0x00000000080028f4                USART2_IRQHandler
                0x00000000080028f4                I2C2_ER_IRQHandler
                0x00000000080028f4                DMA2_Stream1_IRQHandler
                0x00000000080028f4                FLASH_IRQHandler
                0x00000000080028f4                DMA2_Stream4_IRQHandler
                0x00000000080028f4                USART1_IRQHandler
                0x00000000080028f4                SPI3_IRQHandler
                0x00000000080028f4                DMA1_Stream4_IRQHandler
                0x00000000080028f4                I2C1_ER_IRQHandler
                0x00000000080028f4                DMA2_Stream6_IRQHandler
                0x00000000080028f4                DMA1_Stream3_IRQHandler
 *fill*         0x00000000080028f6        0x2 
 .text.HAL_Init
                0x00000000080028f8       0x44 ./Drivers/STM32F4xx_HAL_Driver/Src/stm32f4xx_hal.o
                0x00000000080028f8                HAL_Init
 .text.HAL_InitTick
                0x000000000800293c       0x60 ./Drivers/STM32F4xx_HAL_Driver/Src/stm32f4xx_hal.o
                0x000000000800293c                HAL_InitTick
 .text.HAL_IncTick
                0x000000000800299c       0x28 ./Drivers/STM32F4xx_HAL_Driver/Src/stm32f4xx_hal.o
                0x000000000800299c                HAL_IncTick
 .text.HAL_GetTick
                0x00000000080029c4       0x18 ./Drivers/STM32F4xx_HAL_Driver/Src/stm32f4xx_hal.o
                0x00000000080029c4                HAL_GetTick
 .text.HAL_Delay
                0x00000000080029dc       0x48 ./Drivers/STM32F4xx_HAL_Driver/Src/stm32f4xx_hal.o
                0x00000000080029dc                HAL_Delay
 .text.__NVIC_SetPriorityGrouping
                0x0000000008002a24       0x48 ./Drivers/STM32F4xx_HAL_Driver/Src/stm32f4xx_hal_cortex.o
 .text.__NVIC_GetPriorityGrouping
                0x0000000008002a6c       0x1c ./Drivers/STM32F4xx_HAL_Driver/Src/stm32f4xx_hal_cortex.o
 .text.__NVIC_EnableIRQ
                0x0000000008002a88       0x3c ./Drivers/STM32F4xx_HAL_Driver/Src/stm32f4xx_hal_cortex.o
 .text.__NVIC_SetPriority
                0x0000000008002ac4       0x54 ./Drivers/STM32F4xx_HAL_Driver/Src/stm32f4xx_hal_cortex.o
 .text.NVIC_EncodePriority
                0x0000000008002b18       0x66 ./Drivers/STM32F4xx_HAL_Driver/Src/stm32f4xx_hal_cortex.o
 *fill*         0x0000000008002b7e        0x2 
 .text.SysTick_Config
                0x0000000008002b80       0x44 ./Drivers/STM32F4xx_HAL_Driver/Src/stm32f4xx_hal_cortex.o
 .text.HAL_NVIC_SetPriorityGrouping
                0x0000000008002bc4       0x16 ./Drivers/STM32F4xx_HAL_Driver/Src/stm32f4xx_hal_cortex.o
                0x0000000008002bc4                HAL_NVIC_SetPriorityGrouping
 .text.HAL_NVIC_SetPriority
                0x0000000008002bda       0x38 ./Drivers/STM32F4xx_HAL_Driver/Src/stm32f4xx_hal_cortex.o
                0x0000000008002bda                HAL_NVIC_SetPriority
 .text.HAL_NVIC_EnableIRQ
                0x0000000008002c12       0x1c ./Drivers/STM32F4xx_HAL_Driver/Src/stm32f4xx_hal_cortex.o
                0x0000000008002c12                HAL_NVIC_EnableIRQ
 .text.HAL_SYSTICK_Config
                0x0000000008002c2e       0x18 ./Drivers/STM32F4xx_HAL_Driver/Src/stm32f4xx_hal_cortex.o
                0x0000000008002c2e                HAL_SYSTICK_Config
 *fill*         0x0000000008002c46        0x2 
 .text.HAL_GPIO_Init
                0x0000000008002c48      0x308 ./Drivers/STM32F4xx_HAL_Driver/Src/stm32f4xx_hal_gpio.o
                0x0000000008002c48                HAL_GPIO_Init
 .text.HAL_GPIO_ReadPin
                0x0000000008002f50       0x30 ./Drivers/STM32F4xx_HAL_Driver/Src/stm32f4xx_hal_gpio.o
                0x0000000008002f50                HAL_GPIO_ReadPin
 .text.HAL_GPIO_WritePin
                0x0000000008002f80       0x32 ./Drivers/STM32F4xx_HAL_Driver/Src/stm32f4xx_hal_gpio.o
                0x0000000008002f80                HAL_GPIO_WritePin
 .text.HAL_GPIO_TogglePin
                0x0000000008002fb2       0x34 ./Drivers/STM32F4xx_HAL_Driver/Src/stm32f4xx_hal_gpio.o
                0x0000000008002fb2                HAL_GPIO_TogglePin
 *fill*         0x0000000008002fe6        0x2 
 .text.HAL_GPIO_EXTI_IRQHandler
                0x0000000008002fe8       0x30 ./Drivers/STM32F4xx_HAL_Driver/Src/stm32f4xx_hal_gpio.o
                0x0000000008002fe8                HAL_GPIO_EXTI_IRQHandler
 .text.HAL_GPIO_EXTI_Callback
                0x0000000008003018       0x16 ./Drivers/STM32F4xx_HAL_Driver/Src/stm32f4xx_hal_gpio.o
                0x0000000008003018                HAL_GPIO_EXTI_Callback
 .text.HAL_PCD_Init
                0x000000000800302e      0x23a ./Drivers/STM32F4xx_HAL_Driver/Src/stm32f4xx_hal_pcd.o
                0x000000000800302e                HAL_PCD_Init
 .text.HAL_PCD_Start
                0x0000000008003268       0x66 ./Drivers/STM32F4xx_HAL_Driver/Src/stm32f4xx_hal_pcd.o
                0x0000000008003268                HAL_PCD_Start
 .text.HAL_PCD_IRQHandler
                0x00000000080032ce      0x93e ./Drivers/STM32F4xx_HAL_Driver/Src/stm32f4xx_hal_pcd.o
                0x00000000080032ce                HAL_PCD_IRQHandler
 .text.HAL_PCD_SetAddress
                0x0000000008003c0c       0x4a ./Drivers/STM32F4xx_HAL_Driver/Src/stm32f4xx_hal_pcd.o
                0x0000000008003c0c                HAL_PCD_SetAddress
 .text.HAL_PCD_EP_Open
                0x0000000008003c56       0xd0 ./Drivers/STM32F4xx_HAL_Driver/Src/stm32f4xx_hal_pcd.o
                0x0000000008003c56                HAL_PCD_EP_Open
 .text.HAL_PCD_EP_Close
                0x0000000008003d26       0x94 ./Drivers/STM32F4xx_HAL_Driver/Src/stm32f4xx_hal_pcd.o
                0x0000000008003d26                HAL_PCD_EP_Close
 .text.HAL_PCD_EP_Receive
                0x0000000008003dba       0x96 ./Drivers/STM32F4xx_HAL_Driver/Src/stm32f4xx_hal_pcd.o
                0x0000000008003dba                HAL_PCD_EP_Receive
 .text.HAL_PCD_EP_GetRxCount
                0x0000000008003e50       0x30 ./Drivers/STM32F4xx_HAL_Driver/Src/stm32f4xx_hal_pcd.o
                0x0000000008003e50                HAL_PCD_EP_GetRxCount
 .text.HAL_PCD_EP_Transmit
                0x0000000008003e80       0x94 ./Drivers/STM32F4xx_HAL_Driver/Src/stm32f4xx_hal_pcd.o
                0x0000000008003e80                HAL_PCD_EP_Transmit
 .text.HAL_PCD_EP_SetStall
                0x0000000008003f14       0xc8 ./Drivers/STM32F4xx_HAL_Driver/Src/stm32f4xx_hal_pcd.o
                0x0000000008003f14                HAL_PCD_EP_SetStall
 .text.HAL_PCD_EP_ClrStall
                0x0000000008003fdc       0xac ./Drivers/STM32F4xx_HAL_Driver/Src/stm32f4xx_hal_pcd.o
                0x0000000008003fdc                HAL_PCD_EP_ClrStall
 .text.HAL_PCD_EP_Abort
                0x0000000008004088       0x62 ./Drivers/STM32F4xx_HAL_Driver/Src/stm32f4xx_hal_pcd.o
                0x0000000008004088                HAL_PCD_EP_Abort
 .text.PCD_WriteEmptyTxFifo
                0x00000000080040ea      0x11a ./Drivers/STM32F4xx_HAL_Driver/Src/stm32f4xx_hal_pcd.o
 .text.PCD_EP_OutXfrComplete_int
                0x0000000008004204      0x1d0 ./Drivers/STM32F4xx_HAL_Driver/Src/stm32f4xx_hal_pcd.o
 .text.PCD_EP_OutSetupPacket_int
                0x00000000080043d4       0x8c ./Drivers/STM32F4xx_HAL_Driver/Src/stm32f4xx_hal_pcd.o
 .text.HAL_PCDEx_SetTxFiFo
                0x0000000008004460       0x8e ./Drivers/STM32F4xx_HAL_Driver/Src/stm32f4xx_hal_pcd_ex.o
                0x0000000008004460                HAL_PCDEx_SetTxFiFo
 .text.HAL_PCDEx_SetRxFiFo
                0x00000000080044ee       0x22 ./Drivers/STM32F4xx_HAL_Driver/Src/stm32f4xx_hal_pcd_ex.o
                0x00000000080044ee                HAL_PCDEx_SetRxFiFo
 .text.HAL_PCDEx_LPM_Callback
                0x0000000008004510       0x18 ./Drivers/STM32F4xx_HAL_Driver/Src/stm32f4xx_hal_pcd_ex.o
                0x0000000008004510                HAL_PCDEx_LPM_Callback
 .text.HAL_RCC_OscConfig
                0x0000000008004528      0x4f0 ./Drivers/STM32F4xx_HAL_Driver/Src/stm32f4xx_hal_rcc.o
                0x0000000008004528                HAL_RCC_OscConfig
 .text.HAL_RCC_ClockConfig
                0x0000000008004a18      0x1cc ./Drivers/STM32F4xx_HAL_Driver/Src/stm32f4xx_hal_rcc.o
                0x0000000008004a18                HAL_RCC_ClockConfig
 .text.HAL_RCC_GetSysClockFreq
                0x0000000008004be4      0x18c ./Drivers/STM32F4xx_HAL_Driver/Src/stm32f4xx_hal_rcc.o
                0x0000000008004be4                HAL_RCC_GetSysClockFreq
 .text.HAL_RCC_GetHCLKFreq
                0x0000000008004d70       0x18 ./Drivers/STM32F4xx_HAL_Driver/Src/stm32f4xx_hal_rcc.o
                0x0000000008004d70                HAL_RCC_GetHCLKFreq
 .text.HAL_TIM_Base_Init
                0x0000000008004d88       0x9e ./Drivers/STM32F4xx_HAL_Driver/Src/stm32f4xx_hal_tim.o
                0x0000000008004d88                HAL_TIM_Base_Init
 *fill*         0x0000000008004e26        0x2 
 .text.HAL_TIM_Base_Start_IT
                0x0000000008004e28       0xc4 ./Drivers/STM32F4xx_HAL_Driver/Src/stm32f4xx_hal_tim.o
                0x0000000008004e28                HAL_TIM_Base_Start_IT
 .text.HAL_TIM_PWM_Init
                0x0000000008004eec       0x9e ./Drivers/STM32F4xx_HAL_Driver/Src/stm32f4xx_hal_tim.o
                0x0000000008004eec                HAL_TIM_PWM_Init
 .text.HAL_TIM_PWM_MspInit
                0x0000000008004f8a       0x14 ./Drivers/STM32F4xx_HAL_Driver/Src/stm32f4xx_hal_tim.o
                0x0000000008004f8a                HAL_TIM_PWM_MspInit
 *fill*         0x0000000008004f9e        0x2 
 .text.HAL_TIM_PWM_Start
                0x0000000008004fa0      0x160 ./Drivers/STM32F4xx_HAL_Driver/Src/stm32f4xx_hal_tim.o
                0x0000000008004fa0                HAL_TIM_PWM_Start
 .text.HAL_TIM_IRQHandler
                0x0000000008005100      0x210 ./Drivers/STM32F4xx_HAL_Driver/Src/stm32f4xx_hal_tim.o
                0x0000000008005100                HAL_TIM_IRQHandler
 .text.HAL_TIM_PWM_ConfigChannel
                0x0000000008005310      0x184 ./Drivers/STM32F4xx_HAL_Driver/Src/stm32f4xx_hal_tim.o
                0x0000000008005310                HAL_TIM_PWM_ConfigChannel
 .text.HAL_TIM_ConfigClockSource
                0x0000000008005494      0x18e ./Drivers/STM32F4xx_HAL_Driver/Src/stm32f4xx_hal_tim.o
                0x0000000008005494                HAL_TIM_ConfigClockSource
 .text.HAL_TIM_PeriodElapsedCallback
                0x0000000008005622       0x14 ./Drivers/STM32F4xx_HAL_Driver/Src/stm32f4xx_hal_tim.o
                0x0000000008005622                HAL_TIM_PeriodElapsedCallback
 .text.HAL_TIM_OC_DelayElapsedCallback
                0x0000000008005636       0x14 ./Drivers/STM32F4xx_HAL_Driver/Src/stm32f4xx_hal_tim.o
                0x0000000008005636                HAL_TIM_OC_DelayElapsedCallback
 .text.HAL_TIM_IC_CaptureCallback
                0x000000000800564a       0x14 ./Drivers/STM32F4xx_HAL_Driver/Src/stm32f4xx_hal_tim.o
                0x000000000800564a                HAL_TIM_IC_CaptureCallback
 .text.HAL_TIM_PWM_PulseFinishedCallback
                0x000000000800565e       0x14 ./Drivers/STM32F4xx_HAL_Driver/Src/stm32f4xx_hal_tim.o
                0x000000000800565e                HAL_TIM_PWM_PulseFinishedCallback
 .text.HAL_TIM_TriggerCallback
                0x0000000008005672       0x14 ./Drivers/STM32F4xx_HAL_Driver/Src/stm32f4xx_hal_tim.o
                0x0000000008005672                HAL_TIM_TriggerCallback
 *fill*         0x0000000008005686        0x2 
 .text.TIM_Base_SetConfig
                0x0000000008005688      0x100 ./Drivers/STM32F4xx_HAL_Driver/Src/stm32f4xx_hal_tim.o
                0x0000000008005688                TIM_Base_SetConfig
 .text.TIM_OC1_SetConfig
                0x0000000008005788       0xcc ./Drivers/STM32F4xx_HAL_Driver/Src/stm32f4xx_hal_tim.o
 .text.TIM_OC2_SetConfig
                0x0000000008005854       0xd8 ./Drivers/STM32F4xx_HAL_Driver/Src/stm32f4xx_hal_tim.o
                0x0000000008005854                TIM_OC2_SetConfig
 .text.TIM_OC3_SetConfig
                0x000000000800592c       0xd4 ./Drivers/STM32F4xx_HAL_Driver/Src/stm32f4xx_hal_tim.o
 .text.TIM_OC4_SetConfig
                0x0000000008005a00       0xa0 ./Drivers/STM32F4xx_HAL_Driver/Src/stm32f4xx_hal_tim.o
 .text.TIM_TI1_ConfigInputStage
                0x0000000008005aa0       0x5e ./Drivers/STM32F4xx_HAL_Driver/Src/stm32f4xx_hal_tim.o
 .text.TIM_TI2_ConfigInputStage
                0x0000000008005afe       0x60 ./Drivers/STM32F4xx_HAL_Driver/Src/stm32f4xx_hal_tim.o
 .text.TIM_ITRx_SetConfig
                0x0000000008005b5e       0x36 ./Drivers/STM32F4xx_HAL_Driver/Src/stm32f4xx_hal_tim.o
 .text.TIM_ETR_SetConfig
                0x0000000008005b94       0x40 ./Drivers/STM32F4xx_HAL_Driver/Src/stm32f4xx_hal_tim.o
                0x0000000008005b94                TIM_ETR_SetConfig
 .text.TIM_CCxChannelCmd
                0x0000000008005bd4       0x4a ./Drivers/STM32F4xx_HAL_Driver/Src/stm32f4xx_hal_tim.o
                0x0000000008005bd4                TIM_CCxChannelCmd
 *fill*         0x0000000008005c1e        0x2 
 .text.HAL_TIMEx_MasterConfigSynchronization
                0x0000000008005c20       0xdc ./Drivers/STM32F4xx_HAL_Driver/Src/stm32f4xx_hal_tim_ex.o
                0x0000000008005c20                HAL_TIMEx_MasterConfigSynchronization
 .text.HAL_TIMEx_ConfigBreakDeadTime
                0x0000000008005cfc       0xa4 ./Drivers/STM32F4xx_HAL_Driver/Src/stm32f4xx_hal_tim_ex.o
                0x0000000008005cfc                HAL_TIMEx_ConfigBreakDeadTime
 .text.HAL_TIMEx_CommutCallback
                0x0000000008005da0       0x14 ./Drivers/STM32F4xx_HAL_Driver/Src/stm32f4xx_hal_tim_ex.o
                0x0000000008005da0                HAL_TIMEx_CommutCallback
 .text.HAL_TIMEx_BreakCallback
                0x0000000008005db4       0x14 ./Drivers/STM32F4xx_HAL_Driver/Src/stm32f4xx_hal_tim_ex.o
                0x0000000008005db4                HAL_TIMEx_BreakCallback
 .text.USB_CoreInit
                0x0000000008005dc8       0xc2 ./Drivers/STM32F4xx_HAL_Driver/Src/stm32f4xx_ll_usb.o
                0x0000000008005dc8                USB_CoreInit
 *fill*         0x0000000008005e8a        0x2 
 .text.USB_SetTurnaroundTime
                0x0000000008005e8c      0x144 ./Drivers/STM32F4xx_HAL_Driver/Src/stm32f4xx_ll_usb.o
                0x0000000008005e8c                USB_SetTurnaroundTime
 .text.USB_EnableGlobalInt
                0x0000000008005fd0       0x22 ./Drivers/STM32F4xx_HAL_Driver/Src/stm32f4xx_ll_usb.o
                0x0000000008005fd0                USB_EnableGlobalInt
 .text.USB_DisableGlobalInt
                0x0000000008005ff2       0x22 ./Drivers/STM32F4xx_HAL_Driver/Src/stm32f4xx_ll_usb.o
                0x0000000008005ff2                USB_DisableGlobalInt
 .text.USB_SetCurrentMode
                0x0000000008006014       0x98 ./Drivers/STM32F4xx_HAL_Driver/Src/stm32f4xx_ll_usb.o
                0x0000000008006014                USB_SetCurrentMode
 .text.USB_DevInit
                0x00000000080060ac      0x2c8 ./Drivers/STM32F4xx_HAL_Driver/Src/stm32f4xx_ll_usb.o
                0x00000000080060ac                USB_DevInit
 .text.USB_FlushTxFifo
                0x0000000008006374       0x68 ./Drivers/STM32F4xx_HAL_Driver/Src/stm32f4xx_ll_usb.o
                0x0000000008006374                USB_FlushTxFifo
 .text.USB_FlushRxFifo
                0x00000000080063dc       0x60 ./Drivers/STM32F4xx_HAL_Driver/Src/stm32f4xx_ll_usb.o
                0x00000000080063dc                USB_FlushRxFifo
 .text.USB_SetDevSpeed
                0x000000000800643c       0x32 ./Drivers/STM32F4xx_HAL_Driver/Src/stm32f4xx_ll_usb.o
                0x000000000800643c                USB_SetDevSpeed
 .text.USB_GetDevSpeed
                0x000000000800646e       0x4a ./Drivers/STM32F4xx_HAL_Driver/Src/stm32f4xx_ll_usb.o
                0x000000000800646e                USB_GetDevSpeed
 .text.USB_ActivateEndpoint
                0x00000000080064b8      0x10e ./Drivers/STM32F4xx_HAL_Driver/Src/stm32f4xx_ll_usb.o
                0x00000000080064b8                USB_ActivateEndpoint
 *fill*         0x00000000080065c6        0x2 
 .text.USB_DeactivateEndpoint
                0x00000000080065c8      0x1b8 ./Drivers/STM32F4xx_HAL_Driver/Src/stm32f4xx_ll_usb.o
                0x00000000080065c8                USB_DeactivateEndpoint
 .text.USB_EPStartXfer
                0x0000000008006780      0x490 ./Drivers/STM32F4xx_HAL_Driver/Src/stm32f4xx_ll_usb.o
                0x0000000008006780                USB_EPStartXfer
 .text.USB_EP0StartXfer
                0x0000000008006c10      0x2b0 ./Drivers/STM32F4xx_HAL_Driver/Src/stm32f4xx_ll_usb.o
                0x0000000008006c10                USB_EP0StartXfer
 .text.USB_EPStopXfer
                0x0000000008006ec0      0x154 ./Drivers/STM32F4xx_HAL_Driver/Src/stm32f4xx_ll_usb.o
                0x0000000008006ec0                USB_EPStopXfer
 .text.USB_WritePacket
                0x0000000008007014       0x7c ./Drivers/STM32F4xx_HAL_Driver/Src/stm32f4xx_ll_usb.o
                0x0000000008007014                USB_WritePacket
 .text.USB_ReadPacket
                0x0000000008007090       0xb0 ./Drivers/STM32F4xx_HAL_Driver/Src/stm32f4xx_ll_usb.o
                0x0000000008007090                USB_ReadPacket
 .text.USB_EPSetStall
                0x0000000008007140       0xdc ./Drivers/STM32F4xx_HAL_Driver/Src/stm32f4xx_ll_usb.o
                0x0000000008007140                USB_EPSetStall
 .text.USB_EPClearStall
                0x000000000800721c       0xcc ./Drivers/STM32F4xx_HAL_Driver/Src/stm32f4xx_ll_usb.o
                0x000000000800721c                USB_EPClearStall
 .text.USB_SetDevAddress
                0x00000000080072e8       0x4c ./Drivers/STM32F4xx_HAL_Driver/Src/stm32f4xx_ll_usb.o
                0x00000000080072e8                USB_SetDevAddress
 .text.USB_DevConnect
                0x0000000008007334       0x42 ./Drivers/STM32F4xx_HAL_Driver/Src/stm32f4xx_ll_usb.o
                0x0000000008007334                USB_DevConnect
 .text.USB_DevDisconnect
                0x0000000008007376       0x42 ./Drivers/STM32F4xx_HAL_Driver/Src/stm32f4xx_ll_usb.o
                0x0000000008007376                USB_DevDisconnect
 .text.USB_ReadInterrupts
                0x00000000080073b8       0x26 ./Drivers/STM32F4xx_HAL_Driver/Src/stm32f4xx_ll_usb.o
                0x00000000080073b8                USB_ReadInterrupts
 .text.USB_ReadDevAllOutEpInterrupt
                0x00000000080073de       0x34 ./Drivers/STM32F4xx_HAL_Driver/Src/stm32f4xx_ll_usb.o
                0x00000000080073de                USB_ReadDevAllOutEpInterrupt
 .text.USB_ReadDevAllInEpInterrupt
                0x0000000008007412       0x34 ./Drivers/STM32F4xx_HAL_Driver/Src/stm32f4xx_ll_usb.o
                0x0000000008007412                USB_ReadDevAllInEpInterrupt
 .text.USB_ReadDevOutEPInterrupt
                0x0000000008007446       0x3c ./Drivers/STM32F4xx_HAL_Driver/Src/stm32f4xx_ll_usb.o
                0x0000000008007446                USB_ReadDevOutEPInterrupt
 .text.USB_ReadDevInEPInterrupt
                0x0000000008007482       0x5c ./Drivers/STM32F4xx_HAL_Driver/Src/stm32f4xx_ll_usb.o
                0x0000000008007482                USB_ReadDevInEPInterrupt
 .text.USB_GetMode
                0x00000000080074de       0x1c ./Drivers/STM32F4xx_HAL_Driver/Src/stm32f4xx_ll_usb.o
                0x00000000080074de                USB_GetMode
 .text.USB_ActivateSetup
                0x00000000080074fa       0x46 ./Drivers/STM32F4xx_HAL_Driver/Src/stm32f4xx_ll_usb.o
                0x00000000080074fa                USB_ActivateSetup
 .text.USB_EP0_OutStart
                0x0000000008007540       0xbc ./Drivers/STM32F4xx_HAL_Driver/Src/stm32f4xx_ll_usb.o
                0x0000000008007540                USB_EP0_OutStart
 .text.USB_CoreReset
                0x00000000080075fc       0x68 ./Drivers/STM32F4xx_HAL_Driver/Src/stm32f4xx_ll_usb.o
 .text.USBD_CDC_Init
                0x0000000008007664      0x1f0 ./Middlewares/ST/STM32_USB_Device_Library/Class/CDC/Src/usbd_cdc.o
 .text.USBD_CDC_DeInit
                0x0000000008007854      0x104 ./Middlewares/ST/STM32_USB_Device_Library/Class/CDC/Src/usbd_cdc.o
 .text.USBD_CDC_Setup
                0x0000000008007958      0x1b8 ./Middlewares/ST/STM32_USB_Device_Library/Class/CDC/Src/usbd_cdc.o
 .text.USBD_CDC_DataIn
                0x0000000008007b10       0xfe ./Middlewares/ST/STM32_USB_Device_Library/Class/CDC/Src/usbd_cdc.o
 .text.USBD_CDC_DataOut
                0x0000000008007c0e       0x70 ./Middlewares/ST/STM32_USB_Device_Library/Class/CDC/Src/usbd_cdc.o
 .text.USBD_CDC_EP0_RxReady
                0x0000000008007c7e       0x76 ./Middlewares/ST/STM32_USB_Device_Library/Class/CDC/Src/usbd_cdc.o
 .text.USBD_CDC_GetFSCfgDesc
                0x0000000008007cf4       0x70 ./Middlewares/ST/STM32_USB_Device_Library/Class/CDC/Src/usbd_cdc.o
 .text.USBD_CDC_GetHSCfgDesc
                0x0000000008007d64       0x70 ./Middlewares/ST/STM32_USB_Device_Library/Class/CDC/Src/usbd_cdc.o
 .text.USBD_CDC_GetOtherSpeedCfgDesc
                0x0000000008007dd4       0x70 ./Middlewares/ST/STM32_USB_Device_Library/Class/CDC/Src/usbd_cdc.o
 .text.USBD_CDC_GetDeviceQualifierDescriptor
                0x0000000008007e44       0x20 ./Middlewares/ST/STM32_USB_Device_Library/Class/CDC/Src/usbd_cdc.o
                0x0000000008007e44                USBD_CDC_GetDeviceQualifierDescriptor
 .text.USBD_CDC_RegisterInterface
                0x0000000008007e64       0x34 ./Middlewares/ST/STM32_USB_Device_Library/Class/CDC/Src/usbd_cdc.o
                0x0000000008007e64                USBD_CDC_RegisterInterface
 .text.USBD_CDC_SetTxBuffer
                0x0000000008007e98       0x44 ./Middlewares/ST/STM32_USB_Device_Library/Class/CDC/Src/usbd_cdc.o
                0x0000000008007e98                USBD_CDC_SetTxBuffer
 .text.USBD_CDC_SetRxBuffer
                0x0000000008007edc       0x3a ./Middlewares/ST/STM32_USB_Device_Library/Class/CDC/Src/usbd_cdc.o
                0x0000000008007edc                USBD_CDC_SetRxBuffer
 *fill*         0x0000000008007f16        0x2 
 .text.USBD_CDC_TransmitPacket
                0x0000000008007f18       0x8c ./Middlewares/ST/STM32_USB_Device_Library/Class/CDC/Src/usbd_cdc.o
                0x0000000008007f18                USBD_CDC_TransmitPacket
 .text.USBD_CDC_ReceivePacket
                0x0000000008007fa4       0x6c ./Middlewares/ST/STM32_USB_Device_Library/Class/CDC/Src/usbd_cdc.o
                0x0000000008007fa4                USBD_CDC_ReceivePacket
 .text.USBD_Init
                0x0000000008008010       0x60 ./Middlewares/ST/STM32_USB_Device_Library/Core/Src/usbd_core.o
                0x0000000008008010                USBD_Init
 .text.USBD_RegisterClass
                0x0000000008008070       0x6c ./Middlewares/ST/STM32_USB_Device_Library/Core/Src/usbd_core.o
                0x0000000008008070                USBD_RegisterClass
 .text.USBD_Start
                0x00000000080080dc       0x18 ./Middlewares/ST/STM32_USB_Device_Library/Core/Src/usbd_core.o
                0x00000000080080dc                USBD_Start
 .text.USBD_RunTestMode
                0x00000000080080f4       0x16 ./Middlewares/ST/STM32_USB_Device_Library/Core/Src/usbd_core.o
                0x00000000080080f4                USBD_RunTestMode
 .text.USBD_SetClassConfig
                0x000000000800810a       0x38 ./Middlewares/ST/STM32_USB_Device_Library/Core/Src/usbd_core.o
                0x000000000800810a                USBD_SetClassConfig
 .text.USBD_ClrClassConfig
                0x0000000008008142       0x34 ./Middlewares/ST/STM32_USB_Device_Library/Core/Src/usbd_core.o
                0x0000000008008142                USBD_ClrClassConfig
 .text.USBD_LL_SetupStage
                0x0000000008008176       0xaa ./Middlewares/ST/STM32_USB_Device_Library/Core/Src/usbd_core.o
                0x0000000008008176                USBD_LL_SetupStage
 .text.USBD_LL_DataOutStage
                0x0000000008008220      0x166 ./Middlewares/ST/STM32_USB_Device_Library/Core/Src/usbd_core.o
                0x0000000008008220                USBD_LL_DataOutStage
 .text.USBD_LL_DataInStage
                0x0000000008008386      0x164 ./Middlewares/ST/STM32_USB_Device_Library/Core/Src/usbd_core.o
                0x0000000008008386                USBD_LL_DataInStage
 .text.USBD_LL_Reset
                0x00000000080084ea       0xa4 ./Middlewares/ST/STM32_USB_Device_Library/Core/Src/usbd_core.o
                0x00000000080084ea                USBD_LL_Reset
 .text.USBD_LL_SetSpeed
                0x000000000800858e       0x20 ./Middlewares/ST/STM32_USB_Device_Library/Core/Src/usbd_core.o
                0x000000000800858e                USBD_LL_SetSpeed
 .text.USBD_LL_Suspend
                0x00000000080085ae       0x2c ./Middlewares/ST/STM32_USB_Device_Library/Core/Src/usbd_core.o
                0x00000000080085ae                USBD_LL_Suspend
 .text.USBD_LL_Resume
                0x00000000080085da       0x30 ./Middlewares/ST/STM32_USB_Device_Library/Core/Src/usbd_core.o
                0x00000000080085da                USBD_LL_Resume
 .text.USBD_LL_SOF
                0x000000000800860a       0x40 ./Middlewares/ST/STM32_USB_Device_Library/Core/Src/usbd_core.o
                0x000000000800860a                USBD_LL_SOF
 .text.USBD_LL_IsoINIncomplete
                0x000000000800864a       0x64 ./Middlewares/ST/STM32_USB_Device_Library/Core/Src/usbd_core.o
                0x000000000800864a                USBD_LL_IsoINIncomplete
 .text.USBD_LL_IsoOUTIncomplete
                0x00000000080086ae       0x64 ./Middlewares/ST/STM32_USB_Device_Library/Core/Src/usbd_core.o
                0x00000000080086ae                USBD_LL_IsoOUTIncomplete
 .text.USBD_LL_DevConnected
                0x0000000008008712       0x16 ./Middlewares/ST/STM32_USB_Device_Library/Core/Src/usbd_core.o
                0x0000000008008712                USBD_LL_DevConnected
 .text.USBD_LL_DevDisconnected
                0x0000000008008728       0x46 ./Middlewares/ST/STM32_USB_Device_Library/Core/Src/usbd_core.o
                0x0000000008008728                USBD_LL_DevDisconnected
 .text.USBD_CoreFindIF
                0x000000000800876e       0x1a ./Middlewares/ST/STM32_USB_Device_Library/Core/Src/usbd_core.o
                0x000000000800876e                USBD_CoreFindIF
 .text.USBD_CoreFindEP
                0x0000000008008788       0x1a ./Middlewares/ST/STM32_USB_Device_Library/Core/Src/usbd_core.o
                0x0000000008008788                USBD_CoreFindEP
 .text.USBD_GetEpDesc
                0x00000000080087a2       0x74 ./Middlewares/ST/STM32_USB_Device_Library/Core/Src/usbd_core.o
                0x00000000080087a2                USBD_GetEpDesc
 .text.USBD_GetNextDesc
                0x0000000008008816       0x3a ./Middlewares/ST/STM32_USB_Device_Library/Core/Src/usbd_core.o
                0x0000000008008816                USBD_GetNextDesc
 .text.SWAPBYTE
                0x0000000008008850       0x3c ./Middlewares/ST/STM32_USB_Device_Library/Core/Src/usbd_ctlreq.o
 .text.USBD_StdDevReq
                0x000000000800888c       0xe4 ./Middlewares/ST/STM32_USB_Device_Library/Core/Src/usbd_ctlreq.o
                0x000000000800888c                USBD_StdDevReq
 .text.USBD_StdItfReq
                0x0000000008008970       0xd8 ./Middlewares/ST/STM32_USB_Device_Library/Core/Src/usbd_ctlreq.o
                0x0000000008008970                USBD_StdItfReq
 .text.USBD_StdEPReq
                0x0000000008008a48      0x33a ./Middlewares/ST/STM32_USB_Device_Library/Core/Src/usbd_ctlreq.o
                0x0000000008008a48                USBD_StdEPReq
 *fill*         0x0000000008008d82        0x2 
 .text.USBD_GetDescriptor
                0x0000000008008d84      0x2d4 ./Middlewares/ST/STM32_USB_Device_Library/Core/Src/usbd_ctlreq.o
 .text.USBD_SetAddress
                0x0000000008009058       0x88 ./Middlewares/ST/STM32_USB_Device_Library/Core/Src/usbd_ctlreq.o
 .text.USBD_SetConfig
                0x00000000080090e0      0x154 ./Middlewares/ST/STM32_USB_Device_Library/Core/Src/usbd_ctlreq.o
 .text.USBD_GetConfig
                0x0000000008009234       0x6c ./Middlewares/ST/STM32_USB_Device_Library/Core/Src/usbd_ctlreq.o
 .text.USBD_GetStatus
                0x00000000080092a0       0x68 ./Middlewares/ST/STM32_USB_Device_Library/Core/Src/usbd_ctlreq.o
 .text.USBD_SetFeature
                0x0000000008009308       0x52 ./Middlewares/ST/STM32_USB_Device_Library/Core/Src/usbd_ctlreq.o
 .text.USBD_ClrFeature
                0x000000000800935a       0x44 ./Middlewares/ST/STM32_USB_Device_Library/Core/Src/usbd_ctlreq.o
 .text.USBD_ParseSetupRequest
                0x000000000800939e       0x74 ./Middlewares/ST/STM32_USB_Device_Library/Core/Src/usbd_ctlreq.o
                0x000000000800939e                USBD_ParseSetupRequest
 .text.USBD_CtlError
                0x0000000008009412       0x22 ./Middlewares/ST/STM32_USB_Device_Library/Core/Src/usbd_ctlreq.o
                0x0000000008009412                USBD_CtlError
 .text.USBD_GetString
                0x0000000008009434       0x8c ./Middlewares/ST/STM32_USB_Device_Library/Core/Src/usbd_ctlreq.o
                0x0000000008009434                USBD_GetString
 .text.USBD_GetLen
                0x00000000080094c0       0x34 ./Middlewares/ST/STM32_USB_Device_Library/Core/Src/usbd_ctlreq.o
 .text.USBD_CtlSendData
                0x00000000080094f4       0x36 ./Middlewares/ST/STM32_USB_Device_Library/Core/Src/usbd_ioreq.o
                0x00000000080094f4                USBD_CtlSendData
 .text.USBD_CtlContinueSendData
                0x000000000800952a       0x22 ./Middlewares/ST/STM32_USB_Device_Library/Core/Src/usbd_ioreq.o
                0x000000000800952a                USBD_CtlContinueSendData
 .text.USBD_CtlPrepareRx
                0x000000000800954c       0x3a ./Middlewares/ST/STM32_USB_Device_Library/Core/Src/usbd_ioreq.o
                0x000000000800954c                USBD_CtlPrepareRx
 .text.USBD_CtlContinueRx
                0x0000000008009586       0x22 ./Middlewares/ST/STM32_USB_Device_Library/Core/Src/usbd_ioreq.o
                0x0000000008009586                USBD_CtlContinueRx
 .text.USBD_CtlSendStatus
                0x00000000080095a8       0x26 ./Middlewares/ST/STM32_USB_Device_Library/Core/Src/usbd_ioreq.o
                0x00000000080095a8                USBD_CtlSendStatus
 .text.USBD_CtlReceiveStatus
                0x00000000080095ce       0x26 ./Middlewares/ST/STM32_USB_Device_Library/Core/Src/usbd_ioreq.o
                0x00000000080095ce                USBD_CtlReceiveStatus
 .text.MX_USB_DEVICE_Init
                0x00000000080095f4       0x60 ./USB_DEVICE/App/usb_device.o
                0x00000000080095f4                MX_USB_DEVICE_Init
 .text.CDC_Init_FS
                0x0000000008009654       0x28 ./USB_DEVICE/App/usbd_cdc_if.o
 .text.CDC_DeInit_FS
                0x000000000800967c       0x10 ./USB_DEVICE/App/usbd_cdc_if.o
 .text.CDC_Control_FS
                0x000000000800968c       0xbc ./USB_DEVICE/App/usbd_cdc_if.o
 .text.CDC_Receive_FS
                0x0000000008009748       0x28 ./USB_DEVICE/App/usbd_cdc_if.o
                0x0000000008009748                CDC_Receive_FS
 .text.CDC_Transmit_FS
                0x0000000008009770       0x4c ./USB_DEVICE/App/usbd_cdc_if.o
                0x0000000008009770                CDC_Transmit_FS
 .text.CDC_TransmitCplt_FS
                0x00000000080097bc       0x22 ./USB_DEVICE/App/usbd_cdc_if.o
 *fill*         0x00000000080097de        0x2 
 .text.USBD_FS_DeviceDescriptor
                0x00000000080097e0       0x24 ./USB_DEVICE/App/usbd_desc.o
                0x00000000080097e0                USBD_FS_DeviceDescriptor
 .text.USBD_FS_LangIDStrDescriptor
                0x0000000008009804       0x24 ./USB_DEVICE/App/usbd_desc.o
                0x0000000008009804                USBD_FS_LangIDStrDescriptor
 .text.USBD_FS_ProductStrDescriptor
                0x0000000008009828       0x3c ./USB_DEVICE/App/usbd_desc.o
                0x0000000008009828                USBD_FS_ProductStrDescriptor
 .text.USBD_FS_ManufacturerStrDescriptor
                0x0000000008009864       0x28 ./USB_DEVICE/App/usbd_desc.o
                0x0000000008009864                USBD_FS_ManufacturerStrDescriptor
 .text.USBD_FS_SerialStrDescriptor
                0x000000000800988c       0x24 ./USB_DEVICE/App/usbd_desc.o
                0x000000000800988c                USBD_FS_SerialStrDescriptor
 .text.USBD_FS_ConfigStrDescriptor
                0x00000000080098b0       0x3c ./USB_DEVICE/App/usbd_desc.o
                0x00000000080098b0                USBD_FS_ConfigStrDescriptor
 .text.USBD_FS_InterfaceStrDescriptor
                0x00000000080098ec       0x3c ./USB_DEVICE/App/usbd_desc.o
                0x00000000080098ec                USBD_FS_InterfaceStrDescriptor
 .text.Get_SerialNum
                0x0000000008009928       0x58 ./USB_DEVICE/App/usbd_desc.o
 .text.IntToUnicode
                0x0000000008009980       0x7e ./USB_DEVICE/App/usbd_desc.o
 *fill*         0x00000000080099fe        0x2 
 .text.HAL_PCD_MspInit
                0x0000000008009a00       0xa8 ./USB_DEVICE/Target/usbd_conf.o
                0x0000000008009a00                HAL_PCD_MspInit
 .text.HAL_PCD_SetupStageCallback
                0x0000000008009aa8       0x24 ./USB_DEVICE/Target/usbd_conf.o
                0x0000000008009aa8                HAL_PCD_SetupStageCallback
 .text.HAL_PCD_DataOutStageCallback
                0x0000000008009acc       0x36 ./USB_DEVICE/Target/usbd_conf.o
                0x0000000008009acc                HAL_PCD_DataOutStageCallback
 .text.HAL_PCD_DataInStageCallback
                0x0000000008009b02       0x34 ./USB_DEVICE/Target/usbd_conf.o
                0x0000000008009b02                HAL_PCD_DataInStageCallback
 .text.HAL_PCD_SOFCallback
                0x0000000008009b36       0x1c ./USB_DEVICE/Target/usbd_conf.o
                0x0000000008009b36                HAL_PCD_SOFCallback
 .text.HAL_PCD_ResetCallback
                0x0000000008009b52       0x3c ./USB_DEVICE/Target/usbd_conf.o
                0x0000000008009b52                HAL_PCD_ResetCallback
 *fill*         0x0000000008009b8e        0x2 
 .text.HAL_PCD_SuspendCallback
                0x0000000008009b90       0x4c ./USB_DEVICE/Target/usbd_conf.o
                0x0000000008009b90                HAL_PCD_SuspendCallback
 .text.HAL_PCD_ResumeCallback
                0x0000000008009bdc       0x1c ./USB_DEVICE/Target/usbd_conf.o
                0x0000000008009bdc                HAL_PCD_ResumeCallback
 .text.HAL_PCD_ISOOUTIncompleteCallback
                0x0000000008009bf8       0x24 ./USB_DEVICE/Target/usbd_conf.o
                0x0000000008009bf8                HAL_PCD_ISOOUTIncompleteCallback
 .text.HAL_PCD_ISOINIncompleteCallback
                0x0000000008009c1c       0x24 ./USB_DEVICE/Target/usbd_conf.o
                0x0000000008009c1c                HAL_PCD_ISOINIncompleteCallback
 .text.HAL_PCD_ConnectCallback
                0x0000000008009c40       0x1c ./USB_DEVICE/Target/usbd_conf.o
                0x0000000008009c40                HAL_PCD_ConnectCallback
 .text.HAL_PCD_DisconnectCallback
                0x0000000008009c5c       0x1c ./USB_DEVICE/Target/usbd_conf.o
                0x0000000008009c5c                HAL_PCD_DisconnectCallback
 .text.USBD_LL_Init
                0x0000000008009c78       0x98 ./USB_DEVICE/Target/usbd_conf.o
                0x0000000008009c78                USBD_LL_Init
 .text.USBD_LL_Start
                0x0000000008009d10       0x36 ./USB_DEVICE/Target/usbd_conf.o
                0x0000000008009d10                USBD_LL_Start
 .text.USBD_LL_OpenEP
                0x0000000008009d46       0x4c ./USB_DEVICE/Target/usbd_conf.o
                0x0000000008009d46                USBD_LL_OpenEP
 .text.USBD_LL_CloseEP
                0x0000000008009d92       0x3e ./USB_DEVICE/Target/usbd_conf.o
                0x0000000008009d92                USBD_LL_CloseEP
 .text.USBD_LL_StallEP
                0x0000000008009dd0       0x3e ./USB_DEVICE/Target/usbd_conf.o
                0x0000000008009dd0                USBD_LL_StallEP
 .text.USBD_LL_ClearStallEP
                0x0000000008009e0e       0x3e ./USB_DEVICE/Target/usbd_conf.o
                0x0000000008009e0e                USBD_LL_ClearStallEP
 .text.USBD_LL_IsStallEP
                0x0000000008009e4c       0x58 ./USB_DEVICE/Target/usbd_conf.o
                0x0000000008009e4c                USBD_LL_IsStallEP
 .text.USBD_LL_SetUSBAddress
                0x0000000008009ea4       0x3e ./USB_DEVICE/Target/usbd_conf.o
                0x0000000008009ea4                USBD_LL_SetUSBAddress
 .text.USBD_LL_Transmit
                0x0000000008009ee2       0x42 ./USB_DEVICE/Target/usbd_conf.o
                0x0000000008009ee2                USBD_LL_Transmit
 .text.USBD_LL_PrepareReceive
                0x0000000008009f24       0x42 ./USB_DEVICE/Target/usbd_conf.o
                0x0000000008009f24                USBD_LL_PrepareReceive
 .text.USBD_LL_GetRxDataSize
                0x0000000008009f66       0x26 ./USB_DEVICE/Target/usbd_conf.o
                0x0000000008009f66                USBD_LL_GetRxDataSize
 .text.USBD_static_malloc
                0x0000000008009f8c       0x1c ./USB_DEVICE/Target/usbd_conf.o
                0x0000000008009f8c                USBD_static_malloc
 .text.USBD_static_free
                0x0000000008009fa8       0x14 ./USB_DEVICE/Target/usbd_conf.o
                0x0000000008009fa8                USBD_static_free
 .text.USBD_Get_USB_Status
                0x0000000008009fbc       0x58 ./USB_DEVICE/Target/usbd_conf.o
                0x0000000008009fbc                USBD_Get_USB_Status
 .text.__errno  0x000000000800a014        0xc c:/st/stm32cubeide_1.11.0/stm32cubeide/plugins/com.st.stm32cube.ide.mcu.externaltools.gnu-tools-for-stm32.10.3-2021.10.win32_1.0.100.202210260954/tools/bin/../lib/gcc/arm-none-eabi/10.3.1/../../../../arm-none-eabi/lib/thumb/v7e-m+fp/hard\libc_nano.a(lib_a-errno.o)
                0x000000000800a014                __errno
 .text.__libc_init_array
                0x000000000800a020       0x48 c:/st/stm32cubeide_1.11.0/stm32cubeide/plugins/com.st.stm32cube.ide.mcu.externaltools.gnu-tools-for-stm32.10.3-2021.10.win32_1.0.100.202210260954/tools/bin/../lib/gcc/arm-none-eabi/10.3.1/../../../../arm-none-eabi/lib/thumb/v7e-m+fp/hard\libc_nano.a(lib_a-init.o)
                0x000000000800a020                __libc_init_array
 .text.memset   0x000000000800a068       0x10 c:/st/stm32cubeide_1.11.0/stm32cubeide/plugins/com.st.stm32cube.ide.mcu.externaltools.gnu-tools-for-stm32.10.3-2021.10.win32_1.0.100.202210260954/tools/bin/../lib/gcc/arm-none-eabi/10.3.1/../../../../arm-none-eabi/lib/thumb/v7e-m+fp/hard\libc_nano.a(lib_a-memset.o)
                0x000000000800a068                memset
 .text.atan     0x000000000800a078      0x340 c:/st/stm32cubeide_1.11.0/stm32cubeide/plugins/com.st.stm32cube.ide.mcu.externaltools.gnu-tools-for-stm32.10.3-2021.10.win32_1.0.100.202210260954/tools/bin/../lib/gcc/arm-none-eabi/10.3.1/../../../../arm-none-eabi/lib/thumb/v7e-m+fp/hard\libm.a(lib_a-s_atan.o)
                0x000000000800a078                atan
 .text.cos      0x000000000800a3b8       0xa8 c:/st/stm32cubeide_1.11.0/stm32cubeide/plugins/com.st.stm32cube.ide.mcu.externaltools.gnu-tools-for-stm32.10.3-2021.10.win32_1.0.100.202210260954/tools/bin/../lib/gcc/arm-none-eabi/10.3.1/../../../../arm-none-eabi/lib/thumb/v7e-m+fp/hard\libm.a(lib_a-s_cos.o)
                0x000000000800a3b8                cos
 .text.fabs     0x000000000800a460       0x12 c:/st/stm32cubeide_1.11.0/stm32cubeide/plugins/com.st.stm32cube.ide.mcu.externaltools.gnu-tools-for-stm32.10.3-2021.10.win32_1.0.100.202210260954/tools/bin/../lib/gcc/arm-none-eabi/10.3.1/../../../../arm-none-eabi/lib/thumb/v7e-m+fp/hard\libm.a(lib_a-s_fabs.o)
                0x000000000800a460                fabs
 *fill*         0x000000000800a472        0x6 
 .text.sin      0x000000000800a478       0xb0 c:/st/stm32cubeide_1.11.0/stm32cubeide/plugins/com.st.stm32cube.ide.mcu.externaltools.gnu-tools-for-stm32.10.3-2021.10.win32_1.0.100.202210260954/tools/bin/../lib/gcc/arm-none-eabi/10.3.1/../../../../arm-none-eabi/lib/thumb/v7e-m+fp/hard\libm.a(lib_a-s_sin.o)
                0x000000000800a478                sin
 .text.acos     0x000000000800a528       0x68 c:/st/stm32cubeide_1.11.0/stm32cubeide/plugins/com.st.stm32cube.ide.mcu.externaltools.gnu-tools-for-stm32.10.3-2021.10.win32_1.0.100.202210260954/tools/bin/../lib/gcc/arm-none-eabi/10.3.1/../../../../arm-none-eabi/lib/thumb/v7e-m+fp/hard\libm.a(lib_a-w_acos.o)
                0x000000000800a528                acos
 .text.sqrt     0x000000000800a590       0x58 c:/st/stm32cubeide_1.11.0/stm32cubeide/plugins/com.st.stm32cube.ide.mcu.externaltools.gnu-tools-for-stm32.10.3-2021.10.win32_1.0.100.202210260954/tools/bin/../lib/gcc/arm-none-eabi/10.3.1/../../../../arm-none-eabi/lib/thumb/v7e-m+fp/hard\libm.a(lib_a-w_sqrt.o)
                0x000000000800a590                sqrt
 .text.__ieee754_acos
                0x000000000800a5e8      0x4c0 c:/st/stm32cubeide_1.11.0/stm32cubeide/plugins/com.st.stm32cube.ide.mcu.externaltools.gnu-tools-for-stm32.10.3-2021.10.win32_1.0.100.202210260954/tools/bin/../lib/gcc/arm-none-eabi/10.3.1/../../../../arm-none-eabi/lib/thumb/v7e-m+fp/hard\libm.a(lib_a-e_acos.o)
                0x000000000800a5e8                __ieee754_acos
 .text.__ieee754_rem_pio2
                0x000000000800aaa8      0x418 c:/st/stm32cubeide_1.11.0/stm32cubeide/plugins/com.st.stm32cube.ide.mcu.externaltools.gnu-tools-for-stm32.10.3-2021.10.win32_1.0.100.202210260954/tools/bin/../lib/gcc/arm-none-eabi/10.3.1/../../../../arm-none-eabi/lib/thumb/v7e-m+fp/hard\libm.a(lib_a-e_rem_pio2.o)
                0x000000000800aaa8                __ieee754_rem_pio2
 .text.__ieee754_sqrt
                0x000000000800aec0      0x164 c:/st/stm32cubeide_1.11.0/stm32cubeide/plugins/com.st.stm32cube.ide.mcu.externaltools.gnu-tools-for-stm32.10.3-2021.10.win32_1.0.100.202210260954/tools/bin/../lib/gcc/arm-none-eabi/10.3.1/../../../../arm-none-eabi/lib/thumb/v7e-m+fp/hard\libm.a(lib_a-e_sqrt.o)
                0x000000000800aec0                __ieee754_sqrt
 *fill*         0x000000000800b024        0x4 
 .text.__kernel_cos
                0x000000000800b028      0x18c c:/st/stm32cubeide_1.11.0/stm32cubeide/plugins/com.st.stm32cube.ide.mcu.externaltools.gnu-tools-for-stm32.10.3-2021.10.win32_1.0.100.202210260954/tools/bin/../lib/gcc/arm-none-eabi/10.3.1/../../../../arm-none-eabi/lib/thumb/v7e-m+fp/hard\libm.a(lib_a-k_cos.o)
                0x000000000800b028                __kernel_cos
 *fill*         0x000000000800b1b4        0x4 
 .text.__kernel_rem_pio2
                0x000000000800b1b8      0x69c c:/st/stm32cubeide_1.11.0/stm32cubeide/plugins/com.st.stm32cube.ide.mcu.externaltools.gnu-tools-for-stm32.10.3-2021.10.win32_1.0.100.202210260954/tools/bin/../lib/gcc/arm-none-eabi/10.3.1/../../../../arm-none-eabi/lib/thumb/v7e-m+fp/hard\libm.a(lib_a-k_rem_pio2.o)
                0x000000000800b1b8                __kernel_rem_pio2
 *fill*         0x000000000800b854        0x4 
 .text.__kernel_sin
                0x000000000800b858      0x17c c:/st/stm32cubeide_1.11.0/stm32cubeide/plugins/com.st.stm32cube.ide.mcu.externaltools.gnu-tools-for-stm32.10.3-2021.10.win32_1.0.100.202210260954/tools/bin/../lib/gcc/arm-none-eabi/10.3.1/../../../../arm-none-eabi/lib/thumb/v7e-m+fp/hard\libm.a(lib_a-k_sin.o)
                0x000000000800b858                __kernel_sin
 *fill*         0x000000000800b9d4        0x4 
 .text.floor    0x000000000800b9d8      0x100 c:/st/stm32cubeide_1.11.0/stm32cubeide/plugins/com.st.stm32cube.ide.mcu.externaltools.gnu-tools-for-stm32.10.3-2021.10.win32_1.0.100.202210260954/tools/bin/../lib/gcc/arm-none-eabi/10.3.1/../../../../arm-none-eabi/lib/thumb/v7e-m+fp/hard\libm.a(lib_a-s_floor.o)
                0x000000000800b9d8                floor
 .text.nan      0x000000000800bad8       0x10 c:/st/stm32cubeide_1.11.0/stm32cubeide/plugins/com.st.stm32cube.ide.mcu.externaltools.gnu-tools-for-stm32.10.3-2021.10.win32_1.0.100.202210260954/tools/bin/../lib/gcc/arm-none-eabi/10.3.1/../../../../arm-none-eabi/lib/thumb/v7e-m+fp/hard\libm.a(lib_a-s_nan.o)
                0x000000000800bad8                nan
 .text.scalbn   0x000000000800bae8      0x10c c:/st/stm32cubeide_1.11.0/stm32cubeide/plugins/com.st.stm32cube.ide.mcu.externaltools.gnu-tools-for-stm32.10.3-2021.10.win32_1.0.100.202210260954/tools/bin/../lib/gcc/arm-none-eabi/10.3.1/../../../../arm-none-eabi/lib/thumb/v7e-m+fp/hard\libm.a(lib_a-s_scalbn.o)
                0x000000000800bae8                scalbn
 *(.glue_7)
 .glue_7        0x000000000800bbf4        0x0 linker stubs
 *(.glue_7t)
 .glue_7t       0x000000000800bbf4        0x0 linker stubs
 *(.eh_frame)
 .eh_frame      0x000000000800bbf4        0x0 c:/st/stm32cubeide_1.11.0/stm32cubeide/plugins/com.st.stm32cube.ide.mcu.externaltools.gnu-tools-for-stm32.10.3-2021.10.win32_1.0.100.202210260954/tools/bin/../lib/gcc/arm-none-eabi/10.3.1/thumb/v7e-m+fp/hard/crtbegin.o
 *(.init)
 .init          0x000000000800bbf4        0x4 c:/st/stm32cubeide_1.11.0/stm32cubeide/plugins/com.st.stm32cube.ide.mcu.externaltools.gnu-tools-for-stm32.10.3-2021.10.win32_1.0.100.202210260954/tools/bin/../lib/gcc/arm-none-eabi/10.3.1/thumb/v7e-m+fp/hard/crti.o
                0x000000000800bbf4                _init
 .init          0x000000000800bbf8        0x8 c:/st/stm32cubeide_1.11.0/stm32cubeide/plugins/com.st.stm32cube.ide.mcu.externaltools.gnu-tools-for-stm32.10.3-2021.10.win32_1.0.100.202210260954/tools/bin/../lib/gcc/arm-none-eabi/10.3.1/thumb/v7e-m+fp/hard/crtn.o
 *(.fini)
 .fini          0x000000000800bc00        0x4 c:/st/stm32cubeide_1.11.0/stm32cubeide/plugins/com.st.stm32cube.ide.mcu.externaltools.gnu-tools-for-stm32.10.3-2021.10.win32_1.0.100.202210260954/tools/bin/../lib/gcc/arm-none-eabi/10.3.1/thumb/v7e-m+fp/hard/crti.o
                0x000000000800bc00                _fini
 .fini          0x000000000800bc04        0x8 c:/st/stm32cubeide_1.11.0/stm32cubeide/plugins/com.st.stm32cube.ide.mcu.externaltools.gnu-tools-for-stm32.10.3-2021.10.win32_1.0.100.202210260954/tools/bin/../lib/gcc/arm-none-eabi/10.3.1/thumb/v7e-m+fp/hard/crtn.o
                0x000000000800bc0c                . = ALIGN (0x4)
                0x000000000800bc0c                _etext = .

.vfp11_veneer   0x000000000800bc0c        0x0
 .vfp11_veneer  0x000000000800bc0c        0x0 linker stubs

.v4_bx          0x000000000800bc0c        0x0
 .v4_bx         0x000000000800bc0c        0x0 linker stubs

.iplt           0x000000000800bc0c        0x0
 .iplt          0x000000000800bc0c        0x0 c:/st/stm32cubeide_1.11.0/stm32cubeide/plugins/com.st.stm32cube.ide.mcu.externaltools.gnu-tools-for-stm32.10.3-2021.10.win32_1.0.100.202210260954/tools/bin/../lib/gcc/arm-none-eabi/10.3.1/thumb/v7e-m+fp/hard/crtbegin.o

.rodata         0x000000000800bc10      0x278
                0x000000000800bc10                . = ALIGN (0x4)
 *(.rodata)
 .rodata        0x000000000800bc10       0x46 ./USB_DEVICE/App/usbd_desc.o
 *(.rodata*)
 *fill*         0x000000000800bc56        0x2 
 .rodata.AHBPrescTable
                0x000000000800bc58       0x10 ./Core/Src/system_stm32f4xx.o
                0x000000000800bc58                AHBPrescTable
 .rodata.atanhi
                0x000000000800bc68       0x20 c:/st/stm32cubeide_1.11.0/stm32cubeide/plugins/com.st.stm32cube.ide.mcu.externaltools.gnu-tools-for-stm32.10.3-2021.10.win32_1.0.100.202210260954/tools/bin/../lib/gcc/arm-none-eabi/10.3.1/../../../../arm-none-eabi/lib/thumb/v7e-m+fp/hard\libm.a(lib_a-s_atan.o)
 .rodata.atanlo
                0x000000000800bc88       0x20 c:/st/stm32cubeide_1.11.0/stm32cubeide/plugins/com.st.stm32cube.ide.mcu.externaltools.gnu-tools-for-stm32.10.3-2021.10.win32_1.0.100.202210260954/tools/bin/../lib/gcc/arm-none-eabi/10.3.1/../../../../arm-none-eabi/lib/thumb/v7e-m+fp/hard\libm.a(lib_a-s_atan.o)
 .rodata.acos.str1.1
                0x000000000800bca8        0x1 c:/st/stm32cubeide_1.11.0/stm32cubeide/plugins/com.st.stm32cube.ide.mcu.externaltools.gnu-tools-for-stm32.10.3-2021.10.win32_1.0.100.202210260954/tools/bin/../lib/gcc/arm-none-eabi/10.3.1/../../../../arm-none-eabi/lib/thumb/v7e-m+fp/hard\libm.a(lib_a-w_acos.o)
 *fill*         0x000000000800bca9        0x3 
 .rodata.npio2_hw
                0x000000000800bcac       0x80 c:/st/stm32cubeide_1.11.0/stm32cubeide/plugins/com.st.stm32cube.ide.mcu.externaltools.gnu-tools-for-stm32.10.3-2021.10.win32_1.0.100.202210260954/tools/bin/../lib/gcc/arm-none-eabi/10.3.1/../../../../arm-none-eabi/lib/thumb/v7e-m+fp/hard\libm.a(lib_a-e_rem_pio2.o)
 .rodata.two_over_pi
                0x000000000800bd2c      0x108 c:/st/stm32cubeide_1.11.0/stm32cubeide/plugins/com.st.stm32cube.ide.mcu.externaltools.gnu-tools-for-stm32.10.3-2021.10.win32_1.0.100.202210260954/tools/bin/../lib/gcc/arm-none-eabi/10.3.1/../../../../arm-none-eabi/lib/thumb/v7e-m+fp/hard\libm.a(lib_a-e_rem_pio2.o)
 *fill*         0x000000000800be34        0x4 
 .rodata.PIo2   0x000000000800be38       0x40 c:/st/stm32cubeide_1.11.0/stm32cubeide/plugins/com.st.stm32cube.ide.mcu.externaltools.gnu-tools-for-stm32.10.3-2021.10.win32_1.0.100.202210260954/tools/bin/../lib/gcc/arm-none-eabi/10.3.1/../../../../arm-none-eabi/lib/thumb/v7e-m+fp/hard\libm.a(lib_a-k_rem_pio2.o)
 .rodata.init_jk
                0x000000000800be78       0x10 c:/st/stm32cubeide_1.11.0/stm32cubeide/plugins/com.st.stm32cube.ide.mcu.externaltools.gnu-tools-for-stm32.10.3-2021.10.win32_1.0.100.202210260954/tools/bin/../lib/gcc/arm-none-eabi/10.3.1/../../../../arm-none-eabi/lib/thumb/v7e-m+fp/hard\libm.a(lib_a-k_rem_pio2.o)
                0x000000000800be88                . = ALIGN (0x4)

.ARM.extab      0x000000000800be88        0x0
                0x000000000800be88                . = ALIGN (0x4)
 *(.ARM.extab* .gnu.linkonce.armextab.*)
                0x000000000800be88                . = ALIGN (0x4)

.ARM            0x000000000800be88        0x8
                0x000000000800be88                . = ALIGN (0x4)
                0x000000000800be88                __exidx_start = .
 *(.ARM.exidx*)
 .ARM.exidx     0x000000000800be88        0x8 c:/st/stm32cubeide_1.11.0/stm32cubeide/plugins/com.st.stm32cube.ide.mcu.externaltools.gnu-tools-for-stm32.10.3-2021.10.win32_1.0.100.202210260954/tools/bin/../lib/gcc/arm-none-eabi/10.3.1/thumb/v7e-m+fp/hard\libgcc.a(_udivmoddi4.o)
                0x000000000800be90                __exidx_end = .
                0x000000000800be90                . = ALIGN (0x4)

.rel.dyn        0x000000000800be90        0x0
 .rel.iplt      0x000000000800be90        0x0 c:/st/stm32cubeide_1.11.0/stm32cubeide/plugins/com.st.stm32cube.ide.mcu.externaltools.gnu-tools-for-stm32.10.3-2021.10.win32_1.0.100.202210260954/tools/bin/../lib/gcc/arm-none-eabi/10.3.1/thumb/v7e-m+fp/hard/crtbegin.o

.preinit_array  0x000000000800be90        0x0
                0x000000000800be90                . = ALIGN (0x4)
                0x000000000800be90                PROVIDE (__preinit_array_start = .)
 *(.preinit_array*)
                0x000000000800be90                PROVIDE (__preinit_array_end = .)
                0x000000000800be90                . = ALIGN (0x4)

.init_array     0x000000000800be90        0x4
                0x000000000800be90                . = ALIGN (0x4)
                0x000000000800be90                PROVIDE (__init_array_start = .)
 *(SORT_BY_NAME(.init_array.*))
 *(.init_array*)
 .init_array    0x000000000800be90        0x4 c:/st/stm32cubeide_1.11.0/stm32cubeide/plugins/com.st.stm32cube.ide.mcu.externaltools.gnu-tools-for-stm32.10.3-2021.10.win32_1.0.100.202210260954/tools/bin/../lib/gcc/arm-none-eabi/10.3.1/thumb/v7e-m+fp/hard/crtbegin.o
                0x000000000800be94                PROVIDE (__init_array_end = .)
                0x000000000800be94                . = ALIGN (0x4)

.fini_array     0x000000000800be94        0x4
                0x000000000800be94                . = ALIGN (0x4)
                [!provide]                        PROVIDE (__fini_array_start = .)
 *(SORT_BY_NAME(.fini_array.*))
 *(.fini_array*)
 .fini_array    0x000000000800be94        0x4 c:/st/stm32cubeide_1.11.0/stm32cubeide/plugins/com.st.stm32cube.ide.mcu.externaltools.gnu-tools-for-stm32.10.3-2021.10.win32_1.0.100.202210260954/tools/bin/../lib/gcc/arm-none-eabi/10.3.1/thumb/v7e-m+fp/hard/crtbegin.o
                [!provide]                        PROVIDE (__fini_array_end = .)
                0x000000000800be98                . = ALIGN (0x4)
                0x000000000800be98                _sidata = LOADADDR (.data)

.data           0x0000000020000000      0x19c load address 0x000000000800be98
                0x0000000020000000                . = ALIGN (0x4)
                0x0000000020000000                _sdata = .
 *(.data)
 *(.data*)
 .data.INTERPOLATION_INTERVAL
                0x0000000020000000        0x8 ./Core/Src/stm32f4xx_it.o
                0x0000000020000000                INTERPOLATION_INTERVAL
 .data.usb_out  0x0000000020000008        0x8 ./Core/Src/stm32f4xx_it.o
                0x0000000020000008                usb_out
 .data.acknowledge_message
                0x0000000020000010        0x8 ./Core/Src/stm32f4xx_it.o
                0x0000000020000010                acknowledge_message
 .data.error_message
                0x0000000020000018        0x8 ./Core/Src/stm32f4xx_it.o
                0x0000000020000018                error_message
 .data.kp_inner
                0x0000000020000020        0x4 ./Core/Src/stm32f4xx_it.o
                0x0000000020000020                kp_inner
 .data.ki_inner
                0x0000000020000024        0x4 ./Core/Src/stm32f4xx_it.o
                0x0000000020000024                ki_inner
 .data.kp_middle
                0x0000000020000028        0x4 ./Core/Src/stm32f4xx_it.o
                0x0000000020000028                kp_middle
 .data.ki_middle
                0x000000002000002c        0x4 ./Core/Src/stm32f4xx_it.o
                0x000000002000002c                ki_middle
 .data.kp_outer
                0x0000000020000030        0x4 ./Core/Src/stm32f4xx_it.o
                0x0000000020000030                kp_outer
 .data.ki_outer
                0x0000000020000034        0x4 ./Core/Src/stm32f4xx_it.o
                0x0000000020000034                ki_outer
 .data.initializing
                0x0000000020000038        0x1 ./Core/Src/stm32f4xx_it.o
                0x0000000020000038                initializing
 .data.HIGH     0x0000000020000039        0x1 ./Core/Src/stm32f4xx_it.o
                0x0000000020000039                HIGH
 *fill*         0x000000002000003a        0x2 
 .data.SystemCoreClock
                0x000000002000003c        0x4 ./Core/Src/system_stm32f4xx.o
                0x000000002000003c                SystemCoreClock
 .data.uwTickPrio
                0x0000000020000040        0x4 ./Drivers/STM32F4xx_HAL_Driver/Src/stm32f4xx_hal.o
                0x0000000020000040                uwTickPrio
 .data.uwTickFreq
                0x0000000020000044        0x1 ./Drivers/STM32F4xx_HAL_Driver/Src/stm32f4xx_hal.o
                0x0000000020000044                uwTickFreq
 *fill*         0x0000000020000045        0x3 
 .data.USBD_CDC_DeviceQualifierDesc
                0x0000000020000048        0xa ./Middlewares/ST/STM32_USB_Device_Library/Class/CDC/Src/usbd_cdc.o
 *fill*         0x0000000020000052        0x2 
 .data.USBD_CDC
                0x0000000020000054       0x38 ./Middlewares/ST/STM32_USB_Device_Library/Class/CDC/Src/usbd_cdc.o
                0x0000000020000054                USBD_CDC
 .data.USBD_CDC_CfgDesc
                0x000000002000008c       0x43 ./Middlewares/ST/STM32_USB_Device_Library/Class/CDC/Src/usbd_cdc.o
 .data.CDCInEpAdd
                0x00000000200000cf        0x1 ./Middlewares/ST/STM32_USB_Device_Library/Class/CDC/Src/usbd_cdc.o
 .data.CDCOutEpAdd
                0x00000000200000d0        0x1 ./Middlewares/ST/STM32_USB_Device_Library/Class/CDC/Src/usbd_cdc.o
 .data.CDCCmdEpAdd
                0x00000000200000d1        0x1 ./Middlewares/ST/STM32_USB_Device_Library/Class/CDC/Src/usbd_cdc.o
 *fill*         0x00000000200000d2        0x2 
 .data.USBD_Interface_fops_FS
                0x00000000200000d4       0x14 ./USB_DEVICE/App/usbd_cdc_if.o
                0x00000000200000d4                USBD_Interface_fops_FS
 .data.FS_Desc  0x00000000200000e8       0x1c ./USB_DEVICE/App/usbd_desc.o
                0x00000000200000e8                FS_Desc
 .data.USBD_FS_DeviceDesc
                0x0000000020000104       0x12 ./USB_DEVICE/App/usbd_desc.o
                0x0000000020000104                USBD_FS_DeviceDesc
 *fill*         0x0000000020000116        0x2 
 .data.USBD_LangIDDesc
                0x0000000020000118        0x4 ./USB_DEVICE/App/usbd_desc.o
                0x0000000020000118                USBD_LangIDDesc
 .data.USBD_StringSerial
                0x000000002000011c       0x1a ./USB_DEVICE/App/usbd_desc.o
                0x000000002000011c                USBD_StringSerial
 *fill*         0x0000000020000136        0x2 
 .data._impure_ptr
                0x0000000020000138        0x4 c:/st/stm32cubeide_1.11.0/stm32cubeide/plugins/com.st.stm32cube.ide.mcu.externaltools.gnu-tools-for-stm32.10.3-2021.10.win32_1.0.100.202210260954/tools/bin/../lib/gcc/arm-none-eabi/10.3.1/../../../../arm-none-eabi/lib/thumb/v7e-m+fp/hard\libc_nano.a(lib_a-impure.o)
                0x0000000020000138                _impure_ptr
 .data.impure_data
                0x000000002000013c       0x60 c:/st/stm32cubeide_1.11.0/stm32cubeide/plugins/com.st.stm32cube.ide.mcu.externaltools.gnu-tools-for-stm32.10.3-2021.10.win32_1.0.100.202210260954/tools/bin/../lib/gcc/arm-none-eabi/10.3.1/../../../../arm-none-eabi/lib/thumb/v7e-m+fp/hard\libc_nano.a(lib_a-impure.o)
 *(.RamFunc)
 *(.RamFunc*)
                0x000000002000019c                . = ALIGN (0x4)
                0x000000002000019c                _edata = .

.igot.plt       0x000000002000019c        0x0 load address 0x000000000800c034
 .igot.plt      0x000000002000019c        0x0 c:/st/stm32cubeide_1.11.0/stm32cubeide/plugins/com.st.stm32cube.ide.mcu.externaltools.gnu-tools-for-stm32.10.3-2021.10.win32_1.0.100.202210260954/tools/bin/../lib/gcc/arm-none-eabi/10.3.1/thumb/v7e-m+fp/hard/crtbegin.o
                0x000000002000019c                . = ALIGN (0x4)

.bss            0x000000002000019c     0x15c0 load address 0x000000000800c034
                0x000000002000019c                _sbss = .
                0x000000002000019c                __bss_start__ = _sbss
 *(.bss)
 .bss           0x000000002000019c       0x1c c:/st/stm32cubeide_1.11.0/stm32cubeide/plugins/com.st.stm32cube.ide.mcu.externaltools.gnu-tools-for-stm32.10.3-2021.10.win32_1.0.100.202210260954/tools/bin/../lib/gcc/arm-none-eabi/10.3.1/thumb/v7e-m+fp/hard/crtbegin.o
 *(.bss*)
 .bss.htim1     0x00000000200001b8       0x48 ./Core/Src/main.o
                0x00000000200001b8                htim1
 .bss.htim3     0x0000000020000200       0x48 ./Core/Src/main.o
                0x0000000020000200                htim3
 .bss.htim4     0x0000000020000248       0x48 ./Core/Src/main.o
                0x0000000020000248                htim4
 .bss.PID_freq  0x0000000020000290        0x4 ./Core/Src/main.o
                0x0000000020000290                PID_freq
 .bss.move_x    0x0000000020000294        0x2 ./Core/Src/main.o
                0x0000000020000294                move_x
 .bss.move_y    0x0000000020000296        0x2 ./Core/Src/main.o
                0x0000000020000296                move_y
 .bss.theta_1_ref
                0x0000000020000298        0x4 ./Core/Src/main.o
                0x0000000020000298                theta_1_ref
 .bss.d_inner_ref
                0x000000002000029c        0x4 ./Core/Src/main.o
                0x000000002000029c                d_inner_ref
 .bss.d_middle_ref
                0x00000000200002a0        0x4 ./Core/Src/main.o
                0x00000000200002a0                d_middle_ref
 .bss.d_outer_ref
                0x00000000200002a4        0x4 ./Core/Src/main.o
                0x00000000200002a4                d_outer_ref
 .bss.X_ref     0x00000000200002a8        0x4 ./Core/Src/main.o
                0x00000000200002a8                X_ref
 .bss.theta_1_curr
                0x00000000200002ac        0x4 ./Core/Src/main.o
                0x00000000200002ac                theta_1_curr
 .bss.d_outer_curr
                0x00000000200002b0        0x4 ./Core/Src/main.o
                0x00000000200002b0                d_outer_curr
 .bss.d_middle_curr
                0x00000000200002b4        0x4 ./Core/Src/main.o
                0x00000000200002b4                d_middle_curr
 .bss.X_curr    0x00000000200002b8        0x4 ./Core/Src/main.o
                0x00000000200002b8                X_curr
 .bss.error_code
                0x00000000200002bc        0x1 ./Core/Src/stm32f4xx_it.o
                0x00000000200002bc                error_code
 .bss.external_shutdown
                0x00000000200002bd        0x1 ./Core/Src/stm32f4xx_it.o
                0x00000000200002bd                external_shutdown
 .bss.ack_to_be_sent
                0x00000000200002be        0x1 ./Core/Src/stm32f4xx_it.o
                0x00000000200002be                ack_to_be_sent
 *fill*         0x00000000200002bf        0x1 
 .bss.usb_in    0x00000000200002c0        0x8 ./Core/Src/stm32f4xx_it.o
                0x00000000200002c0                usb_in
 .bss.usb_temp  0x00000000200002c8        0x8 ./Core/Src/stm32f4xx_it.o
                0x00000000200002c8                usb_temp
 .bss.empty_string
                0x00000000200002d0        0x8 ./Core/Src/stm32f4xx_it.o
                0x00000000200002d0                empty_string
 .bss.X_ref_temp
                0x00000000200002d8        0x4 ./Core/Src/stm32f4xx_it.o
                0x00000000200002d8                X_ref_temp
 .bss.enc_inner_pos
                0x00000000200002dc        0x4 ./Core/Src/stm32f4xx_it.o
                0x00000000200002dc                enc_inner_pos
 .bss.enc_middle_pos
                0x00000000200002e0        0x4 ./Core/Src/stm32f4xx_it.o
                0x00000000200002e0                enc_middle_pos
 .bss.enc_outer_pos
                0x00000000200002e4        0x4 ./Core/Src/stm32f4xx_it.o
                0x00000000200002e4                enc_outer_pos
 .bss.enc_inner_pos_cm
                0x00000000200002e8        0x4 ./Core/Src/stm32f4xx_it.o
                0x00000000200002e8                enc_inner_pos_cm
 .bss.enc_middle_pos_cm
                0x00000000200002ec        0x4 ./Core/Src/stm32f4xx_it.o
                0x00000000200002ec                enc_middle_pos_cm
 .bss.enc_outer_pos_cm
                0x00000000200002f0        0x4 ./Core/Src/stm32f4xx_it.o
                0x00000000200002f0                enc_outer_pos_cm
 .bss.mot_inner_set_pos_cm
                0x00000000200002f4        0x4 ./Core/Src/stm32f4xx_it.o
                0x00000000200002f4                mot_inner_set_pos_cm
 .bss.mot_middle_set_pos_cm
                0x00000000200002f8        0x4 ./Core/Src/stm32f4xx_it.o
                0x00000000200002f8                mot_middle_set_pos_cm
 .bss.mot_outer_set_pos_cm
                0x00000000200002fc        0x4 ./Core/Src/stm32f4xx_it.o
                0x00000000200002fc                mot_outer_set_pos_cm
 .bss.mot_inner_set_pos
                0x0000000020000300        0x4 ./Core/Src/stm32f4xx_it.o
                0x0000000020000300                mot_inner_set_pos
 .bss.mot_middle_set_pos
                0x0000000020000304        0x4 ./Core/Src/stm32f4xx_it.o
                0x0000000020000304                mot_middle_set_pos
 .bss.mot_outer_set_pos
                0x0000000020000308        0x4 ./Core/Src/stm32f4xx_it.o
                0x0000000020000308                mot_outer_set_pos
 .bss.inner_pos_error
                0x000000002000030c        0x4 ./Core/Src/stm32f4xx_it.o
                0x000000002000030c                inner_pos_error
 .bss.middle_pos_error
                0x0000000020000310        0x4 ./Core/Src/stm32f4xx_it.o
                0x0000000020000310                middle_pos_error
 .bss.outer_pos_error
                0x0000000020000314        0x4 ./Core/Src/stm32f4xx_it.o
                0x0000000020000314                outer_pos_error
 .bss.pre_inner_pos_error
                0x0000000020000318        0x4 ./Core/Src/stm32f4xx_it.o
                0x0000000020000318                pre_inner_pos_error
 .bss.pre_middle_pos_error
                0x000000002000031c        0x4 ./Core/Src/stm32f4xx_it.o
                0x000000002000031c                pre_middle_pos_error
 .bss.pre_outer_pos_error
                0x0000000020000320        0x4 ./Core/Src/stm32f4xx_it.o
                0x0000000020000320                pre_outer_pos_error
 .bss.inner_int_error
                0x0000000020000324        0x4 ./Core/Src/stm32f4xx_it.o
                0x0000000020000324                inner_int_error
 .bss.middle_int_error
                0x0000000020000328        0x4 ./Core/Src/stm32f4xx_it.o
                0x0000000020000328                middle_int_error
 .bss.outer_int_error
                0x000000002000032c        0x4 ./Core/Src/stm32f4xx_it.o
                0x000000002000032c                outer_int_error
 .bss.kd_inner  0x0000000020000330        0x4 ./Core/Src/stm32f4xx_it.o
                0x0000000020000330                kd_inner
 .bss.kd_middle
                0x0000000020000334        0x4 ./Core/Src/stm32f4xx_it.o
                0x0000000020000334                kd_middle
 .bss.kd_outer  0x0000000020000338        0x4 ./Core/Src/stm32f4xx_it.o
                0x0000000020000338                kd_outer
 .bss.duty_inner
                0x000000002000033c        0x4 ./Core/Src/stm32f4xx_it.o
                0x000000002000033c                duty_inner
 .bss.duty_middle
                0x0000000020000340        0x4 ./Core/Src/stm32f4xx_it.o
                0x0000000020000340                duty_middle
 .bss.duty_outer
                0x0000000020000344        0x4 ./Core/Src/stm32f4xx_it.o
                0x0000000020000344                duty_outer
 .bss.LOW       0x0000000020000348        0x1 ./Core/Src/stm32f4xx_it.o
                0x0000000020000348                LOW
 *fill*         0x0000000020000349        0x3 
 .bss.uwTick    0x000000002000034c        0x4 ./Drivers/STM32F4xx_HAL_Driver/Src/stm32f4xx_hal.o
                0x000000002000034c                uwTick
 .bss.cfgidx.0  0x0000000020000350        0x1 ./Middlewares/ST/STM32_USB_Device_Library/Core/Src/usbd_ctlreq.o
 *fill*         0x0000000020000351        0x3 
 .bss.hUsbDeviceFS
                0x0000000020000354      0x2dc ./USB_DEVICE/App/usb_device.o
                0x0000000020000354                hUsbDeviceFS
 .bss.UserRxBufferFS
                0x0000000020000630      0x400 ./USB_DEVICE/App/usbd_cdc_if.o
                0x0000000020000630                UserRxBufferFS
 .bss.UserTxBufferFS
                0x0000000020000a30      0x400 ./USB_DEVICE/App/usbd_cdc_if.o
                0x0000000020000a30                UserTxBufferFS
 .bss.USBD_StrDesc
                0x0000000020000e30      0x200 ./USB_DEVICE/App/usbd_desc.o
                0x0000000020000e30                USBD_StrDesc
 .bss.hpcd_USB_OTG_FS
                0x0000000020001030      0x50c ./USB_DEVICE/Target/usbd_conf.o
                0x0000000020001030                hpcd_USB_OTG_FS
 .bss.mem.0     0x000000002000153c      0x220 ./USB_DEVICE/Target/usbd_conf.o
 *(COMMON)
                0x000000002000175c                . = ALIGN (0x4)
                0x000000002000175c                _ebss = .
                0x000000002000175c                __bss_end__ = _ebss

._user_heap_stack
                0x000000002000175c      0x604 load address 0x000000000800c034
                0x0000000020001760                . = ALIGN (0x8)
 *fill*         0x000000002000175c        0x4 
                [!provide]                        PROVIDE (end = .)
                0x0000000020001760                PROVIDE (_end = .)
                0x0000000020001960                . = (. + _Min_Heap_Size)
 *fill*         0x0000000020001760      0x200 
                0x0000000020001d60                . = (. + _Min_Stack_Size)
 *fill*         0x0000000020001960      0x400 
                0x0000000020001d60                . = ALIGN (0x8)

/DISCARD/
 libc.a(*)
 libm.a(*)
 libgcc.a(*)

.ARM.attributes
                0x0000000000000000       0x30
 *(.ARM.attributes)
 .ARM.attributes
                0x0000000000000000       0x1e c:/st/stm32cubeide_1.11.0/stm32cubeide/plugins/com.st.stm32cube.ide.mcu.externaltools.gnu-tools-for-stm32.10.3-2021.10.win32_1.0.100.202210260954/tools/bin/../lib/gcc/arm-none-eabi/10.3.1/thumb/v7e-m+fp/hard/crti.o
 .ARM.attributes
                0x000000000000001e       0x34 c:/st/stm32cubeide_1.11.0/stm32cubeide/plugins/com.st.stm32cube.ide.mcu.externaltools.gnu-tools-for-stm32.10.3-2021.10.win32_1.0.100.202210260954/tools/bin/../lib/gcc/arm-none-eabi/10.3.1/thumb/v7e-m+fp/hard/crtbegin.o
 .ARM.attributes
                0x0000000000000052       0x34 ./Core/Src/main.o
 .ARM.attributes
                0x0000000000000086       0x34 ./Core/Src/stm32f4xx_hal_msp.o
 .ARM.attributes
                0x00000000000000ba       0x34 ./Core/Src/stm32f4xx_it.o
 .ARM.attributes
                0x00000000000000ee       0x34 ./Core/Src/system_stm32f4xx.o
 .ARM.attributes
                0x0000000000000122       0x21 ./Core/Startup/startup_stm32f401ccux.o
 .ARM.attributes
                0x0000000000000143       0x34 ./Drivers/STM32F4xx_HAL_Driver/Src/stm32f4xx_hal.o
 .ARM.attributes
                0x0000000000000177       0x34 ./Drivers/STM32F4xx_HAL_Driver/Src/stm32f4xx_hal_cortex.o
 .ARM.attributes
                0x00000000000001ab       0x34 ./Drivers/STM32F4xx_HAL_Driver/Src/stm32f4xx_hal_gpio.o
 .ARM.attributes
                0x00000000000001df       0x34 ./Drivers/STM32F4xx_HAL_Driver/Src/stm32f4xx_hal_pcd.o
 .ARM.attributes
                0x0000000000000213       0x34 ./Drivers/STM32F4xx_HAL_Driver/Src/stm32f4xx_hal_pcd_ex.o
 .ARM.attributes
                0x0000000000000247       0x34 ./Drivers/STM32F4xx_HAL_Driver/Src/stm32f4xx_hal_rcc.o
 .ARM.attributes
                0x000000000000027b       0x34 ./Drivers/STM32F4xx_HAL_Driver/Src/stm32f4xx_hal_tim.o
 .ARM.attributes
                0x00000000000002af       0x34 ./Drivers/STM32F4xx_HAL_Driver/Src/stm32f4xx_hal_tim_ex.o
 .ARM.attributes
                0x00000000000002e3       0x34 ./Drivers/STM32F4xx_HAL_Driver/Src/stm32f4xx_ll_usb.o
 .ARM.attributes
                0x0000000000000317       0x34 ./Middlewares/ST/STM32_USB_Device_Library/Class/CDC/Src/usbd_cdc.o
 .ARM.attributes
                0x000000000000034b       0x34 ./Middlewares/ST/STM32_USB_Device_Library/Core/Src/usbd_core.o
 .ARM.attributes
                0x000000000000037f       0x34 ./Middlewares/ST/STM32_USB_Device_Library/Core/Src/usbd_ctlreq.o
 .ARM.attributes
                0x00000000000003b3       0x34 ./Middlewares/ST/STM32_USB_Device_Library/Core/Src/usbd_ioreq.o
 .ARM.attributes
                0x00000000000003e7       0x34 ./USB_DEVICE/App/usb_device.o
 .ARM.attributes
                0x000000000000041b       0x34 ./USB_DEVICE/App/usbd_cdc_if.o
 .ARM.attributes
                0x000000000000044f       0x34 ./USB_DEVICE/App/usbd_desc.o
 .ARM.attributes
                0x0000000000000483       0x34 ./USB_DEVICE/Target/usbd_conf.o
 .ARM.attributes
                0x00000000000004b7       0x34 c:/st/stm32cubeide_1.11.0/stm32cubeide/plugins/com.st.stm32cube.ide.mcu.externaltools.gnu-tools-for-stm32.10.3-2021.10.win32_1.0.100.202210260954/tools/bin/../lib/gcc/arm-none-eabi/10.3.1/../../../../arm-none-eabi/lib/thumb/v7e-m+fp/hard\libc_nano.a(lib_a-errno.o)
 .ARM.attributes
                0x00000000000004eb       0x34 c:/st/stm32cubeide_1.11.0/stm32cubeide/plugins/com.st.stm32cube.ide.mcu.externaltools.gnu-tools-for-stm32.10.3-2021.10.win32_1.0.100.202210260954/tools/bin/../lib/gcc/arm-none-eabi/10.3.1/../../../../arm-none-eabi/lib/thumb/v7e-m+fp/hard\libc_nano.a(lib_a-impure.o)
 .ARM.attributes
                0x000000000000051f       0x34 c:/st/stm32cubeide_1.11.0/stm32cubeide/plugins/com.st.stm32cube.ide.mcu.externaltools.gnu-tools-for-stm32.10.3-2021.10.win32_1.0.100.202210260954/tools/bin/../lib/gcc/arm-none-eabi/10.3.1/../../../../arm-none-eabi/lib/thumb/v7e-m+fp/hard\libc_nano.a(lib_a-init.o)
 .ARM.attributes
                0x0000000000000553       0x34 c:/st/stm32cubeide_1.11.0/stm32cubeide/plugins/com.st.stm32cube.ide.mcu.externaltools.gnu-tools-for-stm32.10.3-2021.10.win32_1.0.100.202210260954/tools/bin/../lib/gcc/arm-none-eabi/10.3.1/../../../../arm-none-eabi/lib/thumb/v7e-m+fp/hard\libc_nano.a(lib_a-memset.o)
 .ARM.attributes
                0x0000000000000587       0x1c c:/st/stm32cubeide_1.11.0/stm32cubeide/plugins/com.st.stm32cube.ide.mcu.externaltools.gnu-tools-for-stm32.10.3-2021.10.win32_1.0.100.202210260954/tools/bin/../lib/gcc/arm-none-eabi/10.3.1/../../../../arm-none-eabi/lib/thumb/v7e-m+fp/hard\libc_nano.a(lib_a-strcmp.o)
 .ARM.attributes
                0x00000000000005a3       0x34 c:/st/stm32cubeide_1.11.0/stm32cubeide/plugins/com.st.stm32cube.ide.mcu.externaltools.gnu-tools-for-stm32.10.3-2021.10.win32_1.0.100.202210260954/tools/bin/../lib/gcc/arm-none-eabi/10.3.1/../../../../arm-none-eabi/lib/thumb/v7e-m+fp/hard\libm.a(lib_a-s_atan.o)
 .ARM.attributes
                0x00000000000005d7       0x34 c:/st/stm32cubeide_1.11.0/stm32cubeide/plugins/com.st.stm32cube.ide.mcu.externaltools.gnu-tools-for-stm32.10.3-2021.10.win32_1.0.100.202210260954/tools/bin/../lib/gcc/arm-none-eabi/10.3.1/../../../../arm-none-eabi/lib/thumb/v7e-m+fp/hard\libm.a(lib_a-s_cos.o)
 .ARM.attributes
                0x000000000000060b       0x34 c:/st/stm32cubeide_1.11.0/stm32cubeide/plugins/com.st.stm32cube.ide.mcu.externaltools.gnu-tools-for-stm32.10.3-2021.10.win32_1.0.100.202210260954/tools/bin/../lib/gcc/arm-none-eabi/10.3.1/../../../../arm-none-eabi/lib/thumb/v7e-m+fp/hard\libm.a(lib_a-s_fabs.o)
 .ARM.attributes