../Core/Src/stm32f4xx_it.c:141:6:NMI_Handler	4	static
../Core/Src/stm32f4xx_it.c:156:6:HardFault_Handler	4	static
../Core/Src/stm32f4xx_it.c:171:6:MemManage_Handler	4	static
../Core/Src/stm32f4xx_it.c:186:6:BusFault_Handler	4	static
../Core/Src/stm32f4xx_it.c:201:6:UsageFault_Handler	4	static
../Core/Src/stm32f4xx_it.c:216:6:SVC_Handler	4	static
../Core/Src/stm32f4xx_it.c:229:6:DebugMon_Handler	4	static
../Core/Src/stm32f4xx_it.c:242:6:PendSV_Handler	4	static
../Core/Src/stm32f4xx_it.c:255:6:SysTick_Handler	8	static
../Core/Src/stm32f4xx_it.c:276:6:EXTI0_IRQHandler	8	static
../Core/Src/stm32f4xx_it.c:309:6:EXTI2_IRQHandler	8	static
../Core/Src/stm32f4xx_it.c:342:6:TIM4_IRQHandler	24	static
../Core/Src/stm32f4xx_it.c:442:6:OTG_FS_IRQHandler	8	static
