../Core/Src/stm32f4xx_it.c:136:6:NMI_Handler	4	static
../Core/Src/stm32f4xx_it.c:151:6:HardFault_Handler	4	static
../Core/Src/stm32f4xx_it.c:166:6:MemManage_Handler	4	static
../Core/Src/stm32f4xx_it.c:181:6:BusFault_Handler	4	static
../Core/Src/stm32f4xx_it.c:196:6:UsageFault_Handler	4	static
../Core/Src/stm32f4xx_it.c:211:6:SVC_Handler	4	static
../Core/Src/stm32f4xx_it.c:224:6:DebugMon_Handler	4	static
../Core/Src/stm32f4xx_it.c:237:6:PendSV_Handler	4	static
../Core/Src/stm32f4xx_it.c:250:6:SysTick_Handler	8	static
../Core/Src/stm32f4xx_it.c:271:6:EXTI0_IRQHandler	8	static
../Core/Src/stm32f4xx_it.c:292:6:EXTI2_IRQHandler	8	static
../Core/Src/stm32f4xx_it.c:313:6:TIM4_IRQHandler	32	static
../Core/Src/stm32f4xx_it.c:399:6:OTG_FS_IRQHandler	16	static
