../Core/Src/main.c:128:5:main	8	static
../Core/Src/main.c:183:6:SystemClock_Config	88	static
../Core/Src/main.c:229:13:MX_TIM1_Init	96	static
../Core/Src/main.c:312:13:MX_TIM3_Init	32	static
../Core/Src/main.c:357:13:MX_TIM4_Init	32	static
../Core/Src/main.c:402:13:MX_GPIO_Init	48	static
../Core/Src/main.c:460:6:inverse_kinematics	8	static
../Core/Src/main.c:481:6:forward_kinematics	16	static
../Core/Src/main.c:493:7:inverse_cos_theorem	40	static
../Core/Src/main.c:498:7:forward_cos_theorem	24	static
../Core/Src/main.c:508:6:Error_Handler	4	static,ignoring_inline_asm
