../Core/Src/stm32f4xx_it.c:152:6:NMI_Handler	4	static
../Core/Src/stm32f4xx_it.c:167:6:HardFault_Handler	4	static
../Core/Src/stm32f4xx_it.c:182:6:MemManage_Handler	4	static
../Core/Src/stm32f4xx_it.c:197:6:BusFault_Handler	4	static
../Core/Src/stm32f4xx_it.c:212:6:UsageFault_Handler	4	static
../Core/Src/stm32f4xx_it.c:227:6:SVC_Handler	4	static
../Core/Src/stm32f4xx_it.c:240:6:DebugMon_Handler	4	static
../Core/Src/stm32f4xx_it.c:253:6:PendSV_Handler	4	static
../Core/Src/stm32f4xx_it.c:266:6:SysTick_Handler	8	static
../Core/Src/stm32f4xx_it.c:287:6:EXTI0_IRQHandler	8	static
../Core/Src/stm32f4xx_it.c:308:6:EXTI2_IRQHandler	8	static
../Core/Src/stm32f4xx_it.c:329:6:EXTI4_IRQHandler	8	static
../Core/Src/stm32f4xx_it.c:350:6:TIM3_IRQHandler	8	static
../Core/Src/stm32f4xx_it.c:364:6:TIM4_IRQHandler	40	static
../Core/Src/stm32f4xx_it.c:467:6:OTG_FS_IRQHandler	16	static
