22:25:20 **** Incremental Build of configuration Debug for project module_test_demo ****
make -j8 all 
arm-none-eabi-gcc "../Core/Src/main.c" -mcpu=cortex-m3 -std=gnu11 -g3 -DDEBUG -DUSE_HAL_DRIVER -DSTM32F103xB -c -I../Core/Inc -I../Drivers/STM32F1xx_HAL_Driver/Inc/Legacy -I../Drivers/STM32F1xx_HAL_Driver/Inc -I../Drivers/CMSIS/Device/ST/STM32F1xx/Include -I../Drivers/CMSIS/Include -O0 -ffunction-sections -fdata-sections -Wall -fstack-usage -MMD -MP -MF"Core/Src/main.d" -MT"Core/Src/main.o" --specs=nano.specs -mfloat-abi=soft -mthumb -o "Core/Src/main.o"
arm-none-eabi-g++ -o "module_test_demo.elf" @"objects.list"   -mcpu=cortex-m3 -T"C:\Users\isikemir\Desktop\Courses\EE493\Github_Repo\Engineering-Design\03-Software\0-Firmware\module_test_demo\STM32F103C8TX_FLASH.ld" --specs=nosys.specs -Wl,-Map="module_test_demo.map" -Wl,--gc-sections -static --specs=nano.specs -mfloat-abi=soft -mthumb -Wl,--start-group -lc -lm -lstdc++ -lsupc++ -Wl,--end-group
Finished building target: module_test_demo.elf
 
arm-none-eabi-size   module_test_demo.elf 
arm-none-eabi-objdump -h -S  module_test_demo.elf  > "module_test_demo.list"
   text	   data	    bss	    dec	    hex	filename
  11828	     24	   1936	  13788	   35dc	module_test_demo.elf
Finished building: default.size.stdout
 
Finished building: module_test_demo.list
 
22:26:03 **** Incremental Build of configuration Debug for project module_test_demo ****
make -j8 all 
arm-none-eabi-gcc "../Core/Src/main.c" -mcpu=cortex-m3 -std=gnu11 -g3 -DDEBUG -DUSE_HAL_DRIVER -DSTM32F103xB -c -I../Core/Inc -I../Drivers/STM32F1xx_HAL_Driver/Inc/Legacy -I../Drivers/STM32F1xx_HAL_Driver/Inc -I../Drivers/CMSIS/Device/ST/STM32F1xx/Include -I../Drivers/CMSIS/Include -O0 -ffunction-sections -fdata-sections -Wall -fstack-usage -MMD -MP -MF"Core/Src/main.d" -MT"Core/Src/main.o" --specs=nano.specs -mfloat-abi=soft -mthumb -o "Core/Src/main.o"
arm-none-eabi-g++ -o "module_test_demo.elf" @"objects.list"   -mcpu=cortex-m3 -T"C:\Users\isikemir\Desktop\Courses\EE493\Github_Repo\Engineering-Design\03-Software\0-Firmware\module_test_demo\STM32F103C8TX_FLASH.ld" --specs=nosys.specs -Wl,-Map="module_test_demo.map" -Wl,--gc-sections -static --specs=nano.specs -mfloat-abi=soft -mthumb -Wl,--start-group -lc -lm -lstdc++ -lsupc++ -Wl,--end-group
Finished building target: module_test_demo.elf
 
arm-none-eabi-size   module_test_demo.elf 
arm-none-eabi-objdump -h -S  module_test_demo.elf  > "module_test_demo.list"
   text	   data	    bss	    dec	    hex	filename
  11832	     24	   1936	  13792	   35e0	module_test_demo.elf
Finished building: default.size.stdout
 
Finished building: module_test_demo.list
 
22:44:00 **** Incremental Build of configuration Debug for project module_test_demo ****
make -j8 all 
arm-none-eabi-gcc "../Core/Src/main.c" -mcpu=cortex-m3 -std=gnu11 -g3 -DDEBUG -DUSE_HAL_DRIVER -DSTM32F103xB -c -I../Core/Inc -I../Drivers/STM32F1xx_HAL_Driver/Inc/Legacy -I../Drivers/STM32F1xx_HAL_Driver/Inc -I../Drivers/CMSIS/Device/ST/STM32F1xx/Include -I../Drivers/CMSIS/Include -O0 -ffunction-sections -fdata-sections -Wall -fstack-usage -MMD -MP -MF"Core/Src/main.d" -MT"Core/Src/main.o" --specs=nano.specs -mfloat-abi=soft -mthumb -o "Core/Src/main.o"
arm-none-eabi-gcc "../Core/Src/stm32f1xx_it.c" -mcpu=cortex-m3 -std=gnu11 -g3 -DDEBUG -DUSE_HAL_DRIVER -DSTM32F103xB -c -I../Core/Inc -I../Drivers/STM32F1xx_HAL_Driver/Inc/Legacy -I../Drivers/STM32F1xx_HAL_Driver/Inc -I../Drivers/CMSIS/Device/ST/STM32F1xx/Include -I../Drivers/CMSIS/Include -O0 -ffunction-sections -fdata-sections -Wall -fstack-usage -MMD -MP -MF"Core/Src/stm32f1xx_it.d" -MT"Core/Src/stm32f1xx_it.o" --specs=nano.specs -mfloat-abi=soft -mthumb -o "Core/Src/stm32f1xx_it.o"
../Core/Src/stm32f1xx_it.c: In function 'TIM4_IRQHandler':
../Core/Src/stm32f1xx_it.c:354:11: warning: unused variable 'delta_t' [-Wunused-variable]
  354 |  uint32_t delta_t = 1099;
      |           ^~~~~~~
arm-none-eabi-g++ -o "module_test_demo.elf" @"objects.list"   -mcpu=cortex-m3 -T"C:\Users\isikemir\Desktop\Courses\EE493\Github_Repo\Engineering-Design\03-Software\0-Firmware\module_test_demo\STM32F103C8TX_FLASH.ld" --specs=nosys.specs -Wl,-Map="module_test_demo.map" -Wl,--gc-sections -static --specs=nano.specs -mfloat-abi=soft -mthumb -Wl,--start-group -lc -lm -lstdc++ -lsupc++ -Wl,--end-group
Finished building target: module_test_demo.elf
 
arm-none-eabi-size   module_test_demo.elf 
arm-none-eabi-objdump -h -S  module_test_demo.elf  > "module_test_demo.list"
   text	   data	    bss	    dec	    hex	filename
  11832	     24	   1936	  13792	   35e0	module_test_demo.elf
Finished building: default.size.stdout
 
Finished building: module_test_demo.list
 
22:46:17 **** Incremental Build of configuration Debug for project module_test_demo ****
make -j8 all 
arm-none-eabi-size   module_test_demo.elf 
   text	   data	    bss	    dec	    hex	filename
  11832	     24	   1936	  13792	   35e0	module_test_demo.elf
Finished building: default.size.stdout
 
