01:59:39 **** Incremental Build of configuration Debug for project module_test_demo ****
make -j8 all 
arm-none-eabi-gcc "../Core/Src/main.c" -mcpu=cortex-m3 -std=gnu11 -g3 -DDEBUG -DUSE_HAL_DRIVER -DSTM32F103xB -c -I../Core/Inc -I../Drivers/STM32F1xx_HAL_Driver/Inc/Legacy -I../Drivers/STM32F1xx_HAL_Driver/Inc -I../Drivers/CMSIS/Device/ST/STM32F1xx/Include -I../Drivers/CMSIS/Include -O0 -ffunction-sections -fdata-sections -Wall -fstack-usage -MMD -MP -MF"Core/Src/main.d" -MT"Core/Src/main.o" --specs=nano.specs -mfloat-abi=soft -mthumb -o "Core/Src/main.o"
../Core/Src/main.c:90:1: warning: data definition has no type or storage class
   90 | enable_2DOF = 0;
      | ^~~~~~~~~~~
../Core/Src/main.c:90:1: warning: type defaults to 'int' in declaration of 'enable_2DOF' [-Wimplicit-int]
../Core/Src/main.c:91:1: warning: data definition has no type or storage class
   91 | pos1_2DOF = 0;
      | ^~~~~~~~~
../Core/Src/main.c:91:1: warning: type defaults to 'int' in declaration of 'pos1_2DOF' [-Wimplicit-int]
../Core/Src/main.c:92:1: warning: data definition has no type or storage class
   92 | pos2_2DOF = 0;
      | ^~~~~~~~~
../Core/Src/main.c:92:1: warning: type defaults to 'int' in declaration of 'pos2_2DOF' [-Wimplicit-int]
../Core/Src/main.c:93:1: warning: data definition has no type or storage class
   93 | pos3_2DOF = 0;
      | ^~~~~~~~~
../Core/Src/main.c:93:1: warning: type defaults to 'int' in declaration of 'pos3_2DOF' [-Wimplicit-int]
arm-none-eabi-g++ -o "module_test_demo.elf" @"objects.list"   -mcpu=cortex-m3 -T"C:\Users\isikemir\Desktop\Courses\EE493\Github_Repo\Engineering-Design\03-Software\0-Firmware\module_test_demo\STM32F103C8TX_FLASH.ld" --specs=nosys.specs -Wl,-Map="module_test_demo.map" -Wl,--gc-sections -static --specs=nano.specs -mfloat-abi=soft -mthumb -Wl,--start-group -lc -lm -lstdc++ -lsupc++ -Wl,--end-group
Finished building target: module_test_demo.elf
 
arm-none-eabi-size   module_test_demo.elf 
arm-none-eabi-objdump -h -S  module_test_demo.elf  > "module_test_demo.list"
   text	   data	    bss	    dec	    hex	filename
  16140	     36	   2028	  18204	   471c	module_test_demo.elf
Finished building: default.size.stdout
 
Finished building: module_test_demo.list
 
02:12:53 **** Incremental Build of configuration Debug for project module_test_demo ****
make -j8 all 
arm-none-eabi-size   module_test_demo.elf 
   text	   data	    bss	    dec	    hex	filename
  16140	     36	   2028	  18204	   471c	module_test_demo.elf
Finished building: default.size.stdout
 
02:16:27 **** Incremental Build of configuration Debug for project module_test_demo ****
make -j8 all 
arm-none-eabi-size   module_test_demo.elf 
   text	   data	    bss	    dec	    hex	filename
  16140	     36	   2028	  18204	   471c	module_test_demo.elf
Finished building: default.size.stdout
 
02:16:51 **** Incremental Build of configuration Debug for project module_test_demo ****
make -j8 all 
arm-none-eabi-size   module_test_demo.elf 
   text	   data	    bss	    dec	    hex	filename
  16140	     36	   2028	  18204	   471c	module_test_demo.elf
Finished building: default.size.stdout
 
02:17:15 **** Incremental Build of configuration Debug for project module_test_demo ****
make -j8 all 
arm-none-eabi-size   module_test_demo.elf 
   text	   data	    bss	    dec	    hex	filename
  16140	     36	   2028	  18204	   471c	module_test_demo.elf
Finished building: default.size.stdout
 
02:19:12 **** Incremental Build of configuration Debug for project module_test_demo ****
make -j8 all 
arm-none-eabi-size   module_test_demo.elf 
   text	   data	    bss	    dec	    hex	filename
  16140	     36	   2028	  18204	   471c	module_test_demo.elf
Finished building: default.size.stdout
 
