03:52:22 **** Incremental Build of configuration Debug for project module_test_demo ****
make -j8 all 
arm-none-eabi-gcc "../Core/Src/stm32f1xx_it.c" -mcpu=cortex-m3 -std=gnu11 -g3 -DDEBUG -DUSE_HAL_DRIVER -DSTM32F103xB -c -I../Core/Inc -I../Drivers/STM32F1xx_HAL_Driver/Inc/Legacy -I../Drivers/STM32F1xx_HAL_Driver/Inc -I../Drivers/CMSIS/Device/ST/STM32F1xx/Include -I../Drivers/CMSIS/Include -O0 -ffunction-sections -fdata-sections -Wall -fstack-usage -MMD -MP -MF"Core/Src/stm32f1xx_it.d" -MT"Core/Src/stm32f1xx_it.o" --specs=nano.specs -mfloat-abi=soft -mthumb -o "Core/Src/stm32f1xx_it.o"
arm-none-eabi-g++ -o "module_test_demo.elf" @"objects.list"   -mcpu=cortex-m3 -T"C:\Users\isikemir\Desktop\Courses\EE493\Github_Repo\Engineering-Design\03-Software\0-Firmware\module_test_demo\STM32F103C8TX_FLASH.ld" --specs=nosys.specs -Wl,-Map="module_test_demo.map" -Wl,--gc-sections -static --specs=nano.specs -mfloat-abi=soft -mthumb -Wl,--start-group -lc -lm -lstdc++ -lsupc++ -Wl,--end-group
Finished building target: module_test_demo.elf
 
arm-none-eabi-size   module_test_demo.elf 
arm-none-eabi-objdump -h -S  module_test_demo.elf  > "module_test_demo.list"
   text	   data	    bss	    dec	    hex	filename
  16032	     36	   2012	  18080	   46a0	module_test_demo.elf
Finished building: default.size.stdout
 
Finished building: module_test_demo.list
 

03:52:22 Build Finished. 0 errors, 0 warnings. (took 715ms)

